[1.096s] DEBUG:colcon:Command line arguments: ['/usr/bin/colcon', 'build', '--packages-select', 'nav2_behavior', '--symlink-install']
[1.096s] DEBUG:colcon:Parsed command line arguments: Namespace(log_base=None, log_level=None, verb_name='build', build_base='build', install_base='install', merge_install=False, symlink_install=True, test_result_base=None, continue_on_error=False, executor='parallel', parallel_workers=12, event_handlers=None, ignore_user_meta=False, metas=['./colcon.meta'], base_paths=['.'], packages_ignore=None, packages_ignore_regex=None, paths=None, packages_up_to=None, packages_up_to_regex=None, packages_above=None, packages_above_and_dependencies=None, packages_above_depth=None, packages_select_by_dep=None, packages_skip_by_dep=None, packages_skip_up_to=None, packages_select_build_failed=False, packages_skip_build_finished=False, packages_select_test_failures=False, packages_skip_test_passed=False, packages_select=['nav2_behavior'], packages_skip=None, packages_select_regex=None, packages_skip_regex=None, packages_start=None, packages_end=None, allow_overriding=[], cmake_args=None, cmake_target=None, cmake_target_skip_unavailable=False, cmake_clean_cache=False, cmake_clean_first=False, cmake_force_configure=False, ament_cmake_args=None, catkin_cmake_args=None, catkin_skip_building_tests=False, mixin_files=None, mixin=None, verb_parser=<colcon_mixin.mixin.mixin_argument.MixinArgumentDecorator object at 0x7cc055faf1a0>, verb_extension=<colcon_core.verb.build.BuildVerb object at 0x7cc055faeea0>, main=<bound method BuildVerb.main of <colcon_core.verb.build.BuildVerb object at 0x7cc055faeea0>>, mixin_verb=('build',))
[1.649s] Level 1:colcon.colcon_core.package_discovery:discover_packages(colcon_meta) check parameters
[1.649s] Level 1:colcon.colcon_core.package_discovery:discover_packages(recursive) check parameters
[1.649s] Level 1:colcon.colcon_core.package_discovery:discover_packages(ignore) check parameters
[1.650s] Level 1:colcon.colcon_core.package_discovery:discover_packages(path) check parameters
[1.650s] Level 1:colcon.colcon_core.package_discovery:discover_packages(colcon_meta) discover
[1.650s] Level 1:colcon.colcon_core.package_discovery:discover_packages(recursive) discover
[1.650s] INFO:colcon.colcon_core.package_discovery:Crawling recursively for packages in '/home/csilab/yolo_ws'
[1.651s] Level 1:colcon.colcon_core.package_identification:_identify(.) by extensions ['ignore', 'ignore_ament_install']
[1.651s] Level 1:colcon.colcon_core.package_identification:_identify(.) by extension 'ignore'
[1.652s] Level 1:colcon.colcon_core.package_identification:_identify(.) by extension 'ignore_ament_install'
[1.652s] Level 1:colcon.colcon_core.package_identification:_identify(.) by extensions ['colcon_pkg']
[1.653s] Level 1:colcon.colcon_core.package_identification:_identify(.) by extension 'colcon_pkg'
[1.653s] Level 1:colcon.colcon_core.package_identification:_identify(.) by extensions ['colcon_meta']
[1.653s] Level 1:colcon.colcon_core.package_identification:_identify(.) by extension 'colcon_meta'
[1.653s] Level 1:colcon.colcon_core.package_identification:_identify(.) by extensions ['ros']
[1.658s] Level 1:colcon.colcon_core.package_identification:_identify(.) by extension 'ros'
[2.140s] Level 1:colcon.colcon_core.package_identification:_identify(.) by extensions ['cmake', 'python']
[2.140s] Level 1:colcon.colcon_core.package_identification:_identify(.) by extension 'cmake'
[2.143s] Level 1:colcon.colcon_core.package_identification:_identify(.) by extension 'python'
[2.143s] Level 1:colcon.colcon_core.package_identification:_identify(.) by extensions ['python_setup_py']
[2.143s] Level 1:colcon.colcon_core.package_identification:_identify(.) by extension 'python_setup_py'
[2.144s] Level 1:colcon.colcon_core.package_identification:_identify(build) by extensions ['ignore', 'ignore_ament_install']
[2.145s] Level 1:colcon.colcon_core.package_identification:_identify(build) by extension 'ignore'
[2.145s] Level 1:colcon.colcon_core.package_identification:_identify(build) ignored
[2.146s] Level 1:colcon.colcon_core.package_identification:_identify(install) by extensions ['ignore', 'ignore_ament_install']
[2.146s] Level 1:colcon.colcon_core.package_identification:_identify(install) by extension 'ignore'
[2.147s] Level 1:colcon.colcon_core.package_identification:_identify(install) ignored
[2.148s] Level 1:colcon.colcon_core.package_identification:_identify(log) by extensions ['ignore', 'ignore_ament_install']
[2.148s] Level 1:colcon.colcon_core.package_identification:_identify(log) by extension 'ignore'
[2.149s] Level 1:colcon.colcon_core.package_identification:_identify(log) ignored
[2.149s] Level 1:colcon.colcon_core.package_identification:_identify(src) by extensions ['ignore', 'ignore_ament_install']
[2.150s] Level 1:colcon.colcon_core.package_identification:_identify(src) by extension 'ignore'
[2.151s] Level 1:colcon.colcon_core.package_identification:_identify(src) by extension 'ignore_ament_install'
[2.151s] Level 1:colcon.colcon_core.package_identification:_identify(src) by extensions ['colcon_pkg']
[2.151s] Level 1:colcon.colcon_core.package_identification:_identify(src) by extension 'colcon_pkg'
[2.152s] Level 1:colcon.colcon_core.package_identification:_identify(src) by extensions ['colcon_meta']
[2.152s] Level 1:colcon.colcon_core.package_identification:_identify(src) by extension 'colcon_meta'
[2.152s] Level 1:colcon.colcon_core.package_identification:_identify(src) by extensions ['ros']
[2.153s] Level 1:colcon.colcon_core.package_identification:_identify(src) by extension 'ros'
[2.153s] Level 1:colcon.colcon_core.package_identification:_identify(src) by extensions ['cmake', 'python']
[2.153s] Level 1:colcon.colcon_core.package_identification:_identify(src) by extension 'cmake'
[2.154s] Level 1:colcon.colcon_core.package_identification:_identify(src) by extension 'python'
[2.154s] Level 1:colcon.colcon_core.package_identification:_identify(src) by extensions ['python_setup_py']
[2.154s] Level 1:colcon.colcon_core.package_identification:_identify(src) by extension 'python_setup_py'
[2.154s] Level 1:colcon.colcon_core.package_identification:_identify(src/bottle_behavior) by extensions ['ignore', 'ignore_ament_install']
[2.155s] Level 1:colcon.colcon_core.package_identification:_identify(src/bottle_behavior) by extension 'ignore'
[2.155s] Level 1:colcon.colcon_core.package_identification:_identify(src/bottle_behavior) by extension 'ignore_ament_install'
[2.156s] Level 1:colcon.colcon_core.package_identification:_identify(src/bottle_behavior) by extensions ['colcon_pkg']
[2.156s] Level 1:colcon.colcon_core.package_identification:_identify(src/bottle_behavior) by extension 'colcon_pkg'
[2.156s] Level 1:colcon.colcon_core.package_identification:_identify(src/bottle_behavior) by extensions ['colcon_meta']
[2.156s] Level 1:colcon.colcon_core.package_identification:_identify(src/bottle_behavior) by extension 'colcon_meta'
[2.157s] Level 1:colcon.colcon_core.package_identification:_identify(src/bottle_behavior) by extensions ['ros']
[2.157s] Level 1:colcon.colcon_core.package_identification:_identify(src/bottle_behavior) by extension 'ros'
[2.178s] DEBUG:colcon.colcon_core.package_identification:Package 'src/bottle_behavior' with type 'ros.ament_python' and name 'bottle_behavior'
[2.179s] Level 1:colcon.colcon_core.package_identification:_identify(src/nav2_behavior) by extensions ['ignore', 'ignore_ament_install']
[2.179s] Level 1:colcon.colcon_core.package_identification:_identify(src/nav2_behavior) by extension 'ignore'
[2.179s] Level 1:colcon.colcon_core.package_identification:_identify(src/nav2_behavior) by extension 'ignore_ament_install'
[2.179s] Level 1:colcon.colcon_core.package_identification:_identify(src/nav2_behavior) by extensions ['colcon_pkg']
[2.180s] Level 1:colcon.colcon_core.package_identification:_identify(src/nav2_behavior) by extension 'colcon_pkg'
[2.180s] Level 1:colcon.colcon_core.package_identification:_identify(src/nav2_behavior) by extensions ['colcon_meta']
[2.180s] Level 1:colcon.colcon_core.package_identification:_identify(src/nav2_behavior) by extension 'colcon_meta'
[2.181s] Level 1:colcon.colcon_core.package_identification:_identify(src/nav2_behavior) by extensions ['ros']
[2.181s] Level 1:colcon.colcon_core.package_identification:_identify(src/nav2_behavior) by extension 'ros'
[2.195s] DEBUG:colcon.colcon_core.package_identification:Package 'src/nav2_behavior' with type 'ros.ament_python' and name 'nav2_behavior'
[2.196s] Level 1:colcon.colcon_core.package_identification:_identify(src/yolo_behavior) by extensions ['ignore', 'ignore_ament_install']
[2.196s] Level 1:colcon.colcon_core.package_identification:_identify(src/yolo_behavior) by extension 'ignore'
[2.197s] Level 1:colcon.colcon_core.package_identification:_identify(src/yolo_behavior) by extension 'ignore_ament_install'
[2.197s] Level 1:colcon.colcon_core.package_identification:_identify(src/yolo_behavior) by extensions ['colcon_pkg']
[2.197s] Level 1:colcon.colcon_core.package_identification:_identify(src/yolo_behavior) by extension 'colcon_pkg'
[2.198s] Level 1:colcon.colcon_core.package_identification:_identify(src/yolo_behavior) by extensions ['colcon_meta']
[2.198s] Level 1:colcon.colcon_core.package_identification:_identify(src/yolo_behavior) by extension 'colcon_meta'
[2.198s] Level 1:colcon.colcon_core.package_identification:_identify(src/yolo_behavior) by extensions ['ros']
[2.199s] Level 1:colcon.colcon_core.package_identification:_identify(src/yolo_behavior) by extension 'ros'
[2.205s] DEBUG:colcon.colcon_core.package_identification:Package 'src/yolo_behavior' with type 'ros.ament_python' and name 'yolo_behavior'
[2.207s] Level 1:colcon.colcon_core.package_identification:_identify(src/yolo_ros) by extensions ['ignore', 'ignore_ament_install']
[2.208s] Level 1:colcon.colcon_core.package_identification:_identify(src/yolo_ros) by extension 'ignore'
[2.208s] Level 1:colcon.colcon_core.package_identification:_identify(src/yolo_ros) by extension 'ignore_ament_install'
[2.209s] Level 1:colcon.colcon_core.package_identification:_identify(src/yolo_ros) by extensions ['colcon_pkg']
[2.209s] Level 1:colcon.colcon_core.package_identification:_identify(src/yolo_ros) by extension 'colcon_pkg'
[2.209s] Level 1:colcon.colcon_core.package_identification:_identify(src/yolo_ros) by extensions ['colcon_meta']
[2.210s] Level 1:colcon.colcon_core.package_identification:_identify(src/yolo_ros) by extension 'colcon_meta'
[2.210s] Level 1:colcon.colcon_core.package_identification:_identify(src/yolo_ros) by extensions ['ros']
[2.211s] Level 1:colcon.colcon_core.package_identification:_identify(src/yolo_ros) by extension 'ros'
[2.213s] Level 1:colcon.colcon_core.package_identification:_identify(src/yolo_ros) by extensions ['cmake', 'python']
[2.213s] Level 1:colcon.colcon_core.package_identification:_identify(src/yolo_ros) by extension 'cmake'
[2.213s] Level 1:colcon.colcon_core.package_identification:_identify(src/yolo_ros) by extension 'python'
[2.214s] Level 1:colcon.colcon_core.package_identification:_identify(src/yolo_ros) by extensions ['python_setup_py']
[2.214s] Level 1:colcon.colcon_core.package_identification:_identify(src/yolo_ros) by extension 'python_setup_py'
[2.216s] Level 1:colcon.colcon_core.package_identification:_identify(src/yolo_ros/docs) by extensions ['ignore', 'ignore_ament_install']
[2.217s] Level 1:colcon.colcon_core.package_identification:_identify(src/yolo_ros/docs) by extension 'ignore'
[2.217s] Level 1:colcon.colcon_core.package_identification:_identify(src/yolo_ros/docs) by extension 'ignore_ament_install'
[2.218s] Level 1:colcon.colcon_core.package_identification:_identify(src/yolo_ros/docs) by extensions ['colcon_pkg']
[2.218s] Level 1:colcon.colcon_core.package_identification:_identify(src/yolo_ros/docs) by extension 'colcon_pkg'
[2.218s] Level 1:colcon.colcon_core.package_identification:_identify(src/yolo_ros/docs) by extensions ['colcon_meta']
[2.219s] Level 1:colcon.colcon_core.package_identification:_identify(src/yolo_ros/docs) by extension 'colcon_meta'
[2.219s] Level 1:colcon.colcon_core.package_identification:_identify(src/yolo_ros/docs) by extensions ['ros']
[2.219s] Level 1:colcon.colcon_core.package_identification:_identify(src/yolo_ros/docs) by extension 'ros'
[2.221s] Level 1:colcon.colcon_core.package_identification:_identify(src/yolo_ros/docs) by extensions ['cmake', 'python']
[2.222s] Level 1:colcon.colcon_core.package_identification:_identify(src/yolo_ros/docs) by extension 'cmake'
[2.222s] Level 1:colcon.colcon_core.package_identification:_identify(src/yolo_ros/docs) by extension 'python'
[2.223s] Level 1:colcon.colcon_core.package_identification:_identify(src/yolo_ros/docs) by extensions ['python_setup_py']
[2.223s] Level 1:colcon.colcon_core.package_identification:_identify(src/yolo_ros/docs) by extension 'python_setup_py'
[2.224s] Level 1:colcon.colcon_core.package_identification:_identify(src/yolo_ros/yolo_bringup) by extensions ['ignore', 'ignore_ament_install']
[2.224s] Level 1:colcon.colcon_core.package_identification:_identify(src/yolo_ros/yolo_bringup) by extension 'ignore'
[2.226s] Level 1:colcon.colcon_core.package_identification:_identify(src/yolo_ros/yolo_bringup) by extension 'ignore_ament_install'
[2.226s] Level 1:colcon.colcon_core.package_identification:_identify(src/yolo_ros/yolo_bringup) by extensions ['colcon_pkg']
[2.226s] Level 1:colcon.colcon_core.package_identification:_identify(src/yolo_ros/yolo_bringup) by extension 'colcon_pkg'
[2.226s] Level 1:colcon.colcon_core.package_identification:_identify(src/yolo_ros/yolo_bringup) by extensions ['colcon_meta']
[2.227s] Level 1:colcon.colcon_core.package_identification:_identify(src/yolo_ros/yolo_bringup) by extension 'colcon_meta'
[2.227s] Level 1:colcon.colcon_core.package_identification:_identify(src/yolo_ros/yolo_bringup) by extensions ['ros']
[2.227s] Level 1:colcon.colcon_core.package_identification:_identify(src/yolo_ros/yolo_bringup) by extension 'ros'
[2.230s] DEBUG:colcon.colcon_core.package_identification:Package 'src/yolo_ros/yolo_bringup' with type 'ros.ament_cmake' and name 'yolo_bringup'
[2.230s] Level 1:colcon.colcon_core.package_identification:_identify(src/yolo_ros/yolo_msgs) by extensions ['ignore', 'ignore_ament_install']
[2.231s] Level 1:colcon.colcon_core.package_identification:_identify(src/yolo_ros/yolo_msgs) by extension 'ignore'
[2.231s] Level 1:colcon.colcon_core.package_identification:_identify(src/yolo_ros/yolo_msgs) by extension 'ignore_ament_install'
[2.232s] Level 1:colcon.colcon_core.package_identification:_identify(src/yolo_ros/yolo_msgs) by extensions ['colcon_pkg']
[2.232s] Level 1:colcon.colcon_core.package_identification:_identify(src/yolo_ros/yolo_msgs) by extension 'colcon_pkg'
[2.232s] Level 1:colcon.colcon_core.package_identification:_identify(src/yolo_ros/yolo_msgs) by extensions ['colcon_meta']
[2.232s] Level 1:colcon.colcon_core.package_identification:_identify(src/yolo_ros/yolo_msgs) by extension 'colcon_meta'
[2.233s] Level 1:colcon.colcon_core.package_identification:_identify(src/yolo_ros/yolo_msgs) by extensions ['ros']
[2.233s] Level 1:colcon.colcon_core.package_identification:_identify(src/yolo_ros/yolo_msgs) by extension 'ros'
[2.235s] DEBUG:colcon.colcon_core.package_identification:Package 'src/yolo_ros/yolo_msgs' with type 'ros.ament_cmake' and name 'yolo_msgs'
[2.235s] Level 1:colcon.colcon_core.package_identification:_identify(src/yolo_ros/yolo_ros) by extensions ['ignore', 'ignore_ament_install']
[2.235s] Level 1:colcon.colcon_core.package_identification:_identify(src/yolo_ros/yolo_ros) by extension 'ignore'
[2.236s] Level 1:colcon.colcon_core.package_identification:_identify(src/yolo_ros/yolo_ros) by extension 'ignore_ament_install'
[2.236s] Level 1:colcon.colcon_core.package_identification:_identify(src/yolo_ros/yolo_ros) by extensions ['colcon_pkg']
[2.236s] Level 1:colcon.colcon_core.package_identification:_identify(src/yolo_ros/yolo_ros) by extension 'colcon_pkg'
[2.236s] Level 1:colcon.colcon_core.package_identification:_identify(src/yolo_ros/yolo_ros) by extensions ['colcon_meta']
[2.236s] Level 1:colcon.colcon_core.package_identification:_identify(src/yolo_ros/yolo_ros) by extension 'colcon_meta'
[2.237s] Level 1:colcon.colcon_core.package_identification:_identify(src/yolo_ros/yolo_ros) by extensions ['ros']
[2.237s] Level 1:colcon.colcon_core.package_identification:_identify(src/yolo_ros/yolo_ros) by extension 'ros'
[2.247s] DEBUG:colcon.colcon_core.package_identification:Package 'src/yolo_ros/yolo_ros' with type 'ros.ament_python' and name 'yolo_ros'
[2.247s] Level 1:colcon.colcon_core.package_discovery:discover_packages(recursive) using defaults
[2.247s] Level 1:colcon.colcon_core.package_discovery:discover_packages(ignore) discover
[2.247s] Level 1:colcon.colcon_core.package_discovery:discover_packages(ignore) using defaults
[2.248s] Level 1:colcon.colcon_core.package_discovery:discover_packages(path) discover
[2.248s] Level 1:colcon.colcon_core.package_discovery:discover_packages(path) using defaults
[2.489s] INFO:colcon.colcon_core.package_selection:Skipping not selected package 'yolo_behavior' in 'src/yolo_behavior'
[2.489s] INFO:colcon.colcon_core.package_selection:Skipping not selected package 'yolo_msgs' in 'src/yolo_ros/yolo_msgs'
[2.489s] INFO:colcon.colcon_core.package_selection:Skipping not selected package 'bottle_behavior' in 'src/bottle_behavior'
[2.490s] INFO:colcon.colcon_core.package_selection:Skipping not selected package 'yolo_ros' in 'src/yolo_ros/yolo_ros'
[2.490s] INFO:colcon.colcon_core.package_selection:Skipping not selected package 'yolo_bringup' in 'src/yolo_ros/yolo_bringup'
[2.495s] Level 1:colcon.colcon_core.package_discovery:discover_packages(prefix_path) check parameters
[2.495s] Level 1:colcon.colcon_core.package_discovery:discover_packages(prefix_path) discover
[2.517s] DEBUG:colcon.colcon_installed_package_information.package_discovery:Found 5 installed packages in /home/csilab/yolo_ws/install
[2.522s] DEBUG:colcon.colcon_installed_package_information.package_discovery:Found 3 installed packages in /home/csilab/turtlebot3_ws/install
[2.567s] DEBUG:colcon.colcon_installed_package_information.package_discovery:Found 492 installed packages in /opt/ros/jazzy
[2.587s] Level 1:colcon.colcon_core.package_discovery:discover_packages(prefix_path) using defaults
[3.105s] Level 5:colcon.colcon_core.verb:set package 'nav2_behavior' build argument 'cmake_args' from command line to 'None'
[3.106s] Level 5:colcon.colcon_core.verb:set package 'nav2_behavior' build argument 'cmake_target' from command line to 'None'
[3.106s] Level 5:colcon.colcon_core.verb:set package 'nav2_behavior' build argument 'cmake_target_skip_unavailable' from command line to 'False'
[3.106s] Level 5:colcon.colcon_core.verb:set package 'nav2_behavior' build argument 'cmake_clean_cache' from command line to 'False'
[3.106s] Level 5:colcon.colcon_core.verb:set package 'nav2_behavior' build argument 'cmake_clean_first' from command line to 'False'
[3.106s] Level 5:colcon.colcon_core.verb:set package 'nav2_behavior' build argument 'cmake_force_configure' from command line to 'False'
[3.106s] Level 5:colcon.colcon_core.verb:set package 'nav2_behavior' build argument 'ament_cmake_args' from command line to 'None'
[3.106s] Level 5:colcon.colcon_core.verb:set package 'nav2_behavior' build argument 'catkin_cmake_args' from command line to 'None'
[3.106s] Level 5:colcon.colcon_core.verb:set package 'nav2_behavior' build argument 'catkin_skip_building_tests' from command line to 'False'
[3.106s] DEBUG:colcon.colcon_core.verb:Building package 'nav2_behavior' with the following arguments: {'ament_cmake_args': None, 'build_base': '/home/csilab/yolo_ws/build/nav2_behavior', 'catkin_cmake_args': None, 'catkin_skip_building_tests': False, 'cmake_args': None, 'cmake_clean_cache': False, 'cmake_clean_first': False, 'cmake_force_configure': False, 'cmake_target': None, 'cmake_target_skip_unavailable': False, 'install_base': '/home/csilab/yolo_ws/install/nav2_behavior', 'merge_install': False, 'path': '/home/csilab/yolo_ws/src/nav2_behavior', 'symlink_install': True, 'test_result_base': None}
[3.107s] INFO:colcon.colcon_core.executor:Executing jobs using 'parallel' executor
[3.110s] DEBUG:colcon.colcon_parallel_executor.executor.parallel:run_until_complete
[3.111s] INFO:colcon.colcon_ros.task.ament_python.build:Building ROS package in '/home/csilab/yolo_ws/src/nav2_behavior' with build type 'ament_python'
[3.112s] Level 1:colcon.colcon_core.shell:create_environment_hook('nav2_behavior', 'ament_prefix_path')
[3.137s] INFO:colcon.colcon_core.plugin_system:Skipping extension 'colcon_core.shell.bat': Not used on non-Windows systems
[3.138s] INFO:colcon.colcon_core.shell:Creating environment hook '/home/csilab/yolo_ws/install/nav2_behavior/share/nav2_behavior/hook/ament_prefix_path.ps1'
[3.142s] INFO:colcon.colcon_core.shell:Creating environment descriptor '/home/csilab/yolo_ws/install/nav2_behavior/share/nav2_behavior/hook/ament_prefix_path.dsv'
[3.144s] INFO:colcon.colcon_core.shell:Creating environment hook '/home/csilab/yolo_ws/install/nav2_behavior/share/nav2_behavior/hook/ament_prefix_path.sh'
[3.149s] INFO:colcon.colcon_core.shell:Skip shell extension 'powershell' for command environment: Not usable outside of PowerShell
[3.150s] DEBUG:colcon.colcon_core.shell:Skip shell extension 'dsv' for command environment
[4.876s] INFO:colcon.colcon_core.task.python.build:Building Python package in '/home/csilab/yolo_ws/src/nav2_behavior'
[4.877s] INFO:colcon.colcon_core.shell:Skip shell extension 'powershell' for command environment: Not usable outside of PowerShell
[4.877s] DEBUG:colcon.colcon_core.shell:Skip shell extension 'dsv' for command environment
[9.471s] DEBUG:colcon.colcon_core.task.python.build:Available setuptools commands: bdist_rpm, register, build_scripts, alias, develop, egg_info, init_catalog, install_lib, build_py, check, easy_install, sdist, install_scripts, dist_info, editable_wheel, upload, build_ext, clean, update_catalog, saveopts, rotate, bdist_egg, test, extract_messages, symlink_data, compile_catalog, bdist_dumb, setopt, build_clib, upload_docs, build, install_egg_info, install, install_data, bdist, install_headers
[12.230s] DEBUG:colcon.colcon_core.task.python.build:Available setuptools 'develop' options: --always-copy, --always-unzip, --install-dir, --uninstall, --verbose, --local-snapshots-ok, --record, --allow-hosts, --find-links, --no-user-cfg, --egg-path, --force-installation-into-system-dir, --quiet, --no-deps, --help, --install-layout, --upgrade, --multi-version, --optimize, --script-dir, --build-directory, --user, --editable, --zip-ok, --dry-run, --no-find-links, --prefix, --index-url, --exclude-scripts, --version, --site-dirs
[12.251s] DEBUG:colcon.colcon_core.event_handler.log_command:Invoking command in '/home/csilab/yolo_ws/build/nav2_behavior': CMAKE_PREFIX_PATH=/home/csilab/yolo_ws/install/yolo_msgs:/home/csilab/yolo_ws/install/yolo_bringup:/home/csilab/turtlebot3_ws/install/dynamixel_sdk_examples:/home/csilab/turtlebot3_ws/install/dynamixel_sdk_custom_interfaces:/home/csilab/turtlebot3_ws/install/dynamixel_sdk:/opt/ros/jazzy/opt/gz_sim_vendor:/opt/ros/jazzy/opt/gz_sensors_vendor:/opt/ros/jazzy/opt/gz_physics_vendor:/opt/ros/jazzy/opt/sdformat_vendor:/opt/ros/jazzy/opt/gz_gui_vendor:/opt/ros/jazzy/opt/gz_transport_vendor:/opt/ros/jazzy/opt/gz_rendering_vendor:/opt/ros/jazzy/opt/gz_plugin_vendor:/opt/ros/jazzy/opt/gz_fuel_tools_vendor:/opt/ros/jazzy/opt/gz_msgs_vendor:/opt/ros/jazzy/opt/gz_common_vendor:/opt/ros/jazzy/opt/gz_math_vendor:/opt/ros/jazzy/opt/gz_utils_vendor:/opt/ros/jazzy/opt/gz_tools_vendor:/opt/ros/jazzy/opt/gz_ogre_next_vendor:/opt/ros/jazzy/opt/gz_dartsim_vendor:/opt/ros/jazzy/opt/gz_cmake_vendor DEBUGINFOD_URLS=https://debuginfod.ubuntu.com PYTHONPATH=/home/csilab/yolo_ws/build/nav2_behavior/prefix_override:/usr/lib/python3/dist-packages/colcon_core/task/python/colcon_distutils_commands:/home/csilab/yolo_ws/install/nav2_behavior/lib/python3.12/site-packages:/home/csilab/yolo_ws/install/yolo_msgs/lib/python3.12/site-packages:/home/csilab/yolo_ws/build/yolo_ros:/home/csilab/yolo_ws/install/yolo_ros/lib/python3.12/site-packages:/home/csilab/yolo_ws/build/nav2_behavior:/home/csilab/yolo_ws/install/nav2_behavior/lib/python3.12/site-packages:/home/csilab/yolo_ws/build/bottle_behavior:/home/csilab/yolo_ws/install/bottle_behavior/lib/python3.12/site-packages:/home/csilab/turtlebot3_ws/install/dynamixel_sdk_custom_interfaces/lib/python3.12/site-packages:/home/csilab/turtlebot3_ws/install/dynamixel_sdk/lib/python3.12/site-packages:/opt/ros/jazzy/lib/python3.12/site-packages /usr/bin/python3 -W ignore:setup.py install is deprecated -W ignore:easy_install command is deprecated setup.py develop --editable --build-directory /home/csilab/yolo_ws/build/nav2_behavior/build --no-deps symlink_data
[17.065s] Level 1:colcon.colcon_core.shell:create_environment_hook('nav2_behavior', 'pythonpath_develop')
[17.067s] INFO:colcon.colcon_core.shell:Creating environment hook '/home/csilab/yolo_ws/build/nav2_behavior/share/nav2_behavior/hook/pythonpath_develop.ps1'
[17.069s] DEBUG:colcon.colcon_core.event_handler.log_command:Invoked command in '/home/csilab/yolo_ws/build/nav2_behavior' returned '0': CMAKE_PREFIX_PATH=/home/csilab/yolo_ws/install/yolo_msgs:/home/csilab/yolo_ws/install/yolo_bringup:/home/csilab/turtlebot3_ws/install/dynamixel_sdk_examples:/home/csilab/turtlebot3_ws/install/dynamixel_sdk_custom_interfaces:/home/csilab/turtlebot3_ws/install/dynamixel_sdk:/opt/ros/jazzy/opt/gz_sim_vendor:/opt/ros/jazzy/opt/gz_sensors_vendor:/opt/ros/jazzy/opt/gz_physics_vendor:/opt/ros/jazzy/opt/sdformat_vendor:/opt/ros/jazzy/opt/gz_gui_vendor:/opt/ros/jazzy/opt/gz_transport_vendor:/opt/ros/jazzy/opt/gz_rendering_vendor:/opt/ros/jazzy/opt/gz_plugin_vendor:/opt/ros/jazzy/opt/gz_fuel_tools_vendor:/opt/ros/jazzy/opt/gz_msgs_vendor:/opt/ros/jazzy/opt/gz_common_vendor:/opt/ros/jazzy/opt/gz_math_vendor:/opt/ros/jazzy/opt/gz_utils_vendor:/opt/ros/jazzy/opt/gz_tools_vendor:/opt/ros/jazzy/opt/gz_ogre_next_vendor:/opt/ros/jazzy/opt/gz_dartsim_vendor:/opt/ros/jazzy/opt/gz_cmake_vendor DEBUGINFOD_URLS=https://debuginfod.ubuntu.com PYTHONPATH=/home/csilab/yolo_ws/build/nav2_behavior/prefix_override:/usr/lib/python3/dist-packages/colcon_core/task/python/colcon_distutils_commands:/home/csilab/yolo_ws/install/nav2_behavior/lib/python3.12/site-packages:/home/csilab/yolo_ws/install/yolo_msgs/lib/python3.12/site-packages:/home/csilab/yolo_ws/build/yolo_ros:/home/csilab/yolo_ws/install/yolo_ros/lib/python3.12/site-packages:/home/csilab/yolo_ws/build/nav2_behavior:/home/csilab/yolo_ws/install/nav2_behavior/lib/python3.12/site-packages:/home/csilab/yolo_ws/build/bottle_behavior:/home/csilab/yolo_ws/install/bottle_behavior/lib/python3.12/site-packages:/home/csilab/turtlebot3_ws/install/dynamixel_sdk_custom_interfaces/lib/python3.12/site-packages:/home/csilab/turtlebot3_ws/install/dynamixel_sdk/lib/python3.12/site-packages:/opt/ros/jazzy/lib/python3.12/site-packages /usr/bin/python3 -W ignore:setup.py install is deprecated -W ignore:easy_install command is deprecated setup.py develop --editable --build-directory /home/csilab/yolo_ws/build/nav2_behavior/build --no-deps symlink_data
[17.070s] INFO:colcon.colcon_core.shell:Creating environment descriptor '/home/csilab/yolo_ws/build/nav2_behavior/share/nav2_behavior/hook/pythonpath_develop.dsv'
[17.072s] INFO:colcon.colcon_core.shell:Creating environment hook '/home/csilab/yolo_ws/build/nav2_behavior/share/nav2_behavior/hook/pythonpath_develop.sh'
[17.085s] Level 1:colcon.colcon_core.environment:checking '/home/csilab/yolo_ws/install/nav2_behavior' for CMake module files
[17.088s] Level 1:colcon.colcon_core.environment:checking '/home/csilab/yolo_ws/install/nav2_behavior' for CMake config files
[17.090s] Level 1:colcon.colcon_core.environment:checking '/home/csilab/yolo_ws/install/nav2_behavior/lib'
[17.091s] Level 1:colcon.colcon_core.environment:checking '/home/csilab/yolo_ws/install/nav2_behavior/bin'
[17.091s] Level 1:colcon.colcon_core.environment:checking '/home/csilab/yolo_ws/install/nav2_behavior/lib/pkgconfig/nav2_behavior.pc'
[17.093s] Level 1:colcon.colcon_core.environment:checking '/home/csilab/yolo_ws/install/nav2_behavior/lib/python3.12/site-packages'
[17.093s] Level 1:colcon.colcon_core.shell:create_environment_hook('nav2_behavior', 'pythonpath')
[17.094s] INFO:colcon.colcon_core.shell:Creating environment hook '/home/csilab/yolo_ws/install/nav2_behavior/share/nav2_behavior/hook/pythonpath.ps1'
[17.095s] INFO:colcon.colcon_core.shell:Creating environment descriptor '/home/csilab/yolo_ws/install/nav2_behavior/share/nav2_behavior/hook/pythonpath.dsv'
[17.097s] INFO:colcon.colcon_core.shell:Creating environment hook '/home/csilab/yolo_ws/install/nav2_behavior/share/nav2_behavior/hook/pythonpath.sh'
[17.101s] Level 1:colcon.colcon_core.environment:checking '/home/csilab/yolo_ws/install/nav2_behavior/bin'
[17.102s] Level 1:colcon.colcon_core.environment:create_environment_scripts_only(nav2_behavior)
[17.103s] INFO:colcon.colcon_core.shell:Creating package script '/home/csilab/yolo_ws/install/nav2_behavior/share/nav2_behavior/package.ps1'
[17.109s] INFO:colcon.colcon_core.shell:Creating package descriptor '/home/csilab/yolo_ws/install/nav2_behavior/share/nav2_behavior/package.dsv'
[17.112s] INFO:colcon.colcon_core.shell:Creating package script '/home/csilab/yolo_ws/install/nav2_behavior/share/nav2_behavior/package.sh'
[17.120s] INFO:colcon.colcon_core.shell:Creating package script '/home/csilab/yolo_ws/install/nav2_behavior/share/nav2_behavior/package.bash'
[17.126s] INFO:colcon.colcon_core.shell:Creating package script '/home/csilab/yolo_ws/install/nav2_behavior/share/nav2_behavior/package.zsh'
[17.129s] Level 1:colcon.colcon_core.environment:create_file_with_runtime_dependencies(/home/csilab/yolo_ws/install/nav2_behavior/share/colcon-core/packages/nav2_behavior)
[17.134s] DEBUG:colcon.colcon_parallel_executor.executor.parallel:closing loop
[17.135s] DEBUG:colcon.colcon_parallel_executor.executor.parallel:loop closed
[17.135s] DEBUG:colcon.colcon_parallel_executor.executor.parallel:run_until_complete finished with '0'
[17.136s] DEBUG:colcon.colcon_core.event_reactor:joining thread
[17.169s] INFO:colcon.colcon_core.plugin_system:Skipping extension 'colcon_notification.desktop_notification.terminal_notifier': Not used on non-Darwin systems
[17.170s] INFO:colcon.colcon_core.plugin_system:Skipping extension 'colcon_notification.desktop_notification.win32': Not used on non-Windows systems
[17.170s] INFO:colcon.colcon_notification.desktop_notification:Sending desktop notification using 'notify2'
[17.274s] DEBUG:colcon.colcon_core.event_reactor:joined thread
[17.275s] INFO:colcon.colcon_core.shell:Creating prefix script '/home/csilab/yolo_ws/install/local_setup.ps1'
[17.285s] INFO:colcon.colcon_core.shell:Creating prefix util module '/home/csilab/yolo_ws/install/_local_setup_util_ps1.py'
[17.312s] INFO:colcon.colcon_core.shell:Creating prefix chain script '/home/csilab/yolo_ws/install/setup.ps1'
[17.335s] INFO:colcon.colcon_core.shell:Creating prefix script '/home/csilab/yolo_ws/install/local_setup.sh'
[17.341s] INFO:colcon.colcon_core.shell:Creating prefix util module '/home/csilab/yolo_ws/install/_local_setup_util_sh.py'
[17.348s] INFO:colcon.colcon_core.shell:Creating prefix chain script '/home/csilab/yolo_ws/install/setup.sh'
[17.365s] INFO:colcon.colcon_core.shell:Creating prefix script '/home/csilab/yolo_ws/install/local_setup.bash'
[17.371s] INFO:colcon.colcon_core.shell:Creating prefix chain script '/home/csilab/yolo_ws/install/setup.bash'
[17.390s] INFO:colcon.colcon_core.shell:Creating prefix script '/home/csilab/yolo_ws/install/local_setup.zsh'
[17.396s] INFO:colcon.colcon_core.shell:Creating prefix chain script '/home/csilab/yolo_ws/install/setup.zsh'
