[1.039s] Invoking command in '/home/csilab/yolo_ws/build/yolo_ros': AMENT_PREFIX_PATH=/home/csilab/yolo_ws/install/yolo_msgs:${AMENT_PREFIX_PATH} CMAKE_PREFIX_PATH=/home/csilab/yolo_ws/install/yolo_msgs:${CMAKE_PREFIX_PATH} DEBUGINFOD_URLS=https://debuginfod.ubuntu.com LD_LIBRARY_PATH=/home/csilab/yolo_ws/install/yolo_msgs/lib:${LD_LIBRARY_PATH} PYTHONPATH=/home/csilab/yolo_ws/build/yolo_ros/prefix_override:/usr/lib/python3/dist-packages/colcon_core/task/python/colcon_distutils_commands:/home/csilab/yolo_ws/install/yolo_ros/lib/python3.12/site-packages:/home/csilab/yolo_ws/install/yolo_msgs/lib/python3.12/site-packages:${PYTHONPATH} /usr/bin/python3 -W ignore:setup.py install is deprecated -W ignore:easy_install command is deprecated setup.py develop --editable --build-directory /home/csilab/yolo_ws/build/yolo_ros/build --no-deps symlink_data
[1.312s] running develop
[1.496s] running egg_info
[1.496s] creating yolo_ros.egg-info
[1.513s] writing yolo_ros.egg-info/PKG-INFO
[1.514s] writing dependency_links to yolo_ros.egg-info/dependency_links.txt
[1.514s] writing entry points to yolo_ros.egg-info/entry_points.txt
[1.514s] writing requirements to yolo_ros.egg-info/requires.txt
[1.514s] writing top-level names to yolo_ros.egg-info/top_level.txt
[1.514s] writing manifest file 'yolo_ros.egg-info/SOURCES.txt'
[1.548s] reading manifest file 'yolo_ros.egg-info/SOURCES.txt'
[1.548s] writing manifest file 'yolo_ros.egg-info/SOURCES.txt'
[1.566s] running build_ext
[1.566s] Creating /home/csilab/yolo_ws/install/yolo_ros/lib/python3.12/site-packages/yolo-ros.egg-link (link to .)
[1.567s] Installing debug_node script to /home/csilab/yolo_ws/install/yolo_ros/lib/yolo_ros
[1.567s] Installing detect_3d_node script to /home/csilab/yolo_ws/install/yolo_ros/lib/yolo_ros
[1.567s] Installing tracking_node script to /home/csilab/yolo_ws/install/yolo_ros/lib/yolo_ros
[1.567s] Installing yolo_node script to /home/csilab/yolo_ws/install/yolo_ros/lib/yolo_ros
[1.568s] 
[1.568s] Installed /home/csilab/yolo_ws/build/yolo_ros
[1.568s] running symlink_data
[1.568s] creating /home/csilab/yolo_ws/install/yolo_ros/share/ament_index
[1.568s] creating /home/csilab/yolo_ws/install/yolo_ros/share/ament_index/resource_index
[1.568s] creating /home/csilab/yolo_ws/install/yolo_ros/share/ament_index/resource_index/packages
[1.568s] symbolically linking /home/csilab/yolo_ws/build/yolo_ros/resource/yolo_ros -> /home/csilab/yolo_ws/install/yolo_ros/share/ament_index/resource_index/packages
[1.568s] symbolically linking /home/csilab/yolo_ws/build/yolo_ros/package.xml -> /home/csilab/yolo_ws/install/yolo_ros/share/yolo_ros
[1.568s] symbolically linking /home/csilab/yolo_ws/build/pyproject.toml -> /home/csilab/yolo_ws/install/yolo_ros/share/yolo_ros
[1.592s] Invoked command in '/home/csilab/yolo_ws/build/yolo_ros' returned '0': AMENT_PREFIX_PATH=/home/csilab/yolo_ws/install/yolo_msgs:${AMENT_PREFIX_PATH} CMAKE_PREFIX_PATH=/home/csilab/yolo_ws/install/yolo_msgs:${CMAKE_PREFIX_PATH} DEBUGINFOD_URLS=https://debuginfod.ubuntu.com LD_LIBRARY_PATH=/home/csilab/yolo_ws/install/yolo_msgs/lib:${LD_LIBRARY_PATH} PYTHONPATH=/home/csilab/yolo_ws/build/yolo_ros/prefix_override:/usr/lib/python3/dist-packages/colcon_core/task/python/colcon_distutils_commands:/home/csilab/yolo_ws/install/yolo_ros/lib/python3.12/site-packages:/home/csilab/yolo_ws/install/yolo_msgs/lib/python3.12/site-packages:${PYTHONPATH} /usr/bin/python3 -W ignore:setup.py install is deprecated -W ignore:easy_install command is deprecated setup.py develop --editable --build-directory /home/csilab/yolo_ws/build/yolo_ros/build --no-deps symlink_data
