[1.537s] Invoking command in '/home/csilab/yolo_ws/build/nav2_behavior': DEBUGINFOD_URLS=https://debuginfod.ubuntu.com PYTHONPATH=/home/csilab/yolo_ws/build/nav2_behavior/prefix_override:/usr/lib/python3/dist-packages/colcon_core/task/python/colcon_distutils_commands:/home/csilab/yolo_ws/install/nav2_behavior/lib/python3.12/site-packages:${PYTHONPATH} /usr/bin/python3 -W ignore:setup.py install is deprecated -W ignore:easy_install command is deprecated setup.py develop --editable --build-directory /home/csilab/yolo_ws/build/nav2_behavior/build --no-deps symlink_data
[1.923s] running develop
[2.173s] running egg_info
[2.194s] writing nav2_behavior.egg-info/PKG-INFO
[2.194s] writing dependency_links to nav2_behavior.egg-info/dependency_links.txt
[2.194s] writing entry points to nav2_behavior.egg-info/entry_points.txt
[2.194s] writing requirements to nav2_behavior.egg-info/requires.txt
[2.194s] writing top-level names to nav2_behavior.egg-info/top_level.txt
[2.239s] reading manifest file 'nav2_behavior.egg-info/SOURCES.txt'
[2.240s] writing manifest file 'nav2_behavior.egg-info/SOURCES.txt'
[2.269s] running build_ext
[2.269s] Creating /home/csilab/yolo_ws/install/nav2_behavior/lib/python3.12/site-packages/nav2-behavior.egg-link (link to .)
[2.270s] Installing bottle_nav script to /home/csilab/yolo_ws/install/nav2_behavior/lib/nav2_behavior
[2.270s] Installing cup_localizer script to /home/csilab/yolo_ws/install/nav2_behavior/lib/nav2_behavior
[2.270s] Installing follow_waypoints script to /home/csilab/yolo_ws/install/nav2_behavior/lib/nav2_behavior
[2.270s] Installing go_to_pose script to /home/csilab/yolo_ws/install/nav2_behavior/lib/nav2_behavior
[2.270s] Installing yolo_reaction script to /home/csilab/yolo_ws/install/nav2_behavior/lib/nav2_behavior
[2.270s] 
[2.270s] Installed /home/csilab/yolo_ws/build/nav2_behavior
[2.270s] running symlink_data
[2.298s] Invoked command in '/home/csilab/yolo_ws/build/nav2_behavior' returned '0': DEBUGINFOD_URLS=https://debuginfod.ubuntu.com PYTHONPATH=/home/csilab/yolo_ws/build/nav2_behavior/prefix_override:/usr/lib/python3/dist-packages/colcon_core/task/python/colcon_distutils_commands:/home/csilab/yolo_ws/install/nav2_behavior/lib/python3.12/site-packages:${PYTHONPATH} /usr/bin/python3 -W ignore:setup.py install is deprecated -W ignore:easy_install command is deprecated setup.py develop --editable --build-directory /home/csilab/yolo_ws/build/nav2_behavior/build --no-deps symlink_data
