[0.012s] Invoking command in '/home/csilab/yolo_ws/build/frontier_exploration_ros2': CMAKE_PREFIX_PATH=${CMAKE_PREFIX_PATH}:/home/csilab/yolo_ws/install/yolo_ros:/home/csilab/yolo_ws/install/nav2_behavior:/home/csilab/yolo_ws/install/bottle_behavior:/opt/ros/jazzy DEBUGINFOD_URLS=https://debuginfod.ubuntu.com /usr/bin/cmake /home/csilab/yolo_ws/src/frontier_exploration_ros2 -DAMENT_CMAKE_SYMLINK_INSTALL=1 -DCMAKE_INSTALL_PREFIX=/home/csilab/yolo_ws/install/frontier_exploration_ros2
[0.149s] -- The C compiler identification is GNU 13.3.0
[0.370s] -- The CXX compiler identification is GNU 13.3.0
[0.400s] -- Detecting C compiler ABI info
[0.502s] -- Detecting C compiler ABI info - done
[0.509s] -- Check for working C compiler: /usr/bin/cc - skipped
[0.510s] -- Detecting C compile features
[0.510s] -- Detecting C compile features - done
[0.521s] -- Detecting CXX compiler ABI info
[0.623s] -- Detecting CXX compiler ABI info - done
[0.631s] -- Check for working CXX compiler: /usr/bin/c++ - skipped
[0.631s] -- Detecting CXX compile features
[0.631s] -- Detecting CXX compile features - done
[0.640s] -- Found ament_cmake: 2.5.6 (/opt/ros/jazzy/share/ament_cmake/cmake)
[0.792s] -- Found Python3: /usr/bin/python3 (found version "3.12.3") found components: Interpreter 
[0.873s] -- Override CMake install command with custom implementation using symlinks instead of copying resources
[0.958s] -- Found action_msgs: 2.0.4 (/opt/ros/jazzy/share/action_msgs/cmake)
[1.026s] -- Found rosidl_generator_c: 4.6.9 (/opt/ros/jazzy/share/rosidl_generator_c/cmake)
[1.048s] -- Found rosidl_generator_cpp: 4.6.9 (/opt/ros/jazzy/share/rosidl_generator_cpp/cmake)
[1.074s] -- Using all available rosidl_typesupport_c: rosidl_typesupport_fastrtps_c;rosidl_typesupport_introspection_c
[1.101s] -- Using all available rosidl_typesupport_cpp: rosidl_typesupport_fastrtps_cpp;rosidl_typesupport_introspection_cpp
[1.178s] -- Found geometry_msgs: 5.3.8 (/opt/ros/jazzy/share/geometry_msgs/cmake)
[1.222s] -- Found nav2_msgs: 1.3.12 (/opt/ros/jazzy/share/nav2_msgs/cmake)
[1.348s] -- Found rclcpp: 28.1.21 (/opt/ros/jazzy/share/rclcpp/cmake)
[1.417s] -- Found rmw_implementation_cmake: 7.3.3 (/opt/ros/jazzy/share/rmw_implementation_cmake/cmake)
[1.423s] -- Found rmw_fastrtps_cpp: 8.4.4 (/opt/ros/jazzy/share/rmw_fastrtps_cpp/cmake)
[1.545s] -- Found OpenSSL: /usr/lib/x86_64-linux-gnu/libcrypto.so (found version "3.0.13")  
[1.566s] -- Found FastRTPS: /opt/ros/jazzy/include (Required is at least version "2.13") 
[1.589s] -- Using RMW implementation 'rmw_fastrtps_cpp' as default
[1.686s] -- Found rclcpp_action: 28.1.21 (/opt/ros/jazzy/share/rclcpp_action/cmake)
[1.704s] -- Found rosidl_default_generators: 1.6.1 (/opt/ros/jazzy/share/rosidl_default_generators/cmake)
[1.738s] -- Found rosidl_adapter: 4.6.9 (/opt/ros/jazzy/share/rosidl_adapter/cmake)
[1.746s] -- Found tf2: 0.36.21 (/opt/ros/jazzy/share/tf2/cmake)
[1.754s] -- Found tf2_ros: 0.36.21 (/opt/ros/jazzy/share/tf2_ros/cmake)
[1.861s] -- Found visualization_msgs: 5.3.8 (/opt/ros/jazzy/share/visualization_msgs/cmake)
[2.467s] -- Found ament_cmake_ros: 0.12.1 (/opt/ros/jazzy/share/ament_cmake_ros/cmake)
[3.167s] -- Using all available rosidl_typesupport_c: rosidl_typesupport_fastrtps_c;rosidl_typesupport_introspection_c
[3.436s] -- Using all available rosidl_typesupport_cpp: rosidl_typesupport_fastrtps_cpp;rosidl_typesupport_introspection_cpp
[3.443s] -- Found python_cmake_module: 0.11.1 (/opt/ros/jazzy/share/python_cmake_module/cmake)
[3.565s] -- Found PythonExtra: /usr/bin/python3  
[4.015s] -- Found Python3: /usr/bin/python3 (found version "3.12.3") found components: Interpreter Development NumPy Development.Module Development.Embed 
[4.080s] -- Found Python3: /usr/bin/python3 (found version "3.12.3") found components: Interpreter 
[4.099s] -- Found gtest sources under '/opt/ros/jazzy/src/gtest_vendor': C++ tests using 'Google Test' will be built
[4.105s] -- Performing Test CMAKE_HAVE_LIBC_PTHREAD
[4.320s] -- Performing Test CMAKE_HAVE_LIBC_PTHREAD - Success
[4.321s] -- Found Threads: TRUE  
[4.354s] -- Configuring done (4.3s)
[4.438s] -- Generating done (0.1s)
[4.462s] -- Build files have been written to: /home/csilab/yolo_ws/build/frontier_exploration_ros2
[4.479s] Invoked command in '/home/csilab/yolo_ws/build/frontier_exploration_ros2' returned '0': CMAKE_PREFIX_PATH=${CMAKE_PREFIX_PATH}:/home/csilab/yolo_ws/install/yolo_ros:/home/csilab/yolo_ws/install/nav2_behavior:/home/csilab/yolo_ws/install/bottle_behavior:/opt/ros/jazzy DEBUGINFOD_URLS=https://debuginfod.ubuntu.com /usr/bin/cmake /home/csilab/yolo_ws/src/frontier_exploration_ros2 -DAMENT_CMAKE_SYMLINK_INSTALL=1 -DCMAKE_INSTALL_PREFIX=/home/csilab/yolo_ws/install/frontier_exploration_ros2
[4.480s] Invoking command in '/home/csilab/yolo_ws/build/frontier_exploration_ros2': CMAKE_PREFIX_PATH=${CMAKE_PREFIX_PATH}:/home/csilab/yolo_ws/install/yolo_ros:/home/csilab/yolo_ws/install/nav2_behavior:/home/csilab/yolo_ws/install/bottle_behavior:/opt/ros/jazzy DEBUGINFOD_URLS=https://debuginfod.ubuntu.com /usr/bin/cmake --build /home/csilab/yolo_ws/build/frontier_exploration_ros2 -- -j12 -l12
[4.544s] [  1%] [32mBuilding CXX object gtest/CMakeFiles/gtest_main.dir/src/gtest_main.cc.o[0m
[4.544s] [  2%] [34m[1mGenerating Rust code for ROS interfaces[0m
[4.545s] [  4%] [34m[1mGenerating type hashes for ROS interfaces[0m
[4.546s] [  5%] [32mBuilding CXX object CMakeFiles/frontier_exploration_ros2_core.dir/src/frontier_suppression.cpp.o[0m
[4.546s] [  6%] [32mBuilding CXX object CMakeFiles/frontier_exploration_ros2_core.dir/src/decision_map.cpp.o[0m
[4.546s] [  8%] [32mBuilding CXX object CMakeFiles/frontier_exploration_ros2_core.dir/src/frontier_policy.cpp.o[0m
[4.546s] [  9%] [32mBuilding CXX object CMakeFiles/frontier_exploration_ros2_core.dir/src/frontier_search.cpp.o[0m
[4.546s] [ 10%] [32mBuilding CXX object CMakeFiles/frontier_exploration_ros2_core.dir/src/frontier_explorer_core_maps.cpp.o[0m
[4.547s] [ 12%] [32mBuilding CXX object CMakeFiles/frontier_exploration_ros2_core.dir/src/frontier_explorer_core_init.cpp.o[0m
[4.547s] [ 13%] [32mBuilding CXX object gtest/CMakeFiles/gtest.dir/src/gtest-all.cc.o[0m
[4.555s] [ 14%] [32mBuilding CXX object CMakeFiles/frontier_exploration_ros2_core.dir/src/frontier_explorer_core_frontiers.cpp.o[0m
[4.558s] [ 14%] Built target ament_cmake_python_symlink_frontier_exploration_ros2
[4.574s] [ 16%] [32mBuilding CXX object CMakeFiles/frontier_exploration_ros2_core.dir/src/frontier_explorer_core_suppression.cpp.o[0m
[4.951s] [ 16%] Built target frontier_exploration_ros2__rosidl_generator_type_description
[5.126s] [ 16%] Built target frontier_exploration_ros2__rs
[5.157s] [ 17%] [32mBuilding CXX object CMakeFiles/frontier_exploration_ros2_core.dir/src/frontier_explorer_core_dispatch.cpp.o[0m
[5.380s] running egg_info
[5.381s] creating frontier_exploration_ros2.egg-info
[5.445s] writing frontier_exploration_ros2.egg-info/PKG-INFO
[5.445s] writing dependency_links to frontier_exploration_ros2.egg-info/dependency_links.txt
[5.446s] writing top-level names to frontier_exploration_ros2.egg-info/top_level.txt
[5.446s] writing manifest file 'frontier_exploration_ros2.egg-info/SOURCES.txt'
[5.540s] reading manifest file 'frontier_exploration_ros2.egg-info/SOURCES.txt'
[5.541s] writing manifest file 'frontier_exploration_ros2.egg-info/SOURCES.txt'
[5.586s] [ 17%] Built target ament_cmake_python_build_frontier_exploration_ros2_egg
[5.603s] [ 18%] [32mBuilding CXX object CMakeFiles/frontier_exploration_ros2_core.dir/src/mrtsp_ordering.cpp.o[0m
[5.910s] [ 20%] [34m[1mGenerating C code for ROS interfaces[0m
[6.101s] [ 21%] [32mBuilding CXX object CMakeFiles/frontier_exploration_ros2_core.dir/src/mrtsp_solver.cpp.o[0m
[6.133s] [ 22%] [34m[1mGenerating C++ code for ROS interfaces[0m
[6.220s] [ 24%] [32m[1mLinking CXX static library libgtest_main.a[0m
[6.319s] [ 24%] Built target gtest_main
[6.611s] [ 25%] [32mBuilding C object CMakeFiles/frontier_exploration_ros2__rosidl_generator_c.dir/rosidl_generator_c/frontier_exploration_ros2/srv/detail/control_exploration__description.c.o[0m
[6.611s] [ 26%] [32mBuilding C object CMakeFiles/frontier_exploration_ros2__rosidl_generator_c.dir/rosidl_generator_c/frontier_exploration_ros2/srv/detail/control_exploration__functions.c.o[0m
[6.614s] [ 28%] [32mBuilding C object CMakeFiles/frontier_exploration_ros2__rosidl_generator_c.dir/rosidl_generator_c/frontier_exploration_ros2/srv/detail/control_exploration__type_support.c.o[0m
[6.626s] [ 28%] Built target frontier_exploration_ros2__cpp
[6.713s] [ 29%] [32m[1mLinking C shared library libfrontier_exploration_ros2__rosidl_generator_c.so[0m
[6.760s] [ 29%] Built target frontier_exploration_ros2__rosidl_generator_c
[6.775s] [ 30%] [34m[1mGenerating C++ type support dispatch for ROS interfaces[0m
[6.775s] [ 32%] [34m[1mGenerating C++ type support for eProsima Fast-RTPS[0m
[6.776s] [ 33%] [34m[1mGenerating C++ introspection for ROS interfaces[0m
[6.777s] [ 34%] [34m[1mGenerating C introspection for ROS interfaces[0m
[6.777s] [ 36%] [34m[1mGenerating C type support for eProsima Fast-RTPS[0m
[6.777s] [ 37%] [34m[1mGenerating C type support dispatch for ROS interfaces[0m
[7.068s] [ 38%] [32mBuilding CXX object CMakeFiles/frontier_exploration_ros2__rosidl_typesupport_cpp.dir/rosidl_typesupport_cpp/frontier_exploration_ros2/srv/control_exploration__type_support.cpp.o[0m
[7.191s] [ 40%] [32mBuilding CXX object CMakeFiles/frontier_exploration_ros2__rosidl_typesupport_c.dir/rosidl_typesupport_c/frontier_exploration_ros2/srv/control_exploration__type_support.cpp.o[0m
[7.251s] [ 41%] [32mBuilding CXX object CMakeFiles/frontier_exploration_ros2__rosidl_typesupport_fastrtps_cpp.dir/rosidl_typesupport_fastrtps_cpp/frontier_exploration_ros2/srv/detail/dds_fastrtps/control_exploration__type_support.cpp.o[0m
[7.263s] [ 42%] [32mBuilding CXX object CMakeFiles/frontier_exploration_ros2__rosidl_typesupport_introspection_cpp.dir/rosidl_typesupport_introspection_cpp/frontier_exploration_ros2/srv/detail/control_exploration__type_support.cpp.o[0m
[7.264s] [ 44%] [32m[1mLinking CXX shared library libfrontier_exploration_ros2__rosidl_typesupport_c.so[0m
[7.279s] [ 45%] [32mBuilding C object CMakeFiles/frontier_exploration_ros2__rosidl_typesupport_introspection_c.dir/rosidl_typesupport_introspection_c/frontier_exploration_ros2/srv/detail/control_exploration__type_support.c.o[0m
[7.327s] [ 45%] Built target frontier_exploration_ros2__rosidl_typesupport_c
[7.344s] [ 46%] [32m[1mLinking C shared library libfrontier_exploration_ros2__rosidl_typesupport_introspection_c.so[0m
[7.350s] [ 48%] [32mBuilding CXX object CMakeFiles/frontier_exploration_ros2__rosidl_typesupport_fastrtps_c.dir/rosidl_typesupport_fastrtps_c/frontier_exploration_ros2/srv/detail/control_exploration__type_support_c.cpp.o[0m
[7.381s] [ 48%] Built target frontier_exploration_ros2__rosidl_typesupport_introspection_c
[7.477s] [ 49%] [32m[1mLinking CXX shared library libfrontier_exploration_ros2__rosidl_typesupport_cpp.so[0m
[7.501s] [ 50%] [32m[1mLinking CXX shared library libfrontier_exploration_ros2_core.so[0m
[7.565s] [ 50%] Built target frontier_exploration_ros2__rosidl_typesupport_cpp
[7.590s] [ 52%] [32mBuilding CXX object CMakeFiles/frontier_exploration_ctl.dir/src/frontier_exploration_ctl.cpp.o[0m
[7.741s] [ 53%] [32m[1mLinking CXX shared library libfrontier_exploration_ros2__rosidl_typesupport_introspection_cpp.so[0m
[7.852s] [ 53%] Built target frontier_exploration_ros2__rosidl_typesupport_introspection_cpp
[7.852s] [ 53%] Built target frontier_exploration_ros2_core
[7.874s] [ 54%] [32m[1mLinking CXX shared library libfrontier_exploration_ros2__rosidl_typesupport_fastrtps_c.so[0m
[7.878s] [ 56%] [32mBuilding CXX object CMakeFiles/frontier_debug_observer.dir/src/debug/debug_markers.cpp.o[0m
[7.878s] [ 57%] [32mBuilding CXX object CMakeFiles/frontier_debug_observer.dir/src/debug/debug_observer_node.cpp.o[0m
[7.880s] [ 60%] [32mBuilding CXX object CMakeFiles/frontier_debug_observer.dir/src/debug/debug_analyzer.cpp.o[0m
[7.880s] [ 60%] [32mBuilding CXX object CMakeFiles/frontier_exploration_ros2_node.dir/src/frontier_explorer_node.cpp.o[0m
[7.920s] [ 61%] [32m[1mLinking CXX shared library libfrontier_exploration_ros2__rosidl_typesupport_fastrtps_cpp.so[0m
[7.974s] [ 61%] Built target frontier_exploration_ros2__rosidl_typesupport_fastrtps_c
[8.011s] [ 61%] Built target frontier_exploration_ros2__rosidl_typesupport_fastrtps_cpp
[8.038s] [ 61%] Built target frontier_exploration_ros2
[8.069s] [ 62%] [34m[1mGenerating Python code for ROS interfaces[0m
[8.688s] [ 62%] Built target frontier_exploration_ros2__py
[8.738s] [ 64%] [32mBuilding C object CMakeFiles/frontier_exploration_ros2__rosidl_generator_py.dir/rosidl_generator_py/frontier_exploration_ros2/srv/_control_exploration_s.c.o[0m
[8.984s] [ 65%] [32m[1mLinking C shared library libfrontier_exploration_ros2__rosidl_generator_py.so[0m
[9.168s] [ 65%] Built target frontier_exploration_ros2__rosidl_generator_py
[9.200s] [ 68%] [32mBuilding C object CMakeFiles/frontier_exploration_ros2_s__rosidl_typesupport_fastrtps_c.dir/rosidl_generator_py/frontier_exploration_ros2/_frontier_exploration_ros2_s.ep.rosidl_typesupport_fastrtps_c.c.o[0m
[9.200s] [ 69%] [32mBuilding C object CMakeFiles/frontier_exploration_ros2_s__rosidl_typesupport_c.dir/rosidl_generator_py/frontier_exploration_ros2/_frontier_exploration_ros2_s.ep.rosidl_typesupport_c.c.o[0m
[9.200s] [ 69%] [32mBuilding C object CMakeFiles/frontier_exploration_ros2_s__rosidl_typesupport_introspection_c.dir/rosidl_generator_py/frontier_exploration_ros2/_frontier_exploration_ros2_s.ep.rosidl_typesupport_introspection_c.c.o[0m
[9.330s] [ 70%] [32m[1mLinking CXX static library libgtest.a[0m
[9.333s] [ 72%] [32m[1mLinking C shared module rosidl_generator_py/frontier_exploration_ros2/frontier_exploration_ros2_s__rosidl_typesupport_c.so[0m
[9.336s] [ 73%] [32m[1mLinking C shared module rosidl_generator_py/frontier_exploration_ros2/frontier_exploration_ros2_s__rosidl_typesupport_fastrtps_c.so[0m
[9.363s] [ 74%] [32m[1mLinking C shared module rosidl_generator_py/frontier_exploration_ros2/frontier_exploration_ros2_s__rosidl_typesupport_introspection_c.so[0m
[9.375s] [ 74%] Built target frontier_exploration_ros2_s__rosidl_typesupport_fastrtps_c
[9.381s] [ 74%] Built target frontier_exploration_ros2_s__rosidl_typesupport_c
[9.407s] [ 74%] Built target frontier_exploration_ros2_s__rosidl_typesupport_introspection_c
[9.408s] [ 74%] Built target gtest
[9.438s] [ 76%] [32mBuilding CXX object CMakeFiles/test_preemption_flow.dir/test/test_preemption_flow.cpp.o[0m
[9.440s] [ 81%] [32mBuilding CXX object CMakeFiles/test_decision_map_and_mrtsp.dir/test/test_decision_map_and_mrtsp.cpp.o[0m
[9.440s] [ 81%] [32mBuilding CXX object CMakeFiles/test_frontier_snapshot_and_search.dir/test/test_frontier_snapshot_and_search.cpp.o[0m
[9.440s] [ 81%] [32mBuilding CXX object CMakeFiles/test_frontier_suppression.dir/test/test_frontier_suppression.cpp.o[0m
[9.440s] [ 81%] [32mBuilding CXX object CMakeFiles/test_mrtsp_solver.dir/test/test_mrtsp_solver.cpp.o[0m
[9.440s] [ 82%] [32mBuilding CXX object CMakeFiles/test_qos_utils.dir/test/test_qos_utils.cpp.o[0m
[11.700s] [ 84%] [32m[1mLinking CXX executable test_mrtsp_solver[0m
[11.768s] [ 85%] [32m[1mLinking CXX executable test_decision_map_and_mrtsp[0m
[11.996s] [ 85%] Built target test_decision_map_and_mrtsp
[12.009s] [ 85%] Built target test_mrtsp_solver
[12.119s] [ 86%] [32m[1mLinking CXX executable frontier_exploration_ctl[0m
[12.445s] [ 86%] Built target frontier_exploration_ctl
[12.587s] [ 88%] [32m[1mLinking CXX executable test_frontier_suppression[0m
[12.772s] [ 88%] Built target test_frontier_suppression
[13.093s] [ 89%] [32m[1mLinking CXX executable test_frontier_snapshot_and_search[0m
[13.301s] [ 89%] Built target test_frontier_snapshot_and_search
[13.990s] [ 90%] [32m[1mLinking CXX executable test_qos_utils[0m
[14.009s] [ 92%] [32m[1mLinking CXX executable test_preemption_flow[0m
[14.197s] [ 92%] Built target test_qos_utils
[14.207s] [ 92%] Built target test_preemption_flow
[17.833s] [ 93%] [32m[1mLinking CXX executable frontier_debug_observer[0m
[18.307s] [ 93%] Built target frontier_debug_observer
[21.739s] [ 94%] [32m[1mLinking CXX shared library libfrontier_exploration_ros2_node.so[0m
[22.277s] [ 94%] Built target frontier_exploration_ros2_node
[22.299s] [ 97%] [32mBuilding CXX object CMakeFiles/test_control_service_and_idle.dir/test/test_control_service_and_idle.cpp.o[0m
[22.299s] [ 97%] [32mBuilding CXX object CMakeFiles/frontier_explorer.dir/src/main.cpp.o[0m
[25.902s] [ 98%] [32m[1mLinking CXX executable frontier_explorer[0m
[26.219s] [ 98%] Built target frontier_explorer
[27.498s] [100%] [32m[1mLinking CXX executable test_control_service_and_idle[0m
[27.970s] [100%] Built target test_control_service_and_idle
[27.985s] Invoked command in '/home/csilab/yolo_ws/build/frontier_exploration_ros2' returned '0': CMAKE_PREFIX_PATH=${CMAKE_PREFIX_PATH}:/home/csilab/yolo_ws/install/yolo_ros:/home/csilab/yolo_ws/install/nav2_behavior:/home/csilab/yolo_ws/install/bottle_behavior:/opt/ros/jazzy DEBUGINFOD_URLS=https://debuginfod.ubuntu.com /usr/bin/cmake --build /home/csilab/yolo_ws/build/frontier_exploration_ros2 -- -j12 -l12
[27.996s] Invoking command in '/home/csilab/yolo_ws/build/frontier_exploration_ros2': CMAKE_PREFIX_PATH=${CMAKE_PREFIX_PATH}:/home/csilab/yolo_ws/install/yolo_ros:/home/csilab/yolo_ws/install/nav2_behavior:/home/csilab/yolo_ws/install/bottle_behavior:/opt/ros/jazzy DEBUGINFOD_URLS=https://debuginfod.ubuntu.com /usr/bin/cmake --install /home/csilab/yolo_ws/build/frontier_exploration_ros2
[28.005s] -- Install configuration: ""
[28.006s] -- Execute custom install script
[28.006s] -- Symlinking: /home/csilab/yolo_ws/install/frontier_exploration_ros2/share/ament_index/resource_index/rosidl_interfaces/frontier_exploration_ros2
[28.017s] -- Symlinking: /home/csilab/yolo_ws/install/frontier_exploration_ros2/share/frontier_exploration_ros2/srv/ControlExploration.json
[28.029s] -- Symlinking: /home/csilab/yolo_ws/install/frontier_exploration_ros2/include/frontier_exploration_ros2/frontier_exploration_ros2/msg/rosidl_generator_c__visibility_control.h
[28.039s] -- Symlinking: /home/csilab/yolo_ws/install/frontier_exploration_ros2/include/frontier_exploration_ros2/frontier_exploration_ros2/srv/control_exploration.h
[28.050s] -- Symlinking: /home/csilab/yolo_ws/install/frontier_exploration_ros2/include/frontier_exploration_ros2/frontier_exploration_ros2/srv/detail/control_exploration__functions.h
[28.061s] -- Symlinking: /home/csilab/yolo_ws/install/frontier_exploration_ros2/include/frontier_exploration_ros2/frontier_exploration_ros2/srv/detail/control_exploration__struct.h
[28.071s] -- Symlinking: /home/csilab/yolo_ws/install/frontier_exploration_ros2/include/frontier_exploration_ros2/frontier_exploration_ros2/srv/detail/control_exploration__type_support.h
[28.081s] -- Symlinking: /home/csilab/yolo_ws/install/frontier_exploration_ros2/share/frontier_exploration_ros2/environment/library_path.sh
[28.091s] -- Symlinking: /home/csilab/yolo_ws/install/frontier_exploration_ros2/share/frontier_exploration_ros2/environment/library_path.dsv
[28.101s] -- Symlinking: /home/csilab/yolo_ws/install/frontier_exploration_ros2/include/frontier_exploration_ros2/frontier_exploration_ros2/msg/rosidl_typesupport_fastrtps_c__visibility_control.h
[28.112s] -- Symlinking: /home/csilab/yolo_ws/install/frontier_exploration_ros2/include/frontier_exploration_ros2/frontier_exploration_ros2/srv/detail/control_exploration__rosidl_typesupport_fastrtps_c.h
[28.123s] -- Symlinking: /home/csilab/yolo_ws/install/frontier_exploration_ros2/include/frontier_exploration_ros2/frontier_exploration_ros2/msg/rosidl_generator_cpp__visibility_control.hpp
[28.134s] -- Symlinking: /home/csilab/yolo_ws/install/frontier_exploration_ros2/include/frontier_exploration_ros2/frontier_exploration_ros2/srv/control_exploration.hpp
[28.146s] -- Symlinking: /home/csilab/yolo_ws/install/frontier_exploration_ros2/include/frontier_exploration_ros2/frontier_exploration_ros2/srv/detail/control_exploration__builder.hpp
[28.156s] -- Symlinking: /home/csilab/yolo_ws/install/frontier_exploration_ros2/include/frontier_exploration_ros2/frontier_exploration_ros2/srv/detail/control_exploration__struct.hpp
[28.166s] -- Symlinking: /home/csilab/yolo_ws/install/frontier_exploration_ros2/include/frontier_exploration_ros2/frontier_exploration_ros2/srv/detail/control_exploration__traits.hpp
[28.177s] -- Symlinking: /home/csilab/yolo_ws/install/frontier_exploration_ros2/include/frontier_exploration_ros2/frontier_exploration_ros2/srv/detail/control_exploration__type_support.hpp
[28.187s] -- Symlinking: /home/csilab/yolo_ws/install/frontier_exploration_ros2/include/frontier_exploration_ros2/frontier_exploration_ros2/msg/rosidl_typesupport_fastrtps_cpp__visibility_control.h
[28.196s] -- Symlinking: /home/csilab/yolo_ws/install/frontier_exploration_ros2/include/frontier_exploration_ros2/frontier_exploration_ros2/srv/detail/control_exploration__rosidl_typesupport_fastrtps_cpp.hpp
[28.206s] -- Symlinking: /home/csilab/yolo_ws/install/frontier_exploration_ros2/include/frontier_exploration_ros2/frontier_exploration_ros2/msg/rosidl_typesupport_introspection_c__visibility_control.h
[28.215s] -- Symlinking: /home/csilab/yolo_ws/install/frontier_exploration_ros2/include/frontier_exploration_ros2/frontier_exploration_ros2/srv/detail/control_exploration__rosidl_typesupport_introspection_c.h
[28.225s] -- Symlinking: /home/csilab/yolo_ws/install/frontier_exploration_ros2/include/frontier_exploration_ros2/frontier_exploration_ros2/srv/detail/control_exploration__rosidl_typesupport_introspection_cpp.hpp
[28.235s] -- Symlinking: /home/csilab/yolo_ws/install/frontier_exploration_ros2/share/frontier_exploration_ros2/environment/pythonpath.sh
[28.245s] -- Symlinking: /home/csilab/yolo_ws/install/frontier_exploration_ros2/share/frontier_exploration_ros2/environment/pythonpath.dsv
[28.255s] -- Symlinking: /home/csilab/yolo_ws/install/frontier_exploration_ros2/lib/python3.12/site-packages/frontier_exploration_ros2-1.6.1-py3.12.egg-info/PKG-INFO
[28.265s] -- Symlinking: /home/csilab/yolo_ws/install/frontier_exploration_ros2/lib/python3.12/site-packages/frontier_exploration_ros2-1.6.1-py3.12.egg-info/SOURCES.txt
[28.275s] -- Symlinking: /home/csilab/yolo_ws/install/frontier_exploration_ros2/lib/python3.12/site-packages/frontier_exploration_ros2-1.6.1-py3.12.egg-info/dependency_links.txt
[28.285s] -- Symlinking: /home/csilab/yolo_ws/install/frontier_exploration_ros2/lib/python3.12/site-packages/frontier_exploration_ros2-1.6.1-py3.12.egg-info/top_level.txt
[28.296s] -- Symlinking: /home/csilab/yolo_ws/install/frontier_exploration_ros2/lib/python3.12/site-packages/frontier_exploration_ros2/__init__.py
[28.305s] -- Symlinking: /home/csilab/yolo_ws/install/frontier_exploration_ros2/lib/python3.12/site-packages/frontier_exploration_ros2/_frontier_exploration_ros2_s.ep.rosidl_typesupport_c.c
[28.315s] -- Symlinking: /home/csilab/yolo_ws/install/frontier_exploration_ros2/lib/python3.12/site-packages/frontier_exploration_ros2/_frontier_exploration_ros2_s.ep.rosidl_typesupport_fastrtps_c.c
[28.325s] -- Symlinking: /home/csilab/yolo_ws/install/frontier_exploration_ros2/lib/python3.12/site-packages/frontier_exploration_ros2/_frontier_exploration_ros2_s.ep.rosidl_typesupport_introspection_c.c
[28.336s] -- Symlinking: /home/csilab/yolo_ws/install/frontier_exploration_ros2/lib/python3.12/site-packages/frontier_exploration_ros2/frontier_exploration_ros2_s__rosidl_typesupport_c.so
[28.346s] -- Symlinking: /home/csilab/yolo_ws/install/frontier_exploration_ros2/lib/python3.12/site-packages/frontier_exploration_ros2/frontier_exploration_ros2_s__rosidl_typesupport_fastrtps_c.so
[28.356s] -- Symlinking: /home/csilab/yolo_ws/install/frontier_exploration_ros2/lib/python3.12/site-packages/frontier_exploration_ros2/frontier_exploration_ros2_s__rosidl_typesupport_introspection_c.so
[28.366s] -- Symlinking: /home/csilab/yolo_ws/install/frontier_exploration_ros2/lib/python3.12/site-packages/frontier_exploration_ros2/srv/__init__.py
[28.376s] -- Symlinking: /home/csilab/yolo_ws/install/frontier_exploration_ros2/lib/python3.12/site-packages/frontier_exploration_ros2/srv/_control_exploration.py
[28.385s] -- Symlinking: /home/csilab/yolo_ws/install/frontier_exploration_ros2/lib/python3.12/site-packages/frontier_exploration_ros2/srv/_control_exploration_s.c
[28.395s] -- Up-to-date symlink: /home/csilab/yolo_ws/install/frontier_exploration_ros2/lib/python3.12/site-packages/frontier_exploration_ros2/frontier_exploration_ros2_s__rosidl_typesupport_fastrtps_c.so
[28.395s] -- Up-to-date symlink: /home/csilab/yolo_ws/install/frontier_exploration_ros2/lib/python3.12/site-packages/frontier_exploration_ros2/frontier_exploration_ros2_s__rosidl_typesupport_introspection_c.so
[28.396s] -- Up-to-date symlink: /home/csilab/yolo_ws/install/frontier_exploration_ros2/lib/python3.12/site-packages/frontier_exploration_ros2/frontier_exploration_ros2_s__rosidl_typesupport_c.so
[28.396s] -- Symlinking: /home/csilab/yolo_ws/install/frontier_exploration_ros2/share/ament_index/resource_index/rust_packages/frontier_exploration_ros2
[28.406s] -- Symlinking: /home/csilab/yolo_ws/install/frontier_exploration_ros2/share/frontier_exploration_ros2/rust/Cargo.toml
[28.416s] -- Symlinking: /home/csilab/yolo_ws/install/frontier_exploration_ros2/share/frontier_exploration_ros2/rust/build.rs
[28.426s] -- Symlinking: /home/csilab/yolo_ws/install/frontier_exploration_ros2/share/frontier_exploration_ros2/rust/src/lib.rs
[28.436s] -- Symlinking: /home/csilab/yolo_ws/install/frontier_exploration_ros2/share/frontier_exploration_ros2/rust/src/srv.rs
[28.446s] -- Symlinking: /home/csilab/yolo_ws/install/frontier_exploration_ros2/share/frontier_exploration_ros2/rust/src/srv/rmw.rs
[28.455s] -- Symlinking: /home/csilab/yolo_ws/install/frontier_exploration_ros2/share/frontier_exploration_ros2/srv/ControlExploration.idl
[28.465s] -- Symlinking: /home/csilab/yolo_ws/install/frontier_exploration_ros2/share/frontier_exploration_ros2/srv/ControlExploration.srv
[28.474s] -- Symlinking: /home/csilab/yolo_ws/install/frontier_exploration_ros2/lib/frontier_exploration_ros2/frontier_explorer
[28.486s] -- Symlinking: /home/csilab/yolo_ws/install/frontier_exploration_ros2/lib/frontier_exploration_ros2/frontier_exploration_ctl
[28.496s] -- Symlinking: /home/csilab/yolo_ws/install/frontier_exploration_ros2/lib/frontier_exploration_ros2/frontier_debug_observer
[28.506s] -- Symlinking: /home/csilab/yolo_ws/install/frontier_exploration_ros2/include/frontier_exploration_ros2/debug/debug_analyzer.hpp
[28.517s] -- Symlinking: /home/csilab/yolo_ws/install/frontier_exploration_ros2/include/frontier_exploration_ros2/debug/debug_markers.hpp
[28.527s] -- Symlinking: /home/csilab/yolo_ws/install/frontier_exploration_ros2/include/frontier_exploration_ros2/decision_map.hpp
[28.537s] -- Symlinking: /home/csilab/yolo_ws/install/frontier_exploration_ros2/include/frontier_exploration_ros2/frontier_explorer_core.hpp
[28.547s] -- Symlinking: /home/csilab/yolo_ws/install/frontier_exploration_ros2/include/frontier_exploration_ros2/frontier_explorer_node.hpp
[28.557s] -- Symlinking: /home/csilab/yolo_ws/install/frontier_exploration_ros2/include/frontier_exploration_ros2/frontier_policy.hpp
[28.566s] -- Symlinking: /home/csilab/yolo_ws/install/frontier_exploration_ros2/include/frontier_exploration_ros2/frontier_search.hpp
[28.577s] -- Symlinking: /home/csilab/yolo_ws/install/frontier_exploration_ros2/include/frontier_exploration_ros2/frontier_suppression.hpp
[28.586s] -- Symlinking: /home/csilab/yolo_ws/install/frontier_exploration_ros2/include/frontier_exploration_ros2/frontier_types.hpp
[28.596s] -- Symlinking: /home/csilab/yolo_ws/install/frontier_exploration_ros2/include/frontier_exploration_ros2/mrtsp_ordering.hpp
[28.605s] -- Symlinking: /home/csilab/yolo_ws/install/frontier_exploration_ros2/include/frontier_exploration_ros2/mrtsp_solver.hpp
[28.615s] -- Symlinking: /home/csilab/yolo_ws/install/frontier_exploration_ros2/include/frontier_exploration_ros2/nav2_compat.hpp
[28.626s] -- Symlinking: /home/csilab/yolo_ws/install/frontier_exploration_ros2/include/frontier_exploration_ros2/qos_utils.hpp
[28.636s] -- Symlinking: /home/csilab/yolo_ws/install/frontier_exploration_ros2/share/frontier_exploration_ros2/launch/frontier_debug.launch.py
[28.646s] -- Symlinking: /home/csilab/yolo_ws/install/frontier_exploration_ros2/share/frontier_exploration_ros2/launch/frontier_explorer.launch.py
[28.656s] -- Symlinking: /home/csilab/yolo_ws/install/frontier_exploration_ros2/share/frontier_exploration_ros2/config/params.yaml
[28.666s] -- Up-to-date symlink: /home/csilab/yolo_ws/install/frontier_exploration_ros2/share/frontier_exploration_ros2/srv/ControlExploration.srv
[28.666s] -- Symlinking: /home/csilab/yolo_ws/install/frontier_exploration_ros2/share/ament_index/resource_index/package_run_dependencies/frontier_exploration_ros2
[28.677s] -- Symlinking: /home/csilab/yolo_ws/install/frontier_exploration_ros2/share/ament_index/resource_index/parent_prefix_path/frontier_exploration_ros2
[28.687s] -- Symlinking: /home/csilab/yolo_ws/install/frontier_exploration_ros2/share/frontier_exploration_ros2/environment/ament_prefix_path.sh
[28.696s] -- Symlinking: /home/csilab/yolo_ws/install/frontier_exploration_ros2/share/frontier_exploration_ros2/environment/ament_prefix_path.dsv
[28.706s] -- Symlinking: /home/csilab/yolo_ws/install/frontier_exploration_ros2/share/frontier_exploration_ros2/environment/path.sh
[28.717s] -- Symlinking: /home/csilab/yolo_ws/install/frontier_exploration_ros2/share/frontier_exploration_ros2/environment/path.dsv
[28.729s] -- Symlinking: /home/csilab/yolo_ws/install/frontier_exploration_ros2/share/frontier_exploration_ros2/local_setup.bash
[28.740s] -- Symlinking: /home/csilab/yolo_ws/install/frontier_exploration_ros2/share/frontier_exploration_ros2/local_setup.sh
[28.755s] -- Symlinking: /home/csilab/yolo_ws/install/frontier_exploration_ros2/share/frontier_exploration_ros2/local_setup.zsh
[28.766s] -- Symlinking: /home/csilab/yolo_ws/install/frontier_exploration_ros2/share/frontier_exploration_ros2/local_setup.dsv
[28.776s] -- Symlinking: /home/csilab/yolo_ws/install/frontier_exploration_ros2/share/frontier_exploration_ros2/package.dsv
[28.788s] -- Symlinking: /home/csilab/yolo_ws/install/frontier_exploration_ros2/share/ament_index/resource_index/packages/frontier_exploration_ros2
[28.798s] -- Symlinking: /home/csilab/yolo_ws/install/frontier_exploration_ros2/share/frontier_exploration_ros2/cmake/rosidl_cmake-extras.cmake
[28.809s] -- Symlinking: /home/csilab/yolo_ws/install/frontier_exploration_ros2/share/frontier_exploration_ros2/cmake/ament_cmake_export_dependencies-extras.cmake
[28.820s] -- Symlinking: /home/csilab/yolo_ws/install/frontier_exploration_ros2/share/frontier_exploration_ros2/cmake/ament_cmake_export_include_directories-extras.cmake
[28.831s] -- Symlinking: /home/csilab/yolo_ws/install/frontier_exploration_ros2/share/frontier_exploration_ros2/cmake/ament_cmake_export_libraries-extras.cmake
[28.842s] -- Symlinking: /home/csilab/yolo_ws/install/frontier_exploration_ros2/share/frontier_exploration_ros2/cmake/ament_cmake_export_targets-extras.cmake
[28.852s] -- Symlinking: /home/csilab/yolo_ws/install/frontier_exploration_ros2/share/frontier_exploration_ros2/cmake/rosidl_cmake_export_typesupport_targets-extras.cmake
[28.866s] -- Symlinking: /home/csilab/yolo_ws/install/frontier_exploration_ros2/share/frontier_exploration_ros2/cmake/rosidl_cmake_export_typesupport_libraries-extras.cmake
[28.879s] -- Symlinking: /home/csilab/yolo_ws/install/frontier_exploration_ros2/share/frontier_exploration_ros2/cmake/rosidl_cmake_aggregate_target-extras.cmake
[28.889s] -- Symlinking: /home/csilab/yolo_ws/install/frontier_exploration_ros2/share/frontier_exploration_ros2/cmake/frontier_exploration_ros2Config.cmake
[28.903s] -- Symlinking: /home/csilab/yolo_ws/install/frontier_exploration_ros2/share/frontier_exploration_ros2/cmake/frontier_exploration_ros2Config-version.cmake
[28.914s] -- Symlinking: /home/csilab/yolo_ws/install/frontier_exploration_ros2/share/frontier_exploration_ros2/package.xml
[28.928s] -- Installing: /home/csilab/yolo_ws/install/frontier_exploration_ros2/lib/libfrontier_exploration_ros2__rosidl_generator_c.so
[28.929s] -- Set non-toolchain portion of runtime path of "/home/csilab/yolo_ws/install/frontier_exploration_ros2/lib/libfrontier_exploration_ros2__rosidl_generator_c.so" to ""
[28.929s] -- Installing: /home/csilab/yolo_ws/install/frontier_exploration_ros2/lib/libfrontier_exploration_ros2__rosidl_typesupport_fastrtps_c.so
[28.929s] -- Set non-toolchain portion of runtime path of "/home/csilab/yolo_ws/install/frontier_exploration_ros2/lib/libfrontier_exploration_ros2__rosidl_typesupport_fastrtps_c.so" to ""
[28.929s] -- Installing: /home/csilab/yolo_ws/install/frontier_exploration_ros2/lib/libfrontier_exploration_ros2__rosidl_typesupport_fastrtps_cpp.so
[28.930s] -- Set non-toolchain portion of runtime path of "/home/csilab/yolo_ws/install/frontier_exploration_ros2/lib/libfrontier_exploration_ros2__rosidl_typesupport_fastrtps_cpp.so" to ""
[28.930s] -- Installing: /home/csilab/yolo_ws/install/frontier_exploration_ros2/lib/libfrontier_exploration_ros2__rosidl_typesupport_introspection_c.so
[28.930s] -- Set non-toolchain portion of runtime path of "/home/csilab/yolo_ws/install/frontier_exploration_ros2/lib/libfrontier_exploration_ros2__rosidl_typesupport_introspection_c.so" to ""
[28.930s] -- Installing: /home/csilab/yolo_ws/install/frontier_exploration_ros2/lib/libfrontier_exploration_ros2__rosidl_typesupport_c.so
[28.931s] -- Set non-toolchain portion of runtime path of "/home/csilab/yolo_ws/install/frontier_exploration_ros2/lib/libfrontier_exploration_ros2__rosidl_typesupport_c.so" to ""
[28.931s] -- Installing: /home/csilab/yolo_ws/install/frontier_exploration_ros2/lib/libfrontier_exploration_ros2__rosidl_typesupport_introspection_cpp.so
[28.931s] -- Set non-toolchain portion of runtime path of "/home/csilab/yolo_ws/install/frontier_exploration_ros2/lib/libfrontier_exploration_ros2__rosidl_typesupport_introspection_cpp.so" to ""
[28.931s] -- Installing: /home/csilab/yolo_ws/install/frontier_exploration_ros2/lib/libfrontier_exploration_ros2__rosidl_typesupport_cpp.so
[28.932s] -- Set non-toolchain portion of runtime path of "/home/csilab/yolo_ws/install/frontier_exploration_ros2/lib/libfrontier_exploration_ros2__rosidl_typesupport_cpp.so" to ""
[28.972s] Listing '/home/csilab/yolo_ws/install/frontier_exploration_ros2/lib/python3.12/site-packages/frontier_exploration_ros2'...
[28.972s] Compiling '/home/csilab/yolo_ws/install/frontier_exploration_ros2/lib/python3.12/site-packages/frontier_exploration_ros2/__init__.py'...
[28.972s] Listing '/home/csilab/yolo_ws/install/frontier_exploration_ros2/lib/python3.12/site-packages/frontier_exploration_ros2/srv'...
[28.972s] Compiling '/home/csilab/yolo_ws/install/frontier_exploration_ros2/lib/python3.12/site-packages/frontier_exploration_ros2/srv/__init__.py'...
[28.972s] Compiling '/home/csilab/yolo_ws/install/frontier_exploration_ros2/lib/python3.12/site-packages/frontier_exploration_ros2/srv/_control_exploration.py'...
[28.977s] -- Installing: /home/csilab/yolo_ws/install/frontier_exploration_ros2/lib/libfrontier_exploration_ros2__rosidl_generator_py.so
[28.977s] -- Set non-toolchain portion of runtime path of "/home/csilab/yolo_ws/install/frontier_exploration_ros2/lib/libfrontier_exploration_ros2__rosidl_generator_py.so" to ""
[28.977s] -- Installing: /home/csilab/yolo_ws/install/frontier_exploration_ros2/lib/libfrontier_exploration_ros2_core.so
[28.979s] -- Set non-toolchain portion of runtime path of "/home/csilab/yolo_ws/install/frontier_exploration_ros2/lib/libfrontier_exploration_ros2_core.so" to ""
[28.979s] -- Installing: /home/csilab/yolo_ws/install/frontier_exploration_ros2/lib/libfrontier_exploration_ros2_node.so
[28.986s] -- Set non-toolchain portion of runtime path of "/home/csilab/yolo_ws/install/frontier_exploration_ros2/lib/libfrontier_exploration_ros2_node.so" to ""
[28.987s] -- Installing: /home/csilab/yolo_ws/install/frontier_exploration_ros2/share/frontier_exploration_ros2/cmake/export_frontier_exploration_ros2__rosidl_generator_cExport.cmake
[28.987s] -- Installing: /home/csilab/yolo_ws/install/frontier_exploration_ros2/share/frontier_exploration_ros2/cmake/export_frontier_exploration_ros2__rosidl_generator_cExport-noconfig.cmake
[28.987s] -- Installing: /home/csilab/yolo_ws/install/frontier_exploration_ros2/share/frontier_exploration_ros2/cmake/export_frontier_exploration_ros2__rosidl_typesupport_fastrtps_cExport.cmake
[28.987s] -- Installing: /home/csilab/yolo_ws/install/frontier_exploration_ros2/share/frontier_exploration_ros2/cmake/export_frontier_exploration_ros2__rosidl_typesupport_fastrtps_cExport-noconfig.cmake
[28.987s] -- Installing: /home/csilab/yolo_ws/install/frontier_exploration_ros2/share/frontier_exploration_ros2/cmake/export_frontier_exploration_ros2__rosidl_generator_cppExport.cmake
[28.987s] -- Installing: /home/csilab/yolo_ws/install/frontier_exploration_ros2/share/frontier_exploration_ros2/cmake/export_frontier_exploration_ros2__rosidl_typesupport_fastrtps_cppExport.cmake
[28.987s] -- Installing: /home/csilab/yolo_ws/install/frontier_exploration_ros2/share/frontier_exploration_ros2/cmake/export_frontier_exploration_ros2__rosidl_typesupport_fastrtps_cppExport-noconfig.cmake
[28.987s] -- Installing: /home/csilab/yolo_ws/install/frontier_exploration_ros2/share/frontier_exploration_ros2/cmake/frontier_exploration_ros2__rosidl_typesupport_introspection_cExport.cmake
[28.987s] -- Installing: /home/csilab/yolo_ws/install/frontier_exploration_ros2/share/frontier_exploration_ros2/cmake/frontier_exploration_ros2__rosidl_typesupport_introspection_cExport-noconfig.cmake
[28.988s] -- Installing: /home/csilab/yolo_ws/install/frontier_exploration_ros2/share/frontier_exploration_ros2/cmake/frontier_exploration_ros2__rosidl_typesupport_cExport.cmake
[28.988s] -- Installing: /home/csilab/yolo_ws/install/frontier_exploration_ros2/share/frontier_exploration_ros2/cmake/frontier_exploration_ros2__rosidl_typesupport_cExport-noconfig.cmake
[28.988s] -- Installing: /home/csilab/yolo_ws/install/frontier_exploration_ros2/share/frontier_exploration_ros2/cmake/frontier_exploration_ros2__rosidl_typesupport_introspection_cppExport.cmake
[28.988s] -- Installing: /home/csilab/yolo_ws/install/frontier_exploration_ros2/share/frontier_exploration_ros2/cmake/frontier_exploration_ros2__rosidl_typesupport_introspection_cppExport-noconfig.cmake
[28.988s] -- Installing: /home/csilab/yolo_ws/install/frontier_exploration_ros2/share/frontier_exploration_ros2/cmake/frontier_exploration_ros2__rosidl_typesupport_cppExport.cmake
[28.988s] -- Installing: /home/csilab/yolo_ws/install/frontier_exploration_ros2/share/frontier_exploration_ros2/cmake/frontier_exploration_ros2__rosidl_typesupport_cppExport-noconfig.cmake
[28.988s] -- Installing: /home/csilab/yolo_ws/install/frontier_exploration_ros2/share/frontier_exploration_ros2/cmake/export_frontier_exploration_ros2__rosidl_generator_pyExport.cmake
[28.989s] -- Installing: /home/csilab/yolo_ws/install/frontier_exploration_ros2/share/frontier_exploration_ros2/cmake/export_frontier_exploration_ros2__rosidl_generator_pyExport-noconfig.cmake
[28.989s] -- Installing: /home/csilab/yolo_ws/install/frontier_exploration_ros2/share/frontier_exploration_ros2/cmake/export_frontier_exploration_ros2Export.cmake
[28.989s] -- Installing: /home/csilab/yolo_ws/install/frontier_exploration_ros2/share/frontier_exploration_ros2/cmake/export_frontier_exploration_ros2Export-noconfig.cmake
[28.992s] Invoked command in '/home/csilab/yolo_ws/build/frontier_exploration_ros2' returned '0': CMAKE_PREFIX_PATH=${CMAKE_PREFIX_PATH}:/home/csilab/yolo_ws/install/yolo_ros:/home/csilab/yolo_ws/install/nav2_behavior:/home/csilab/yolo_ws/install/bottle_behavior:/opt/ros/jazzy DEBUGINFOD_URLS=https://debuginfod.ubuntu.com /usr/bin/cmake --install /home/csilab/yolo_ws/build/frontier_exploration_ros2
