[0.013s] Invoking command in '/home/csilab/yolo_ws/build/yolo_bringup': AMENT_PREFIX_PATH=/home/csilab/yolo_ws/install/yolo_ros:/home/csilab/yolo_ws/install/yolo_msgs:${AMENT_PREFIX_PATH} CMAKE_PREFIX_PATH=/home/csilab/yolo_ws/install/yolo_msgs:/home/csilab/turtlebot3_ws/install/dynamixel_sdk_examples:/home/csilab/turtlebot3_ws/install/dynamixel_sdk_custom_interfaces:/home/csilab/turtlebot3_ws/install/dynamixel_sdk:/opt/ros/jazzy/opt/gz_sim_vendor:/opt/ros/jazzy/opt/gz_sensors_vendor:/opt/ros/jazzy/opt/gz_physics_vendor:/opt/ros/jazzy/opt/sdformat_vendor:/opt/ros/jazzy/opt/gz_gui_vendor:/opt/ros/jazzy/opt/gz_transport_vendor:/opt/ros/jazzy/opt/gz_rendering_vendor:/opt/ros/jazzy/opt/gz_plugin_vendor:/opt/ros/jazzy/opt/gz_fuel_tools_vendor:/opt/ros/jazzy/opt/gz_msgs_vendor:/opt/ros/jazzy/opt/gz_common_vendor:/opt/ros/jazzy/opt/gz_math_vendor:/opt/ros/jazzy/opt/gz_utils_vendor:/opt/ros/jazzy/opt/gz_tools_vendor:/opt/ros/jazzy/opt/gz_ogre_next_vendor:/opt/ros/jazzy/opt/gz_dartsim_vendor:/opt/ros/jazzy/opt/gz_cmake_vendor:/opt/ros/jazzy DEBUGINFOD_URLS=https://debuginfod.ubuntu.com LD_LIBRARY_PATH=/home/csilab/yolo_ws/install/yolo_msgs/lib:${LD_LIBRARY_PATH} PYTHONPATH=/home/csilab/yolo_ws/build/yolo_ros:/home/csilab/yolo_ws/install/yolo_ros/lib/python3.12/site-packages:/home/csilab/yolo_ws/install/yolo_msgs/lib/python3.12/site-packages:${PYTHONPATH} /usr/bin/cmake /home/csilab/yolo_ws/src/yolo_ros/yolo_bringup -DAMENT_CMAKE_SYMLINK_INSTALL=1 -DCMAKE_INSTALL_PREFIX=/home/csilab/yolo_ws/install/yolo_bringup
[0.067s] -- The C compiler identification is GNU 13.3.0
[0.119s] -- The CXX compiler identification is GNU 13.3.0
[0.139s] -- Detecting C compiler ABI info
[0.231s] -- Detecting C compiler ABI info - done
[0.238s] -- Check for working C compiler: /usr/bin/cc - skipped
[0.239s] -- Detecting C compile features
[0.239s] -- Detecting C compile features - done
[0.249s] -- Detecting CXX compiler ABI info
[0.352s] -- Detecting CXX compiler ABI info - done
[0.359s] -- Check for working CXX compiler: /usr/bin/c++ - skipped
[0.360s] -- Detecting CXX compile features
[0.360s] -- Detecting CXX compile features - done
[0.365s] -- Found ament_cmake: 2.5.6 (/opt/ros/jazzy/share/ament_cmake/cmake)
[0.504s] -- Found Python3: /usr/bin/python3 (found version "3.12.3") found components: Interpreter 
[0.564s] -- Override CMake install command with custom implementation using symlinks instead of copying resources
[0.693s] -- Configuring done (0.7s)
[0.695s] -- Generating done (0.0s)
[0.696s] -- Build files have been written to: /home/csilab/yolo_ws/build/yolo_bringup
[0.702s] Invoked command in '/home/csilab/yolo_ws/build/yolo_bringup' returned '0': AMENT_PREFIX_PATH=/home/csilab/yolo_ws/install/yolo_ros:/home/csilab/yolo_ws/install/yolo_msgs:${AMENT_PREFIX_PATH} CMAKE_PREFIX_PATH=/home/csilab/yolo_ws/install/yolo_msgs:/home/csilab/turtlebot3_ws/install/dynamixel_sdk_examples:/home/csilab/turtlebot3_ws/install/dynamixel_sdk_custom_interfaces:/home/csilab/turtlebot3_ws/install/dynamixel_sdk:/opt/ros/jazzy/opt/gz_sim_vendor:/opt/ros/jazzy/opt/gz_sensors_vendor:/opt/ros/jazzy/opt/gz_physics_vendor:/opt/ros/jazzy/opt/sdformat_vendor:/opt/ros/jazzy/opt/gz_gui_vendor:/opt/ros/jazzy/opt/gz_transport_vendor:/opt/ros/jazzy/opt/gz_rendering_vendor:/opt/ros/jazzy/opt/gz_plugin_vendor:/opt/ros/jazzy/opt/gz_fuel_tools_vendor:/opt/ros/jazzy/opt/gz_msgs_vendor:/opt/ros/jazzy/opt/gz_common_vendor:/opt/ros/jazzy/opt/gz_math_vendor:/opt/ros/jazzy/opt/gz_utils_vendor:/opt/ros/jazzy/opt/gz_tools_vendor:/opt/ros/jazzy/opt/gz_ogre_next_vendor:/opt/ros/jazzy/opt/gz_dartsim_vendor:/opt/ros/jazzy/opt/gz_cmake_vendor:/opt/ros/jazzy DEBUGINFOD_URLS=https://debuginfod.ubuntu.com LD_LIBRARY_PATH=/home/csilab/yolo_ws/install/yolo_msgs/lib:${LD_LIBRARY_PATH} PYTHONPATH=/home/csilab/yolo_ws/build/yolo_ros:/home/csilab/yolo_ws/install/yolo_ros/lib/python3.12/site-packages:/home/csilab/yolo_ws/install/yolo_msgs/lib/python3.12/site-packages:${PYTHONPATH} /usr/bin/cmake /home/csilab/yolo_ws/src/yolo_ros/yolo_bringup -DAMENT_CMAKE_SYMLINK_INSTALL=1 -DCMAKE_INSTALL_PREFIX=/home/csilab/yolo_ws/install/yolo_bringup
[0.703s] Invoking command in '/home/csilab/yolo_ws/build/yolo_bringup': AMENT_PREFIX_PATH=/home/csilab/yolo_ws/install/yolo_ros:/home/csilab/yolo_ws/install/yolo_msgs:${AMENT_PREFIX_PATH} CMAKE_PREFIX_PATH=/home/csilab/yolo_ws/install/yolo_msgs:/home/csilab/turtlebot3_ws/install/dynamixel_sdk_examples:/home/csilab/turtlebot3_ws/install/dynamixel_sdk_custom_interfaces:/home/csilab/turtlebot3_ws/install/dynamixel_sdk:/opt/ros/jazzy/opt/gz_sim_vendor:/opt/ros/jazzy/opt/gz_sensors_vendor:/opt/ros/jazzy/opt/gz_physics_vendor:/opt/ros/jazzy/opt/sdformat_vendor:/opt/ros/jazzy/opt/gz_gui_vendor:/opt/ros/jazzy/opt/gz_transport_vendor:/opt/ros/jazzy/opt/gz_rendering_vendor:/opt/ros/jazzy/opt/gz_plugin_vendor:/opt/ros/jazzy/opt/gz_fuel_tools_vendor:/opt/ros/jazzy/opt/gz_msgs_vendor:/opt/ros/jazzy/opt/gz_common_vendor:/opt/ros/jazzy/opt/gz_math_vendor:/opt/ros/jazzy/opt/gz_utils_vendor:/opt/ros/jazzy/opt/gz_tools_vendor:/opt/ros/jazzy/opt/gz_ogre_next_vendor:/opt/ros/jazzy/opt/gz_dartsim_vendor:/opt/ros/jazzy/opt/gz_cmake_vendor:/opt/ros/jazzy DEBUGINFOD_URLS=https://debuginfod.ubuntu.com LD_LIBRARY_PATH=/home/csilab/yolo_ws/install/yolo_msgs/lib:${LD_LIBRARY_PATH} PYTHONPATH=/home/csilab/yolo_ws/build/yolo_ros:/home/csilab/yolo_ws/install/yolo_ros/lib/python3.12/site-packages:/home/csilab/yolo_ws/install/yolo_msgs/lib/python3.12/site-packages:${PYTHONPATH} /usr/bin/cmake --build /home/csilab/yolo_ws/build/yolo_bringup -- -j12 -l12
[0.747s] Invoked command in '/home/csilab/yolo_ws/build/yolo_bringup' returned '0': AMENT_PREFIX_PATH=/home/csilab/yolo_ws/install/yolo_ros:/home/csilab/yolo_ws/install/yolo_msgs:${AMENT_PREFIX_PATH} CMAKE_PREFIX_PATH=/home/csilab/yolo_ws/install/yolo_msgs:/home/csilab/turtlebot3_ws/install/dynamixel_sdk_examples:/home/csilab/turtlebot3_ws/install/dynamixel_sdk_custom_interfaces:/home/csilab/turtlebot3_ws/install/dynamixel_sdk:/opt/ros/jazzy/opt/gz_sim_vendor:/opt/ros/jazzy/opt/gz_sensors_vendor:/opt/ros/jazzy/opt/gz_physics_vendor:/opt/ros/jazzy/opt/sdformat_vendor:/opt/ros/jazzy/opt/gz_gui_vendor:/opt/ros/jazzy/opt/gz_transport_vendor:/opt/ros/jazzy/opt/gz_rendering_vendor:/opt/ros/jazzy/opt/gz_plugin_vendor:/opt/ros/jazzy/opt/gz_fuel_tools_vendor:/opt/ros/jazzy/opt/gz_msgs_vendor:/opt/ros/jazzy/opt/gz_common_vendor:/opt/ros/jazzy/opt/gz_math_vendor:/opt/ros/jazzy/opt/gz_utils_vendor:/opt/ros/jazzy/opt/gz_tools_vendor:/opt/ros/jazzy/opt/gz_ogre_next_vendor:/opt/ros/jazzy/opt/gz_dartsim_vendor:/opt/ros/jazzy/opt/gz_cmake_vendor:/opt/ros/jazzy DEBUGINFOD_URLS=https://debuginfod.ubuntu.com LD_LIBRARY_PATH=/home/csilab/yolo_ws/install/yolo_msgs/lib:${LD_LIBRARY_PATH} PYTHONPATH=/home/csilab/yolo_ws/build/yolo_ros:/home/csilab/yolo_ws/install/yolo_ros/lib/python3.12/site-packages:/home/csilab/yolo_ws/install/yolo_msgs/lib/python3.12/site-packages:${PYTHONPATH} /usr/bin/cmake --build /home/csilab/yolo_ws/build/yolo_bringup -- -j12 -l12
[0.748s] Invoking command in '/home/csilab/yolo_ws/build/yolo_bringup': AMENT_PREFIX_PATH=/home/csilab/yolo_ws/install/yolo_ros:/home/csilab/yolo_ws/install/yolo_msgs:${AMENT_PREFIX_PATH} CMAKE_PREFIX_PATH=/home/csilab/yolo_ws/install/yolo_msgs:/home/csilab/turtlebot3_ws/install/dynamixel_sdk_examples:/home/csilab/turtlebot3_ws/install/dynamixel_sdk_custom_interfaces:/home/csilab/turtlebot3_ws/install/dynamixel_sdk:/opt/ros/jazzy/opt/gz_sim_vendor:/opt/ros/jazzy/opt/gz_sensors_vendor:/opt/ros/jazzy/opt/gz_physics_vendor:/opt/ros/jazzy/opt/sdformat_vendor:/opt/ros/jazzy/opt/gz_gui_vendor:/opt/ros/jazzy/opt/gz_transport_vendor:/opt/ros/jazzy/opt/gz_rendering_vendor:/opt/ros/jazzy/opt/gz_plugin_vendor:/opt/ros/jazzy/opt/gz_fuel_tools_vendor:/opt/ros/jazzy/opt/gz_msgs_vendor:/opt/ros/jazzy/opt/gz_common_vendor:/opt/ros/jazzy/opt/gz_math_vendor:/opt/ros/jazzy/opt/gz_utils_vendor:/opt/ros/jazzy/opt/gz_tools_vendor:/opt/ros/jazzy/opt/gz_ogre_next_vendor:/opt/ros/jazzy/opt/gz_dartsim_vendor:/opt/ros/jazzy/opt/gz_cmake_vendor:/opt/ros/jazzy DEBUGINFOD_URLS=https://debuginfod.ubuntu.com LD_LIBRARY_PATH=/home/csilab/yolo_ws/install/yolo_msgs/lib:${LD_LIBRARY_PATH} PYTHONPATH=/home/csilab/yolo_ws/build/yolo_ros:/home/csilab/yolo_ws/install/yolo_ros/lib/python3.12/site-packages:/home/csilab/yolo_ws/install/yolo_msgs/lib/python3.12/site-packages:${PYTHONPATH} /usr/bin/cmake --install /home/csilab/yolo_ws/build/yolo_bringup
[0.756s] -- Install configuration: ""
[0.757s] -- Execute custom install script
[0.757s] -- Symlinking: /home/csilab/yolo_ws/install/yolo_bringup/share/yolo_bringup//launch/yolo-world.launch.py
[0.767s] -- Symlinking: /home/csilab/yolo_ws/install/yolo_bringup/share/yolo_bringup//launch/yolo.launch.py
[0.776s] -- Symlinking: /home/csilab/yolo_ws/install/yolo_bringup/share/yolo_bringup//launch/yoloe.launch.py
[0.787s] -- Symlinking: /home/csilab/yolo_ws/install/yolo_bringup/share/yolo_bringup//launch/yolov10.launch.py
[0.797s] -- Symlinking: /home/csilab/yolo_ws/install/yolo_bringup/share/yolo_bringup//launch/yolov11.launch.py
[0.808s] -- Symlinking: /home/csilab/yolo_ws/install/yolo_bringup/share/yolo_bringup//launch/yolov12.launch.py
[0.816s] -- Symlinking: /home/csilab/yolo_ws/install/yolo_bringup/share/yolo_bringup//launch/yolov26.launch.py
[0.826s] -- Symlinking: /home/csilab/yolo_ws/install/yolo_bringup/share/yolo_bringup//launch/yolov5.launch.py
[0.837s] -- Symlinking: /home/csilab/yolo_ws/install/yolo_bringup/share/yolo_bringup//launch/yolov8.launch.py
[0.846s] -- Symlinking: /home/csilab/yolo_ws/install/yolo_bringup/share/yolo_bringup//launch/yolov9.launch.py
[0.855s] -- Symlinking: /home/csilab/yolo_ws/install/yolo_bringup/share/ament_index/resource_index/package_run_dependencies/yolo_bringup
[0.865s] -- Symlinking: /home/csilab/yolo_ws/install/yolo_bringup/share/ament_index/resource_index/parent_prefix_path/yolo_bringup
[0.875s] -- Symlinking: /home/csilab/yolo_ws/install/yolo_bringup/share/yolo_bringup/environment/ament_prefix_path.sh
[0.885s] -- Symlinking: /home/csilab/yolo_ws/install/yolo_bringup/share/yolo_bringup/environment/ament_prefix_path.dsv
[0.895s] -- Symlinking: /home/csilab/yolo_ws/install/yolo_bringup/share/yolo_bringup/environment/path.sh
[0.904s] -- Symlinking: /home/csilab/yolo_ws/install/yolo_bringup/share/yolo_bringup/environment/path.dsv
[0.912s] -- Symlinking: /home/csilab/yolo_ws/install/yolo_bringup/share/yolo_bringup/local_setup.bash
[0.922s] -- Symlinking: /home/csilab/yolo_ws/install/yolo_bringup/share/yolo_bringup/local_setup.sh
[0.932s] -- Symlinking: /home/csilab/yolo_ws/install/yolo_bringup/share/yolo_bringup/local_setup.zsh
[0.941s] -- Symlinking: /home/csilab/yolo_ws/install/yolo_bringup/share/yolo_bringup/local_setup.dsv
[0.950s] -- Symlinking: /home/csilab/yolo_ws/install/yolo_bringup/share/yolo_bringup/package.dsv
[0.961s] -- Symlinking: /home/csilab/yolo_ws/install/yolo_bringup/share/ament_index/resource_index/packages/yolo_bringup
[0.971s] -- Symlinking: /home/csilab/yolo_ws/install/yolo_bringup/share/yolo_bringup/cmake/yolo_bringupConfig.cmake
[0.979s] -- Symlinking: /home/csilab/yolo_ws/install/yolo_bringup/share/yolo_bringup/cmake/yolo_bringupConfig-version.cmake
[0.989s] -- Symlinking: /home/csilab/yolo_ws/install/yolo_bringup/share/yolo_bringup/package.xml
[1.002s] Invoked command in '/home/csilab/yolo_ws/build/yolo_bringup' returned '0': AMENT_PREFIX_PATH=/home/csilab/yolo_ws/install/yolo_ros:/home/csilab/yolo_ws/install/yolo_msgs:${AMENT_PREFIX_PATH} CMAKE_PREFIX_PATH=/home/csilab/yolo_ws/install/yolo_msgs:/home/csilab/turtlebot3_ws/install/dynamixel_sdk_examples:/home/csilab/turtlebot3_ws/install/dynamixel_sdk_custom_interfaces:/home/csilab/turtlebot3_ws/install/dynamixel_sdk:/opt/ros/jazzy/opt/gz_sim_vendor:/opt/ros/jazzy/opt/gz_sensors_vendor:/opt/ros/jazzy/opt/gz_physics_vendor:/opt/ros/jazzy/opt/sdformat_vendor:/opt/ros/jazzy/opt/gz_gui_vendor:/opt/ros/jazzy/opt/gz_transport_vendor:/opt/ros/jazzy/opt/gz_rendering_vendor:/opt/ros/jazzy/opt/gz_plugin_vendor:/opt/ros/jazzy/opt/gz_fuel_tools_vendor:/opt/ros/jazzy/opt/gz_msgs_vendor:/opt/ros/jazzy/opt/gz_common_vendor:/opt/ros/jazzy/opt/gz_math_vendor:/opt/ros/jazzy/opt/gz_utils_vendor:/opt/ros/jazzy/opt/gz_tools_vendor:/opt/ros/jazzy/opt/gz_ogre_next_vendor:/opt/ros/jazzy/opt/gz_dartsim_vendor:/opt/ros/jazzy/opt/gz_cmake_vendor:/opt/ros/jazzy DEBUGINFOD_URLS=https://debuginfod.ubuntu.com LD_LIBRARY_PATH=/home/csilab/yolo_ws/install/yolo_msgs/lib:${LD_LIBRARY_PATH} PYTHONPATH=/home/csilab/yolo_ws/build/yolo_ros:/home/csilab/yolo_ws/install/yolo_ros/lib/python3.12/site-packages:/home/csilab/yolo_ws/install/yolo_msgs/lib/python3.12/site-packages:${PYTHONPATH} /usr/bin/cmake --install /home/csilab/yolo_ws/build/yolo_bringup
