running develop
running egg_info
creating nav2_behavior.egg-info
writing nav2_behavior.egg-info/PKG-INFO
writing dependency_links to nav2_behavior.egg-info/dependency_links.txt
writing entry points to nav2_behavior.egg-info/entry_points.txt
writing requirements to nav2_behavior.egg-info/requires.txt
writing top-level names to nav2_behavior.egg-info/top_level.txt
writing manifest file 'nav2_behavior.egg-info/SOURCES.txt'
reading manifest file 'nav2_behavior.egg-info/SOURCES.txt'
writing manifest file 'nav2_behavior.egg-info/SOURCES.txt'
running build_ext
Creating /home/csilab/yolo_ws/install/nav2_behavior/lib/python3.12/site-packages/nav2-behavior.egg-link (link to .)
Installing go_to_pose script to /home/csilab/yolo_ws/install/nav2_behavior/lib/nav2_behavior

Installed /home/csilab/yolo_ws/build/nav2_behavior
running symlink_data
creating /home/csilab/yolo_ws/install/nav2_behavior/share/ament_index
creating /home/csilab/yolo_ws/install/nav2_behavior/share/ament_index/resource_index
creating /home/csilab/yolo_ws/install/nav2_behavior/share/ament_index/resource_index/packages
symbolically linking /home/csilab/yolo_ws/build/nav2_behavior/resource/nav2_behavior -> /home/csilab/yolo_ws/install/nav2_behavior/share/ament_index/resource_index/packages
symbolically linking /home/csilab/yolo_ws/build/nav2_behavior/package.xml -> /home/csilab/yolo_ws/install/nav2_behavior/share/nav2_behavior
