[0.019s] Invoking command in '/home/csilab/yolo_ws/build/yolo_msgs': CMAKE_PREFIX_PATH=${CMAKE_PREFIX_PATH}:/opt/ros/jazzy DEBUGINFOD_URLS=https://debuginfod.ubuntu.com /usr/bin/cmake /home/csilab/yolo_ws/src/yolo_ros/yolo_msgs -DAMENT_CMAKE_SYMLINK_INSTALL=1 -DCMAKE_INSTALL_PREFIX=/home/csilab/yolo_ws/install/yolo_msgs
[0.252s] -- The C compiler identification is GNU 13.3.0
[0.405s] -- The CXX compiler identification is GNU 13.3.0
[0.443s] -- Detecting C compiler ABI info
[0.631s] -- Detecting C compiler ABI info - done
[0.646s] -- Check for working C compiler: /usr/bin/cc - skipped
[0.648s] -- Detecting C compile features
[0.649s] -- Detecting C compile features - done
[0.669s] -- Detecting CXX compiler ABI info
[0.863s] -- Detecting CXX compiler ABI info - done
[0.879s] -- Check for working CXX compiler: /usr/bin/c++ - skipped
[0.879s] -- Detecting CXX compile features
[0.880s] -- Detecting CXX compile features - done
[0.902s] -- Found ament_cmake: 2.5.6 (/opt/ros/jazzy/share/ament_cmake/cmake)
[1.163s] -- Found Python3: /usr/bin/python3 (found version "3.12.3") found components: Interpreter 
[1.240s] -- Override CMake install command with custom implementation using symlinks instead of copying resources
[1.325s] -- Found rosidl_default_generators: 1.6.1 (/opt/ros/jazzy/share/rosidl_default_generators/cmake)
[1.337s] -- Using all available rosidl_typesupport_c: rosidl_typesupport_fastrtps_c;rosidl_typesupport_introspection_c
[1.418s] -- Using all available rosidl_typesupport_cpp: rosidl_typesupport_fastrtps_cpp;rosidl_typesupport_introspection_cpp
[1.491s] -- Found rosidl_adapter: 4.6.9 (/opt/ros/jazzy/share/rosidl_adapter/cmake)
[1.498s] -- Found std_msgs: 5.3.8 (/opt/ros/jazzy/share/std_msgs/cmake)
[1.547s] -- Found geometry_msgs: 5.3.8 (/opt/ros/jazzy/share/geometry_msgs/cmake)
[2.164s] -- Found ament_cmake_ros: 0.12.1 (/opt/ros/jazzy/share/ament_cmake_ros/cmake)
[2.622s] -- Using all available rosidl_typesupport_c: rosidl_typesupport_fastrtps_c;rosidl_typesupport_introspection_c
[3.205s] -- Using all available rosidl_typesupport_cpp: rosidl_typesupport_fastrtps_cpp;rosidl_typesupport_introspection_cpp
[3.213s] -- Found python_cmake_module: 0.11.1 (/opt/ros/jazzy/share/python_cmake_module/cmake)
[3.328s] -- Found PythonExtra: /usr/bin/python3  
[3.702s] -- Found Python3: /usr/bin/python3 (found version "3.12.3") found components: Interpreter Development NumPy Development.Module Development.Embed 
[3.814s] -- Found Python3: /usr/bin/python3 (found version "3.12.3") found components: Interpreter 
[3.837s] -- Configuring done (3.7s)
[3.892s] -- Generating done (0.0s)
[3.904s] -- Build files have been written to: /home/csilab/yolo_ws/build/yolo_msgs
[3.915s] Invoked command in '/home/csilab/yolo_ws/build/yolo_msgs' returned '0': CMAKE_PREFIX_PATH=${CMAKE_PREFIX_PATH}:/opt/ros/jazzy DEBUGINFOD_URLS=https://debuginfod.ubuntu.com /usr/bin/cmake /home/csilab/yolo_ws/src/yolo_ros/yolo_msgs -DAMENT_CMAKE_SYMLINK_INSTALL=1 -DCMAKE_INSTALL_PREFIX=/home/csilab/yolo_ws/install/yolo_msgs
[3.917s] Invoking command in '/home/csilab/yolo_ws/build/yolo_msgs': CMAKE_PREFIX_PATH=${CMAKE_PREFIX_PATH}:/opt/ros/jazzy DEBUGINFOD_URLS=https://debuginfod.ubuntu.com /usr/bin/cmake --build /home/csilab/yolo_ws/build/yolo_msgs -- -j12 -l12
[3.992s] [  1%] [34m[1mGenerating Rust code for ROS interfaces[0m
[3.992s] [  2%] [34m[1mGenerating type hashes for ROS interfaces[0m
[3.993s] [  2%] Built target ament_cmake_python_symlink_yolo_msgs
[4.191s] running egg_info
[4.192s] creating yolo_msgs.egg-info
[4.212s] writing yolo_msgs.egg-info/PKG-INFO
[4.213s] writing dependency_links to yolo_msgs.egg-info/dependency_links.txt
[4.213s] writing top-level names to yolo_msgs.egg-info/top_level.txt
[4.213s] writing manifest file 'yolo_msgs.egg-info/SOURCES.txt'
[4.274s] reading manifest file 'yolo_msgs.egg-info/SOURCES.txt'
[4.275s] writing manifest file 'yolo_msgs.egg-info/SOURCES.txt'
[4.299s] [  2%] Built target ament_cmake_python_build_yolo_msgs_egg
[4.421s] [  2%] Built target yolo_msgs__rosidl_generator_type_description
[4.434s] [  2%] [34m[1mGenerating C code for ROS interfaces[0m
[4.448s] [  2%] [34m[1mGenerating C++ code for ROS interfaces[0m
[4.464s] [  2%] Built target yolo_msgs__rs
[5.202s] [  2%] Built target yolo_msgs__cpp
[5.422s] [  7%] [32mBuilding C object CMakeFiles/yolo_msgs__rosidl_generator_c.dir/rosidl_generator_c/yolo_msgs/msg/detail/bounding_box2_d__description.c.o[0m
[5.424s] [  7%] [32mBuilding C object CMakeFiles/yolo_msgs__rosidl_generator_c.dir/rosidl_generator_c/yolo_msgs/msg/detail/pose2_d__functions.c.o[0m
[5.424s] [  7%] [32mBuilding C object CMakeFiles/yolo_msgs__rosidl_generator_c.dir/rosidl_generator_c/yolo_msgs/msg/detail/point2_d__type_support.c.o[0m
[5.424s] [  7%] [32mBuilding C object CMakeFiles/yolo_msgs__rosidl_generator_c.dir/rosidl_generator_c/yolo_msgs/msg/detail/bounding_box2_d__functions.c.o[0m
[5.424s] [  9%] [32mBuilding C object CMakeFiles/yolo_msgs__rosidl_generator_c.dir/rosidl_generator_c/yolo_msgs/msg/detail/vector2__functions.c.o[0m
[5.424s] [  9%] [32mBuilding C object CMakeFiles/yolo_msgs__rosidl_generator_c.dir/rosidl_generator_c/yolo_msgs/msg/detail/pose2_d__type_support.c.o[0m
[5.424s] [  9%] [32mBuilding C object CMakeFiles/yolo_msgs__rosidl_generator_c.dir/rosidl_generator_c/yolo_msgs/msg/detail/vector2__description.c.o[0m
[5.424s] [  9%] [32mBuilding C object CMakeFiles/yolo_msgs__rosidl_generator_c.dir/rosidl_generator_c/yolo_msgs/msg/detail/point2_d__functions.c.o[0m
[5.424s] [  7%] [32mBuilding C object CMakeFiles/yolo_msgs__rosidl_generator_c.dir/rosidl_generator_c/yolo_msgs/msg/detail/pose2_d__description.c.o[0m
[5.424s] [  9%] [32mBuilding C object CMakeFiles/yolo_msgs__rosidl_generator_c.dir/rosidl_generator_c/yolo_msgs/msg/detail/bounding_box2_d__type_support.c.o[0m
[5.424s] [  7%] [32mBuilding C object CMakeFiles/yolo_msgs__rosidl_generator_c.dir/rosidl_generator_c/yolo_msgs/msg/detail/vector2__type_support.c.o[0m
[5.424s] [ 10%] [32mBuilding C object CMakeFiles/yolo_msgs__rosidl_generator_c.dir/rosidl_generator_c/yolo_msgs/msg/detail/point2_d__description.c.o[0m
[5.480s] [ 10%] [32mBuilding C object CMakeFiles/yolo_msgs__rosidl_generator_c.dir/rosidl_generator_c/yolo_msgs/msg/detail/bounding_box3_d__functions.c.o[0m
[5.481s] [ 12%] [32mBuilding C object CMakeFiles/yolo_msgs__rosidl_generator_c.dir/rosidl_generator_c/yolo_msgs/msg/detail/bounding_box3_d__type_support.c.o[0m
[5.481s] [ 12%] [32mBuilding C object CMakeFiles/yolo_msgs__rosidl_generator_c.dir/rosidl_generator_c/yolo_msgs/msg/detail/bounding_box3_d__description.c.o[0m
[5.482s] [ 13%] [32mBuilding C object CMakeFiles/yolo_msgs__rosidl_generator_c.dir/rosidl_generator_c/yolo_msgs/msg/detail/mask__description.c.o[0m
[5.494s] [ 15%] [32mBuilding C object CMakeFiles/yolo_msgs__rosidl_generator_c.dir/rosidl_generator_c/yolo_msgs/msg/detail/mask__type_support.c.o[0m
[5.494s] [ 15%] [32mBuilding C object CMakeFiles/yolo_msgs__rosidl_generator_c.dir/rosidl_generator_c/yolo_msgs/msg/detail/key_point2_d__description.c.o[0m
[5.494s] [ 15%] [32mBuilding C object CMakeFiles/yolo_msgs__rosidl_generator_c.dir/rosidl_generator_c/yolo_msgs/msg/detail/mask__functions.c.o[0m
[5.494s] [ 15%] [32mBuilding C object CMakeFiles/yolo_msgs__rosidl_generator_c.dir/rosidl_generator_c/yolo_msgs/msg/detail/key_point2_d__functions.c.o[0m
[5.510s] [ 15%] [32mBuilding C object CMakeFiles/yolo_msgs__rosidl_generator_c.dir/rosidl_generator_c/yolo_msgs/msg/detail/key_point2_d_array__functions.c.o[0m
[5.511s] [ 17%] [32mBuilding C object CMakeFiles/yolo_msgs__rosidl_generator_c.dir/rosidl_generator_c/yolo_msgs/msg/detail/key_point2_d_array__description.c.o[0m
[5.511s] [ 17%] [32mBuilding C object CMakeFiles/yolo_msgs__rosidl_generator_c.dir/rosidl_generator_c/yolo_msgs/msg/detail/key_point2_d__type_support.c.o[0m
[5.513s] [ 18%] [32mBuilding C object CMakeFiles/yolo_msgs__rosidl_generator_c.dir/rosidl_generator_c/yolo_msgs/msg/detail/key_point2_d_array__type_support.c.o[0m
[5.533s] [ 19%] [32mBuilding C object CMakeFiles/yolo_msgs__rosidl_generator_c.dir/rosidl_generator_c/yolo_msgs/msg/detail/key_point3_d__description.c.o[0m
[5.537s] [ 19%] [32mBuilding C object CMakeFiles/yolo_msgs__rosidl_generator_c.dir/rosidl_generator_c/yolo_msgs/msg/detail/key_point3_d__functions.c.o[0m
[5.540s] [ 20%] [32mBuilding C object CMakeFiles/yolo_msgs__rosidl_generator_c.dir/rosidl_generator_c/yolo_msgs/msg/detail/key_point3_d__type_support.c.o[0m
[5.541s] [ 21%] [32mBuilding C object CMakeFiles/yolo_msgs__rosidl_generator_c.dir/rosidl_generator_c/yolo_msgs/msg/detail/key_point3_d_array__description.c.o[0m
[5.548s] [ 22%] [32mBuilding C object CMakeFiles/yolo_msgs__rosidl_generator_c.dir/rosidl_generator_c/yolo_msgs/msg/detail/key_point3_d_array__functions.c.o[0m
[5.548s] [ 22%] [32mBuilding C object CMakeFiles/yolo_msgs__rosidl_generator_c.dir/rosidl_generator_c/yolo_msgs/msg/detail/key_point3_d_array__type_support.c.o[0m
[5.559s] [ 22%] [32mBuilding C object CMakeFiles/yolo_msgs__rosidl_generator_c.dir/rosidl_generator_c/yolo_msgs/msg/detail/detection__description.c.o[0m
[5.562s] [ 23%] [32mBuilding C object CMakeFiles/yolo_msgs__rosidl_generator_c.dir/rosidl_generator_c/yolo_msgs/msg/detail/detection__functions.c.o[0m
[5.563s] [ 24%] [32mBuilding C object CMakeFiles/yolo_msgs__rosidl_generator_c.dir/rosidl_generator_c/yolo_msgs/msg/detail/detection__type_support.c.o[0m
[5.563s] [ 24%] [32mBuilding C object CMakeFiles/yolo_msgs__rosidl_generator_c.dir/rosidl_generator_c/yolo_msgs/msg/detail/detection_array__description.c.o[0m
[5.575s] [ 25%] [32mBuilding C object CMakeFiles/yolo_msgs__rosidl_generator_c.dir/rosidl_generator_c/yolo_msgs/msg/detail/detection_array__functions.c.o[0m
[5.580s] [ 26%] [32mBuilding C object CMakeFiles/yolo_msgs__rosidl_generator_c.dir/rosidl_generator_c/yolo_msgs/msg/detail/detection_array__type_support.c.o[0m
[5.585s] [ 26%] [32mBuilding C object CMakeFiles/yolo_msgs__rosidl_generator_c.dir/rosidl_generator_c/yolo_msgs/srv/detail/set_classes__description.c.o[0m
[5.588s] [ 27%] [32mBuilding C object CMakeFiles/yolo_msgs__rosidl_generator_c.dir/rosidl_generator_c/yolo_msgs/srv/detail/set_classes__functions.c.o[0m
[5.594s] [ 28%] [32mBuilding C object CMakeFiles/yolo_msgs__rosidl_generator_c.dir/rosidl_generator_c/yolo_msgs/srv/detail/set_classes__type_support.c.o[0m
[5.665s] [ 28%] [32m[1mLinking C shared library libyolo_msgs__rosidl_generator_c.so[0m
[5.712s] [ 28%] Built target yolo_msgs__rosidl_generator_c
[5.725s] [ 32%] [34m[1mGenerating C type support for eProsima Fast-RTPS[0m
[5.725s] [ 32%] [34m[1mGenerating C++ type support for eProsima Fast-RTPS[0m
[5.725s] [ 32%] [34m[1mGenerating C++ type support dispatch for ROS interfaces[0m
[5.725s] [ 32%] [34m[1mGenerating C++ introspection for ROS interfaces[0m
[5.725s] [ 32%] [34m[1mGenerating C type support dispatch for ROS interfaces[0m
[5.725s] [ 32%] [34m[1mGenerating C introspection for ROS interfaces[0m
[6.350s] [ 34%] [32mBuilding CXX object CMakeFiles/yolo_msgs__rosidl_typesupport_cpp.dir/rosidl_typesupport_cpp/yolo_msgs/msg/bounding_box3_d__type_support.cpp.o[0m
[6.350s] [ 34%] [32mBuilding CXX object CMakeFiles/yolo_msgs__rosidl_typesupport_cpp.dir/rosidl_typesupport_cpp/yolo_msgs/msg/mask__type_support.cpp.o[0m
[6.350s] [ 34%] [32mBuilding CXX object CMakeFiles/yolo_msgs__rosidl_typesupport_cpp.dir/rosidl_typesupport_cpp/yolo_msgs/msg/bounding_box2_d__type_support.cpp.o[0m
[6.351s] [ 35%] [32mBuilding CXX object CMakeFiles/yolo_msgs__rosidl_typesupport_cpp.dir/rosidl_typesupport_cpp/yolo_msgs/msg/vector2__type_support.cpp.o[0m
[6.351s] [ 35%] [32mBuilding CXX object CMakeFiles/yolo_msgs__rosidl_typesupport_cpp.dir/rosidl_typesupport_cpp/yolo_msgs/msg/pose2_d__type_support.cpp.o[0m
[6.351s] [ 37%] [32mBuilding CXX object CMakeFiles/yolo_msgs__rosidl_typesupport_cpp.dir/rosidl_typesupport_cpp/yolo_msgs/msg/key_point2_d__type_support.cpp.o[0m
[6.351s] [ 36%] [32mBuilding CXX object CMakeFiles/yolo_msgs__rosidl_typesupport_cpp.dir/rosidl_typesupport_cpp/yolo_msgs/msg/point2_d__type_support.cpp.o[0m
[6.366s] [ 37%] [32mBuilding CXX object CMakeFiles/yolo_msgs__rosidl_typesupport_c.dir/rosidl_typesupport_c/yolo_msgs/msg/point2_d__type_support.cpp.o[0m
[6.441s] [ 38%] [32mBuilding CXX object CMakeFiles/yolo_msgs__rosidl_typesupport_c.dir/rosidl_typesupport_c/yolo_msgs/msg/vector2__type_support.cpp.o[0m
[6.508s] [ 39%] [32mBuilding CXX object CMakeFiles/yolo_msgs__rosidl_typesupport_c.dir/rosidl_typesupport_c/yolo_msgs/msg/pose2_d__type_support.cpp.o[0m
[6.573s] [ 39%] [32mBuilding CXX object CMakeFiles/yolo_msgs__rosidl_typesupport_c.dir/rosidl_typesupport_c/yolo_msgs/msg/bounding_box2_d__type_support.cpp.o[0m
[6.639s] [ 40%] [32mBuilding CXX object CMakeFiles/yolo_msgs__rosidl_typesupport_c.dir/rosidl_typesupport_c/yolo_msgs/msg/bounding_box3_d__type_support.cpp.o[0m
[6.718s] [ 40%] [32mBuilding CXX object CMakeFiles/yolo_msgs__rosidl_typesupport_c.dir/rosidl_typesupport_c/yolo_msgs/msg/mask__type_support.cpp.o[0m
[6.777s] [ 41%] [32mBuilding CXX object CMakeFiles/yolo_msgs__rosidl_typesupport_introspection_cpp.dir/rosidl_typesupport_introspection_cpp/yolo_msgs/msg/detail/point2_d__type_support.cpp.o[0m
[6.796s] [ 42%] [32mBuilding CXX object CMakeFiles/yolo_msgs__rosidl_typesupport_c.dir/rosidl_typesupport_c/yolo_msgs/msg/key_point2_d__type_support.cpp.o[0m
[6.798s] [ 42%] [32mBuilding CXX object CMakeFiles/yolo_msgs__rosidl_typesupport_introspection_cpp.dir/rosidl_typesupport_introspection_cpp/yolo_msgs/msg/detail/vector2__type_support.cpp.o[0m
[6.807s] [ 43%] [32mBuilding CXX object CMakeFiles/yolo_msgs__rosidl_typesupport_c.dir/rosidl_typesupport_c/yolo_msgs/msg/key_point2_d_array__type_support.cpp.o[0m
[6.831s] [ 44%] [32mBuilding CXX object CMakeFiles/yolo_msgs__rosidl_typesupport_introspection_cpp.dir/rosidl_typesupport_introspection_cpp/yolo_msgs/msg/detail/pose2_d__type_support.cpp.o[0m
[6.834s] [ 44%] [32mBuilding CXX object CMakeFiles/yolo_msgs__rosidl_typesupport_cpp.dir/rosidl_typesupport_cpp/yolo_msgs/msg/key_point2_d_array__type_support.cpp.o[0m
[6.839s] [ 44%] [32mBuilding CXX object CMakeFiles/yolo_msgs__rosidl_typesupport_c.dir/rosidl_typesupport_c/yolo_msgs/msg/key_point3_d__type_support.cpp.o[0m
[6.868s] [ 45%] [32mBuilding CXX object CMakeFiles/yolo_msgs__rosidl_typesupport_cpp.dir/rosidl_typesupport_cpp/yolo_msgs/msg/key_point3_d__type_support.cpp.o[0m
[6.870s] [ 46%] [32mBuilding CXX object CMakeFiles/yolo_msgs__rosidl_typesupport_introspection_cpp.dir/rosidl_typesupport_introspection_cpp/yolo_msgs/msg/detail/bounding_box2_d__type_support.cpp.o[0m
[6.876s] [ 46%] [32mBuilding CXX object CMakeFiles/yolo_msgs__rosidl_typesupport_introspection_cpp.dir/rosidl_typesupport_introspection_cpp/yolo_msgs/msg/detail/bounding_box3_d__type_support.cpp.o[0m
[6.890s] [ 47%] [32mBuilding C object CMakeFiles/yolo_msgs__rosidl_typesupport_introspection_c.dir/rosidl_typesupport_introspection_c/yolo_msgs/msg/detail/point2_d__type_support.c.o[0m
[6.901s] [ 48%] [32mBuilding CXX object CMakeFiles/yolo_msgs__rosidl_typesupport_introspection_cpp.dir/rosidl_typesupport_introspection_cpp/yolo_msgs/msg/detail/mask__type_support.cpp.o[0m
[6.906s] [ 49%] [32mBuilding CXX object CMakeFiles/yolo_msgs__rosidl_typesupport_c.dir/rosidl_typesupport_c/yolo_msgs/msg/key_point3_d_array__type_support.cpp.o[0m
[6.952s] [ 50%] [32mBuilding C object CMakeFiles/yolo_msgs__rosidl_typesupport_introspection_c.dir/rosidl_typesupport_introspection_c/yolo_msgs/msg/detail/vector2__type_support.c.o[0m
[6.969s] [ 51%] [32mBuilding CXX object CMakeFiles/yolo_msgs__rosidl_typesupport_c.dir/rosidl_typesupport_c/yolo_msgs/msg/detection__type_support.cpp.o[0m
[7.020s] [ 51%] [32mBuilding C object CMakeFiles/yolo_msgs__rosidl_typesupport_introspection_c.dir/rosidl_typesupport_introspection_c/yolo_msgs/msg/detail/pose2_d__type_support.c.o[0m
[7.077s] [ 51%] [32mBuilding CXX object CMakeFiles/yolo_msgs__rosidl_typesupport_c.dir/rosidl_typesupport_c/yolo_msgs/msg/detection_array__type_support.cpp.o[0m
[7.089s] [ 52%] [32mBuilding C object CMakeFiles/yolo_msgs__rosidl_typesupport_introspection_c.dir/rosidl_typesupport_introspection_c/yolo_msgs/msg/detail/bounding_box2_d__type_support.c.o[0m
[7.154s] [ 53%] [32mBuilding C object CMakeFiles/yolo_msgs__rosidl_typesupport_introspection_c.dir/rosidl_typesupport_introspection_c/yolo_msgs/msg/detail/bounding_box3_d__type_support.c.o[0m
[7.156s] [ 54%] [32mBuilding CXX object CMakeFiles/yolo_msgs__rosidl_typesupport_c.dir/rosidl_typesupport_c/yolo_msgs/srv/set_classes__type_support.cpp.o[0m
[7.170s] [ 54%] [32mBuilding CXX object CMakeFiles/yolo_msgs__rosidl_typesupport_fastrtps_cpp.dir/rosidl_typesupport_fastrtps_cpp/yolo_msgs/msg/detail/dds_fastrtps/point2_d__type_support.cpp.o[0m
[7.233s] [ 55%] [32mBuilding CXX object CMakeFiles/yolo_msgs__rosidl_typesupport_fastrtps_cpp.dir/rosidl_typesupport_fastrtps_cpp/yolo_msgs/msg/detail/dds_fastrtps/vector2__type_support.cpp.o[0m
[7.237s] [ 55%] [32mBuilding C object CMakeFiles/yolo_msgs__rosidl_typesupport_introspection_c.dir/rosidl_typesupport_introspection_c/yolo_msgs/msg/detail/mask__type_support.c.o[0m
[7.247s] [ 56%] [32m[1mLinking CXX shared library libyolo_msgs__rosidl_typesupport_c.so[0m
[7.270s] [ 57%] [32mBuilding CXX object CMakeFiles/yolo_msgs__rosidl_typesupport_cpp.dir/rosidl_typesupport_cpp/yolo_msgs/msg/key_point3_d_array__type_support.cpp.o[0m
[7.270s] [ 57%] [32mBuilding CXX object CMakeFiles/yolo_msgs__rosidl_typesupport_cpp.dir/rosidl_typesupport_cpp/yolo_msgs/msg/detection__type_support.cpp.o[0m
[7.298s] [ 58%] [32mBuilding CXX object CMakeFiles/yolo_msgs__rosidl_typesupport_fastrtps_cpp.dir/rosidl_typesupport_fastrtps_cpp/yolo_msgs/msg/detail/dds_fastrtps/pose2_d__type_support.cpp.o[0m
[7.304s] [ 59%] [32mBuilding CXX object CMakeFiles/yolo_msgs__rosidl_typesupport_fastrtps_c.dir/rosidl_typesupport_fastrtps_c/yolo_msgs/msg/detail/point2_d__type_support_c.cpp.o[0m
[7.317s] [ 60%] [32mBuilding C object CMakeFiles/yolo_msgs__rosidl_typesupport_introspection_c.dir/rosidl_typesupport_introspection_c/yolo_msgs/msg/detail/key_point2_d__type_support.c.o[0m
[7.323s] [ 60%] [32mBuilding CXX object CMakeFiles/yolo_msgs__rosidl_typesupport_fastrtps_cpp.dir/rosidl_typesupport_fastrtps_cpp/yolo_msgs/msg/detail/dds_fastrtps/bounding_box2_d__type_support.cpp.o[0m
[7.330s] [ 61%] [32mBuilding CXX object CMakeFiles/yolo_msgs__rosidl_typesupport_cpp.dir/rosidl_typesupport_cpp/yolo_msgs/msg/detection_array__type_support.cpp.o[0m
[7.348s] [ 62%] [32mBuilding CXX object CMakeFiles/yolo_msgs__rosidl_typesupport_fastrtps_cpp.dir/rosidl_typesupport_fastrtps_cpp/yolo_msgs/msg/detail/dds_fastrtps/bounding_box3_d__type_support.cpp.o[0m
[7.348s] [ 62%] Built target yolo_msgs__rosidl_typesupport_c
[7.364s] [ 62%] [32mBuilding CXX object CMakeFiles/yolo_msgs__rosidl_typesupport_fastrtps_cpp.dir/rosidl_typesupport_fastrtps_cpp/yolo_msgs/msg/detail/dds_fastrtps/mask__type_support.cpp.o[0m
[7.383s] [ 62%] [32mBuilding C object CMakeFiles/yolo_msgs__rosidl_typesupport_introspection_c.dir/rosidl_typesupport_introspection_c/yolo_msgs/msg/detail/key_point2_d_array__type_support.c.o[0m
[7.473s] [ 63%] [32mBuilding C object CMakeFiles/yolo_msgs__rosidl_typesupport_introspection_c.dir/rosidl_typesupport_introspection_c/yolo_msgs/msg/detail/key_point3_d__type_support.c.o[0m
[7.477s] [ 63%] [32mBuilding CXX object CMakeFiles/yolo_msgs__rosidl_typesupport_introspection_cpp.dir/rosidl_typesupport_introspection_cpp/yolo_msgs/msg/detail/key_point2_d__type_support.cpp.o[0m
[7.563s] [ 64%] [32mBuilding C object CMakeFiles/yolo_msgs__rosidl_typesupport_introspection_c.dir/rosidl_typesupport_introspection_c/yolo_msgs/msg/detail/key_point3_d_array__type_support.c.o[0m
[7.631s] [ 64%] [32mBuilding C object CMakeFiles/yolo_msgs__rosidl_typesupport_introspection_c.dir/rosidl_typesupport_introspection_c/yolo_msgs/msg/detail/detection__type_support.c.o[0m
[7.707s] [ 65%] [32mBuilding C object CMakeFiles/yolo_msgs__rosidl_typesupport_introspection_c.dir/rosidl_typesupport_introspection_c/yolo_msgs/msg/detail/detection_array__type_support.c.o[0m
[7.725s] [ 66%] [32mBuilding CXX object CMakeFiles/yolo_msgs__rosidl_typesupport_fastrtps_cpp.dir/rosidl_typesupport_fastrtps_cpp/yolo_msgs/msg/detail/dds_fastrtps/key_point2_d__type_support.cpp.o[0m
[7.730s] [ 66%] [32mBuilding CXX object CMakeFiles/yolo_msgs__rosidl_typesupport_fastrtps_c.dir/rosidl_typesupport_fastrtps_c/yolo_msgs/msg/detail/vector2__type_support_c.cpp.o[0m
[7.790s] [ 67%] [32mBuilding CXX object CMakeFiles/yolo_msgs__rosidl_typesupport_cpp.dir/rosidl_typesupport_cpp/yolo_msgs/srv/set_classes__type_support.cpp.o[0m
[7.813s] [ 68%] [32mBuilding C object CMakeFiles/yolo_msgs__rosidl_typesupport_introspection_c.dir/rosidl_typesupport_introspection_c/yolo_msgs/srv/detail/set_classes__type_support.c.o[0m
[7.903s] [ 68%] [32m[1mLinking C shared library libyolo_msgs__rosidl_typesupport_introspection_c.so[0m
[7.936s] [ 69%] [32mBuilding CXX object CMakeFiles/yolo_msgs__rosidl_typesupport_introspection_cpp.dir/rosidl_typesupport_introspection_cpp/yolo_msgs/msg/detail/key_point2_d_array__type_support.cpp.o[0m
[7.958s] [ 70%] [32mBuilding CXX object CMakeFiles/yolo_msgs__rosidl_typesupport_fastrtps_c.dir/rosidl_typesupport_fastrtps_c/yolo_msgs/msg/detail/pose2_d__type_support_c.cpp.o[0m
[7.966s] [ 70%] Built target yolo_msgs__rosidl_typesupport_introspection_c
[7.982s] [ 72%] [32mBuilding CXX object CMakeFiles/yolo_msgs__rosidl_typesupport_fastrtps_c.dir/rosidl_typesupport_fastrtps_c/yolo_msgs/msg/detail/bounding_box2_d__type_support_c.cpp.o[0m
[7.982s] [ 72%] [32mBuilding CXX object CMakeFiles/yolo_msgs__rosidl_typesupport_fastrtps_cpp.dir/rosidl_typesupport_fastrtps_cpp/yolo_msgs/msg/detail/dds_fastrtps/key_point2_d_array__type_support.cpp.o[0m
[7.984s] [ 73%] [32mBuilding CXX object CMakeFiles/yolo_msgs__rosidl_typesupport_introspection_cpp.dir/rosidl_typesupport_introspection_cpp/yolo_msgs/msg/detail/key_point3_d__type_support.cpp.o[0m
[7.995s] [ 73%] [32mBuilding CXX object CMakeFiles/yolo_msgs__rosidl_typesupport_fastrtps_c.dir/rosidl_typesupport_fastrtps_c/yolo_msgs/msg/detail/bounding_box3_d__type_support_c.cpp.o[0m
[8.017s] [ 73%] [32mBuilding CXX object CMakeFiles/yolo_msgs__rosidl_typesupport_introspection_cpp.dir/rosidl_typesupport_introspection_cpp/yolo_msgs/msg/detail/key_point3_d_array__type_support.cpp.o[0m
[8.068s] [ 74%] [32mBuilding CXX object CMakeFiles/yolo_msgs__rosidl_typesupport_fastrtps_c.dir/rosidl_typesupport_fastrtps_c/yolo_msgs/msg/detail/mask__type_support_c.cpp.o[0m
[8.070s] [ 74%] [32mBuilding CXX object CMakeFiles/yolo_msgs__rosidl_typesupport_fastrtps_cpp.dir/rosidl_typesupport_fastrtps_cpp/yolo_msgs/msg/detail/dds_fastrtps/key_point3_d__type_support.cpp.o[0m
[8.385s] [ 75%] [32mBuilding CXX object CMakeFiles/yolo_msgs__rosidl_typesupport_introspection_cpp.dir/rosidl_typesupport_introspection_cpp/yolo_msgs/msg/detail/detection__type_support.cpp.o[0m
[8.424s] [ 75%] [32m[1mLinking CXX shared library libyolo_msgs__rosidl_typesupport_cpp.so[0m
[8.435s] [ 76%] [32mBuilding CXX object CMakeFiles/yolo_msgs__rosidl_typesupport_introspection_cpp.dir/rosidl_typesupport_introspection_cpp/yolo_msgs/msg/detail/detection_array__type_support.cpp.o[0m
[8.464s] [ 76%] [32mBuilding CXX object CMakeFiles/yolo_msgs__rosidl_typesupport_fastrtps_c.dir/rosidl_typesupport_fastrtps_c/yolo_msgs/msg/detail/key_point2_d__type_support_c.cpp.o[0m
[8.477s] [ 77%] [32mBuilding CXX object CMakeFiles/yolo_msgs__rosidl_typesupport_fastrtps_c.dir/rosidl_typesupport_fastrtps_c/yolo_msgs/msg/detail/key_point2_d_array__type_support_c.cpp.o[0m
[8.611s] [ 77%] [32mBuilding CXX object CMakeFiles/yolo_msgs__rosidl_typesupport_introspection_cpp.dir/rosidl_typesupport_introspection_cpp/yolo_msgs/srv/detail/set_classes__type_support.cpp.o[0m
[8.622s] [ 77%] Built target yolo_msgs__rosidl_typesupport_cpp
[8.635s] [ 78%] [32mBuilding CXX object CMakeFiles/yolo_msgs__rosidl_typesupport_fastrtps_c.dir/rosidl_typesupport_fastrtps_c/yolo_msgs/msg/detail/key_point3_d__type_support_c.cpp.o[0m
[8.648s] [ 78%] [32mBuilding CXX object CMakeFiles/yolo_msgs__rosidl_typesupport_fastrtps_c.dir/rosidl_typesupport_fastrtps_c/yolo_msgs/msg/detail/key_point3_d_array__type_support_c.cpp.o[0m
[8.676s] [ 79%] [32mBuilding CXX object CMakeFiles/yolo_msgs__rosidl_typesupport_fastrtps_cpp.dir/rosidl_typesupport_fastrtps_cpp/yolo_msgs/msg/detail/dds_fastrtps/key_point3_d_array__type_support.cpp.o[0m
[8.704s] [ 80%] [32mBuilding CXX object CMakeFiles/yolo_msgs__rosidl_typesupport_fastrtps_cpp.dir/rosidl_typesupport_fastrtps_cpp/yolo_msgs/msg/detail/dds_fastrtps/detection__type_support.cpp.o[0m
[8.747s] [ 80%] [32mBuilding CXX object CMakeFiles/yolo_msgs__rosidl_typesupport_fastrtps_cpp.dir/rosidl_typesupport_fastrtps_cpp/yolo_msgs/msg/detail/dds_fastrtps/detection_array__type_support.cpp.o[0m
[8.755s] [ 81%] [32mBuilding CXX object CMakeFiles/yolo_msgs__rosidl_typesupport_fastrtps_cpp.dir/rosidl_typesupport_fastrtps_cpp/yolo_msgs/srv/detail/dds_fastrtps/set_classes__type_support.cpp.o[0m
[8.786s] [ 82%] [32mBuilding CXX object CMakeFiles/yolo_msgs__rosidl_typesupport_fastrtps_c.dir/rosidl_typesupport_fastrtps_c/yolo_msgs/msg/detail/detection__type_support_c.cpp.o[0m
[8.923s] [ 83%] [32mBuilding CXX object CMakeFiles/yolo_msgs__rosidl_typesupport_fastrtps_c.dir/rosidl_typesupport_fastrtps_c/yolo_msgs/msg/detail/detection_array__type_support_c.cpp.o[0m
[9.125s] [ 83%] [32mBuilding CXX object CMakeFiles/yolo_msgs__rosidl_typesupport_fastrtps_c.dir/rosidl_typesupport_fastrtps_c/yolo_msgs/srv/detail/set_classes__type_support_c.cpp.o[0m
[9.320s] [ 84%] [32m[1mLinking CXX shared library libyolo_msgs__rosidl_typesupport_introspection_cpp.so[0m
[9.442s] [ 84%] Built target yolo_msgs__rosidl_typesupport_introspection_cpp
[9.582s] [ 85%] [32m[1mLinking CXX shared library libyolo_msgs__rosidl_typesupport_fastrtps_cpp.so[0m
[9.622s] [ 86%] [32m[1mLinking CXX shared library libyolo_msgs__rosidl_typesupport_fastrtps_c.so[0m
[9.662s] [ 86%] Built target yolo_msgs__rosidl_typesupport_fastrtps_cpp
[9.700s] [ 86%] Built target yolo_msgs__rosidl_typesupport_fastrtps_c
[9.727s] [ 86%] Built target yolo_msgs
[9.753s] [ 87%] [34m[1mGenerating Python code for ROS interfaces[0m
[10.891s] [ 87%] Built target yolo_msgs__py
[10.917s] [ 88%] [32mBuilding C object CMakeFiles/yolo_msgs__rosidl_generator_py.dir/rosidl_generator_py/yolo_msgs/msg/_mask_s.c.o[0m
[10.917s] [ 90%] [32mBuilding C object CMakeFiles/yolo_msgs__rosidl_generator_py.dir/rosidl_generator_py/yolo_msgs/msg/_bounding_box2_d_s.c.o[0m
[10.917s] [ 90%] [32mBuilding C object CMakeFiles/yolo_msgs__rosidl_generator_py.dir/rosidl_generator_py/yolo_msgs/msg/_bounding_box3_d_s.c.o[0m
[10.917s] [ 90%] [32mBuilding C object CMakeFiles/yolo_msgs__rosidl_generator_py.dir/rosidl_generator_py/yolo_msgs/msg/_vector2_s.c.o[0m
[10.917s] [ 91%] [32mBuilding C object CMakeFiles/yolo_msgs__rosidl_generator_py.dir/rosidl_generator_py/yolo_msgs/msg/_key_point2_d_s.c.o[0m
[10.917s] [ 91%] [32mBuilding C object CMakeFiles/yolo_msgs__rosidl_generator_py.dir/rosidl_generator_py/yolo_msgs/msg/_pose2_d_s.c.o[0m
[10.917s] [ 91%] [32mBuilding C object CMakeFiles/yolo_msgs__rosidl_generator_py.dir/rosidl_generator_py/yolo_msgs/msg/_key_point2_d_array_s.c.o[0m
[10.918s] [ 92%] [32mBuilding C object CMakeFiles/yolo_msgs__rosidl_generator_py.dir/rosidl_generator_py/yolo_msgs/msg/_key_point3_d_array_s.c.o[0m
[10.918s] [ 93%] [32mBuilding C object CMakeFiles/yolo_msgs__rosidl_generator_py.dir/rosidl_generator_py/yolo_msgs/msg/_key_point3_d_s.c.o[0m
[10.919s] [ 94%] [32mBuilding C object CMakeFiles/yolo_msgs__rosidl_generator_py.dir/rosidl_generator_py/yolo_msgs/msg/_point2_d_s.c.o[0m
[10.919s] [ 94%] [32mBuilding C object CMakeFiles/yolo_msgs__rosidl_generator_py.dir/rosidl_generator_py/yolo_msgs/msg/_detection_s.c.o[0m
[10.928s] [ 95%] [32mBuilding C object CMakeFiles/yolo_msgs__rosidl_generator_py.dir/rosidl_generator_py/yolo_msgs/msg/_detection_array_s.c.o[0m
[11.118s] [ 96%] [32mBuilding C object CMakeFiles/yolo_msgs__rosidl_generator_py.dir/rosidl_generator_py/yolo_msgs/srv/_set_classes_s.c.o[0m
[11.240s] [ 96%] [32m[1mLinking C shared library libyolo_msgs__rosidl_generator_py.so[0m
[11.294s] [ 96%] Built target yolo_msgs__rosidl_generator_py
[11.316s] [ 97%] [32mBuilding C object CMakeFiles/yolo_msgs_s__rosidl_typesupport_c.dir/rosidl_generator_py/yolo_msgs/_yolo_msgs_s.ep.rosidl_typesupport_c.c.o[0m
[11.316s] [ 97%] [32mBuilding C object CMakeFiles/yolo_msgs_s__rosidl_typesupport_introspection_c.dir/rosidl_generator_py/yolo_msgs/_yolo_msgs_s.ep.rosidl_typesupport_introspection_c.c.o[0m
[11.316s] [ 98%] [32mBuilding C object CMakeFiles/yolo_msgs_s__rosidl_typesupport_fastrtps_c.dir/rosidl_generator_py/yolo_msgs/_yolo_msgs_s.ep.rosidl_typesupport_fastrtps_c.c.o[0m
[11.433s] [100%] [32m[1mLinking C shared module rosidl_generator_py/yolo_msgs/yolo_msgs_s__rosidl_typesupport_c.so[0m
[11.433s] [100%] [32m[1mLinking C shared module rosidl_generator_py/yolo_msgs/yolo_msgs_s__rosidl_typesupport_introspection_c.so[0m
[11.442s] [100%] [32m[1mLinking C shared module rosidl_generator_py/yolo_msgs/yolo_msgs_s__rosidl_typesupport_fastrtps_c.so[0m
[11.466s] [100%] Built target yolo_msgs_s__rosidl_typesupport_c
[11.466s] [100%] Built target yolo_msgs_s__rosidl_typesupport_introspection_c
[11.479s] [100%] Built target yolo_msgs_s__rosidl_typesupport_fastrtps_c
[11.493s] Invoked command in '/home/csilab/yolo_ws/build/yolo_msgs' returned '0': CMAKE_PREFIX_PATH=${CMAKE_PREFIX_PATH}:/opt/ros/jazzy DEBUGINFOD_URLS=https://debuginfod.ubuntu.com /usr/bin/cmake --build /home/csilab/yolo_ws/build/yolo_msgs -- -j12 -l12
[11.506s] Invoking command in '/home/csilab/yolo_ws/build/yolo_msgs': CMAKE_PREFIX_PATH=${CMAKE_PREFIX_PATH}:/opt/ros/jazzy DEBUGINFOD_URLS=https://debuginfod.ubuntu.com /usr/bin/cmake --install /home/csilab/yolo_ws/build/yolo_msgs
[11.515s] -- Install configuration: ""
[11.516s] -- Execute custom install script
[11.516s] -- Symlinking: /home/csilab/yolo_ws/install/yolo_msgs/share/ament_index/resource_index/rosidl_interfaces/yolo_msgs
[11.526s] -- Symlinking: /home/csilab/yolo_ws/install/yolo_msgs/share/yolo_msgs/msg/Point2D.json
[11.536s] -- Symlinking: /home/csilab/yolo_ws/install/yolo_msgs/share/yolo_msgs/msg/Vector2.json
[11.547s] -- Symlinking: /home/csilab/yolo_ws/install/yolo_msgs/share/yolo_msgs/msg/Pose2D.json
[11.558s] -- Symlinking: /home/csilab/yolo_ws/install/yolo_msgs/share/yolo_msgs/msg/BoundingBox2D.json
[11.568s] -- Symlinking: /home/csilab/yolo_ws/install/yolo_msgs/share/yolo_msgs/msg/BoundingBox3D.json
[11.578s] -- Symlinking: /home/csilab/yolo_ws/install/yolo_msgs/share/yolo_msgs/msg/Mask.json
[11.588s] -- Symlinking: /home/csilab/yolo_ws/install/yolo_msgs/share/yolo_msgs/msg/KeyPoint2D.json
[11.597s] -- Symlinking: /home/csilab/yolo_ws/install/yolo_msgs/share/yolo_msgs/msg/KeyPoint2DArray.json
[11.606s] -- Symlinking: /home/csilab/yolo_ws/install/yolo_msgs/share/yolo_msgs/msg/KeyPoint3D.json
[11.615s] -- Symlinking: /home/csilab/yolo_ws/install/yolo_msgs/share/yolo_msgs/msg/KeyPoint3DArray.json
[11.624s] -- Symlinking: /home/csilab/yolo_ws/install/yolo_msgs/share/yolo_msgs/msg/Detection.json
[11.633s] -- Symlinking: /home/csilab/yolo_ws/install/yolo_msgs/share/yolo_msgs/msg/DetectionArray.json
[11.644s] -- Symlinking: /home/csilab/yolo_ws/install/yolo_msgs/share/yolo_msgs/srv/SetClasses.json
[11.655s] -- Symlinking: /home/csilab/yolo_ws/install/yolo_msgs/include/yolo_msgs/yolo_msgs/msg/bounding_box2_d.h
[11.666s] -- Symlinking: /home/csilab/yolo_ws/install/yolo_msgs/include/yolo_msgs/yolo_msgs/msg/bounding_box3_d.h
[11.675s] -- Symlinking: /home/csilab/yolo_ws/install/yolo_msgs/include/yolo_msgs/yolo_msgs/msg/detail/bounding_box2_d__functions.h
[11.685s] -- Symlinking: /home/csilab/yolo_ws/install/yolo_msgs/include/yolo_msgs/yolo_msgs/msg/detail/bounding_box2_d__struct.h
[11.695s] -- Symlinking: /home/csilab/yolo_ws/install/yolo_msgs/include/yolo_msgs/yolo_msgs/msg/detail/bounding_box2_d__type_support.h
[11.708s] -- Symlinking: /home/csilab/yolo_ws/install/yolo_msgs/include/yolo_msgs/yolo_msgs/msg/detail/bounding_box3_d__functions.h
[11.719s] -- Symlinking: /home/csilab/yolo_ws/install/yolo_msgs/include/yolo_msgs/yolo_msgs/msg/detail/bounding_box3_d__struct.h
[11.729s] -- Symlinking: /home/csilab/yolo_ws/install/yolo_msgs/include/yolo_msgs/yolo_msgs/msg/detail/bounding_box3_d__type_support.h
[11.739s] -- Symlinking: /home/csilab/yolo_ws/install/yolo_msgs/include/yolo_msgs/yolo_msgs/msg/detail/detection__functions.h
[11.751s] -- Symlinking: /home/csilab/yolo_ws/install/yolo_msgs/include/yolo_msgs/yolo_msgs/msg/detail/detection__struct.h
[11.761s] -- Symlinking: /home/csilab/yolo_ws/install/yolo_msgs/include/yolo_msgs/yolo_msgs/msg/detail/detection__type_support.h
[11.770s] -- Symlinking: /home/csilab/yolo_ws/install/yolo_msgs/include/yolo_msgs/yolo_msgs/msg/detail/detection_array__functions.h
[11.780s] -- Symlinking: /home/csilab/yolo_ws/install/yolo_msgs/include/yolo_msgs/yolo_msgs/msg/detail/detection_array__struct.h
[11.790s] -- Symlinking: /home/csilab/yolo_ws/install/yolo_msgs/include/yolo_msgs/yolo_msgs/msg/detail/detection_array__type_support.h
[11.800s] -- Symlinking: /home/csilab/yolo_ws/install/yolo_msgs/include/yolo_msgs/yolo_msgs/msg/detail/key_point2_d__functions.h
[11.810s] -- Symlinking: /home/csilab/yolo_ws/install/yolo_msgs/include/yolo_msgs/yolo_msgs/msg/detail/key_point2_d__struct.h
[11.820s] -- Symlinking: /home/csilab/yolo_ws/install/yolo_msgs/include/yolo_msgs/yolo_msgs/msg/detail/key_point2_d__type_support.h
[11.829s] -- Symlinking: /home/csilab/yolo_ws/install/yolo_msgs/include/yolo_msgs/yolo_msgs/msg/detail/key_point2_d_array__functions.h
[11.840s] -- Symlinking: /home/csilab/yolo_ws/install/yolo_msgs/include/yolo_msgs/yolo_msgs/msg/detail/key_point2_d_array__struct.h
[11.850s] -- Symlinking: /home/csilab/yolo_ws/install/yolo_msgs/include/yolo_msgs/yolo_msgs/msg/detail/key_point2_d_array__type_support.h
[11.862s] -- Symlinking: /home/csilab/yolo_ws/install/yolo_msgs/include/yolo_msgs/yolo_msgs/msg/detail/key_point3_d__functions.h
[11.873s] -- Symlinking: /home/csilab/yolo_ws/install/yolo_msgs/include/yolo_msgs/yolo_msgs/msg/detail/key_point3_d__struct.h
[11.882s] -- Symlinking: /home/csilab/yolo_ws/install/yolo_msgs/include/yolo_msgs/yolo_msgs/msg/detail/key_point3_d__type_support.h
[11.892s] -- Symlinking: /home/csilab/yolo_ws/install/yolo_msgs/include/yolo_msgs/yolo_msgs/msg/detail/key_point3_d_array__functions.h
[11.901s] -- Symlinking: /home/csilab/yolo_ws/install/yolo_msgs/include/yolo_msgs/yolo_msgs/msg/detail/key_point3_d_array__struct.h
[11.909s] -- Symlinking: /home/csilab/yolo_ws/install/yolo_msgs/include/yolo_msgs/yolo_msgs/msg/detail/key_point3_d_array__type_support.h
[11.918s] -- Symlinking: /home/csilab/yolo_ws/install/yolo_msgs/include/yolo_msgs/yolo_msgs/msg/detail/mask__functions.h
[11.927s] -- Symlinking: /home/csilab/yolo_ws/install/yolo_msgs/include/yolo_msgs/yolo_msgs/msg/detail/mask__struct.h
[11.937s] -- Symlinking: /home/csilab/yolo_ws/install/yolo_msgs/include/yolo_msgs/yolo_msgs/msg/detail/mask__type_support.h
[11.947s] -- Symlinking: /home/csilab/yolo_ws/install/yolo_msgs/include/yolo_msgs/yolo_msgs/msg/detail/point2_d__functions.h
[11.957s] -- Symlinking: /home/csilab/yolo_ws/install/yolo_msgs/include/yolo_msgs/yolo_msgs/msg/detail/point2_d__struct.h
[11.967s] -- Symlinking: /home/csilab/yolo_ws/install/yolo_msgs/include/yolo_msgs/yolo_msgs/msg/detail/point2_d__type_support.h
[11.977s] -- Symlinking: /home/csilab/yolo_ws/install/yolo_msgs/include/yolo_msgs/yolo_msgs/msg/detail/pose2_d__functions.h
[11.988s] -- Symlinking: /home/csilab/yolo_ws/install/yolo_msgs/include/yolo_msgs/yolo_msgs/msg/detail/pose2_d__struct.h
[11.997s] -- Symlinking: /home/csilab/yolo_ws/install/yolo_msgs/include/yolo_msgs/yolo_msgs/msg/detail/pose2_d__type_support.h
[12.007s] -- Symlinking: /home/csilab/yolo_ws/install/yolo_msgs/include/yolo_msgs/yolo_msgs/msg/detail/vector2__functions.h
[12.018s] -- Symlinking: /home/csilab/yolo_ws/install/yolo_msgs/include/yolo_msgs/yolo_msgs/msg/detail/vector2__struct.h
[12.029s] -- Symlinking: /home/csilab/yolo_ws/install/yolo_msgs/include/yolo_msgs/yolo_msgs/msg/detail/vector2__type_support.h
[12.040s] -- Symlinking: /home/csilab/yolo_ws/install/yolo_msgs/include/yolo_msgs/yolo_msgs/msg/detection.h
[12.050s] -- Symlinking: /home/csilab/yolo_ws/install/yolo_msgs/include/yolo_msgs/yolo_msgs/msg/detection_array.h
[12.059s] -- Symlinking: /home/csilab/yolo_ws/install/yolo_msgs/include/yolo_msgs/yolo_msgs/msg/key_point2_d.h
[12.070s] -- Symlinking: /home/csilab/yolo_ws/install/yolo_msgs/include/yolo_msgs/yolo_msgs/msg/key_point2_d_array.h
[12.080s] -- Symlinking: /home/csilab/yolo_ws/install/yolo_msgs/include/yolo_msgs/yolo_msgs/msg/key_point3_d.h
[12.091s] -- Symlinking: /home/csilab/yolo_ws/install/yolo_msgs/include/yolo_msgs/yolo_msgs/msg/key_point3_d_array.h
[12.102s] -- Symlinking: /home/csilab/yolo_ws/install/yolo_msgs/include/yolo_msgs/yolo_msgs/msg/mask.h
[12.112s] -- Symlinking: /home/csilab/yolo_ws/install/yolo_msgs/include/yolo_msgs/yolo_msgs/msg/point2_d.h
[12.122s] -- Symlinking: /home/csilab/yolo_ws/install/yolo_msgs/include/yolo_msgs/yolo_msgs/msg/pose2_d.h
[12.132s] -- Symlinking: /home/csilab/yolo_ws/install/yolo_msgs/include/yolo_msgs/yolo_msgs/msg/rosidl_generator_c__visibility_control.h
[12.142s] -- Symlinking: /home/csilab/yolo_ws/install/yolo_msgs/include/yolo_msgs/yolo_msgs/msg/vector2.h
[12.152s] -- Symlinking: /home/csilab/yolo_ws/install/yolo_msgs/include/yolo_msgs/yolo_msgs/srv/detail/set_classes__functions.h
[12.161s] -- Symlinking: /home/csilab/yolo_ws/install/yolo_msgs/include/yolo_msgs/yolo_msgs/srv/detail/set_classes__struct.h
[12.171s] -- Symlinking: /home/csilab/yolo_ws/install/yolo_msgs/include/yolo_msgs/yolo_msgs/srv/detail/set_classes__type_support.h
[12.182s] -- Symlinking: /home/csilab/yolo_ws/install/yolo_msgs/include/yolo_msgs/yolo_msgs/srv/set_classes.h
[12.192s] -- Symlinking: /home/csilab/yolo_ws/install/yolo_msgs/share/yolo_msgs/environment/library_path.sh
[12.201s] -- Symlinking: /home/csilab/yolo_ws/install/yolo_msgs/share/yolo_msgs/environment/library_path.dsv
[12.212s] -- Symlinking: /home/csilab/yolo_ws/install/yolo_msgs/include/yolo_msgs/yolo_msgs/msg/detail/bounding_box2_d__rosidl_typesupport_fastrtps_c.h
[12.221s] -- Symlinking: /home/csilab/yolo_ws/install/yolo_msgs/include/yolo_msgs/yolo_msgs/msg/detail/bounding_box3_d__rosidl_typesupport_fastrtps_c.h
[12.231s] -- Symlinking: /home/csilab/yolo_ws/install/yolo_msgs/include/yolo_msgs/yolo_msgs/msg/detail/detection__rosidl_typesupport_fastrtps_c.h
[12.241s] -- Symlinking: /home/csilab/yolo_ws/install/yolo_msgs/include/yolo_msgs/yolo_msgs/msg/detail/detection_array__rosidl_typesupport_fastrtps_c.h
[12.251s] -- Symlinking: /home/csilab/yolo_ws/install/yolo_msgs/include/yolo_msgs/yolo_msgs/msg/detail/key_point2_d__rosidl_typesupport_fastrtps_c.h
[12.261s] -- Symlinking: /home/csilab/yolo_ws/install/yolo_msgs/include/yolo_msgs/yolo_msgs/msg/detail/key_point2_d_array__rosidl_typesupport_fastrtps_c.h
[12.271s] -- Symlinking: /home/csilab/yolo_ws/install/yolo_msgs/include/yolo_msgs/yolo_msgs/msg/detail/key_point3_d__rosidl_typesupport_fastrtps_c.h
[12.282s] -- Symlinking: /home/csilab/yolo_ws/install/yolo_msgs/include/yolo_msgs/yolo_msgs/msg/detail/key_point3_d_array__rosidl_typesupport_fastrtps_c.h
[12.291s] -- Symlinking: /home/csilab/yolo_ws/install/yolo_msgs/include/yolo_msgs/yolo_msgs/msg/detail/mask__rosidl_typesupport_fastrtps_c.h
[12.301s] -- Symlinking: /home/csilab/yolo_ws/install/yolo_msgs/include/yolo_msgs/yolo_msgs/msg/detail/point2_d__rosidl_typesupport_fastrtps_c.h
[12.312s] -- Symlinking: /home/csilab/yolo_ws/install/yolo_msgs/include/yolo_msgs/yolo_msgs/msg/detail/pose2_d__rosidl_typesupport_fastrtps_c.h
[12.324s] -- Symlinking: /home/csilab/yolo_ws/install/yolo_msgs/include/yolo_msgs/yolo_msgs/msg/detail/vector2__rosidl_typesupport_fastrtps_c.h
[12.334s] -- Symlinking: /home/csilab/yolo_ws/install/yolo_msgs/include/yolo_msgs/yolo_msgs/msg/rosidl_typesupport_fastrtps_c__visibility_control.h
[12.344s] -- Symlinking: /home/csilab/yolo_ws/install/yolo_msgs/include/yolo_msgs/yolo_msgs/srv/detail/set_classes__rosidl_typesupport_fastrtps_c.h
[12.356s] -- Symlinking: /home/csilab/yolo_ws/install/yolo_msgs/include/yolo_msgs/yolo_msgs/msg/detail/bounding_box2_d__rosidl_typesupport_introspection_c.h
[12.367s] -- Symlinking: /home/csilab/yolo_ws/install/yolo_msgs/include/yolo_msgs/yolo_msgs/msg/detail/bounding_box3_d__rosidl_typesupport_introspection_c.h
[12.377s] -- Symlinking: /home/csilab/yolo_ws/install/yolo_msgs/include/yolo_msgs/yolo_msgs/msg/detail/detection__rosidl_typesupport_introspection_c.h
[12.387s] -- Symlinking: /home/csilab/yolo_ws/install/yolo_msgs/include/yolo_msgs/yolo_msgs/msg/detail/detection_array__rosidl_typesupport_introspection_c.h
[12.396s] -- Symlinking: /home/csilab/yolo_ws/install/yolo_msgs/include/yolo_msgs/yolo_msgs/msg/detail/key_point2_d__rosidl_typesupport_introspection_c.h
[12.406s] -- Symlinking: /home/csilab/yolo_ws/install/yolo_msgs/include/yolo_msgs/yolo_msgs/msg/detail/key_point2_d_array__rosidl_typesupport_introspection_c.h
[12.416s] -- Symlinking: /home/csilab/yolo_ws/install/yolo_msgs/include/yolo_msgs/yolo_msgs/msg/detail/key_point3_d__rosidl_typesupport_introspection_c.h
[12.427s] -- Symlinking: /home/csilab/yolo_ws/install/yolo_msgs/include/yolo_msgs/yolo_msgs/msg/detail/key_point3_d_array__rosidl_typesupport_introspection_c.h
[12.436s] -- Symlinking: /home/csilab/yolo_ws/install/yolo_msgs/include/yolo_msgs/yolo_msgs/msg/detail/mask__rosidl_typesupport_introspection_c.h
[12.448s] -- Symlinking: /home/csilab/yolo_ws/install/yolo_msgs/include/yolo_msgs/yolo_msgs/msg/detail/point2_d__rosidl_typesupport_introspection_c.h
[12.457s] -- Symlinking: /home/csilab/yolo_ws/install/yolo_msgs/include/yolo_msgs/yolo_msgs/msg/detail/pose2_d__rosidl_typesupport_introspection_c.h
[12.467s] -- Symlinking: /home/csilab/yolo_ws/install/yolo_msgs/include/yolo_msgs/yolo_msgs/msg/detail/vector2__rosidl_typesupport_introspection_c.h
[12.477s] -- Symlinking: /home/csilab/yolo_ws/install/yolo_msgs/include/yolo_msgs/yolo_msgs/msg/rosidl_typesupport_introspection_c__visibility_control.h
[12.488s] -- Symlinking: /home/csilab/yolo_ws/install/yolo_msgs/include/yolo_msgs/yolo_msgs/srv/detail/set_classes__rosidl_typesupport_introspection_c.h
[12.500s] -- Symlinking: /home/csilab/yolo_ws/install/yolo_msgs/include/yolo_msgs/yolo_msgs/msg/bounding_box2_d.hpp
[12.509s] -- Symlinking: /home/csilab/yolo_ws/install/yolo_msgs/include/yolo_msgs/yolo_msgs/msg/bounding_box3_d.hpp
[12.520s] -- Symlinking: /home/csilab/yolo_ws/install/yolo_msgs/include/yolo_msgs/yolo_msgs/msg/detail/bounding_box2_d__builder.hpp
[12.530s] -- Symlinking: /home/csilab/yolo_ws/install/yolo_msgs/include/yolo_msgs/yolo_msgs/msg/detail/bounding_box2_d__struct.hpp
[12.541s] -- Symlinking: /home/csilab/yolo_ws/install/yolo_msgs/include/yolo_msgs/yolo_msgs/msg/detail/bounding_box2_d__traits.hpp
[12.551s] -- Symlinking: /home/csilab/yolo_ws/install/yolo_msgs/include/yolo_msgs/yolo_msgs/msg/detail/bounding_box2_d__type_support.hpp
[12.562s] -- Symlinking: /home/csilab/yolo_ws/install/yolo_msgs/include/yolo_msgs/yolo_msgs/msg/detail/bounding_box3_d__builder.hpp
[12.573s] -- Symlinking: /home/csilab/yolo_ws/install/yolo_msgs/include/yolo_msgs/yolo_msgs/msg/detail/bounding_box3_d__struct.hpp
[12.582s] -- Symlinking: /home/csilab/yolo_ws/install/yolo_msgs/include/yolo_msgs/yolo_msgs/msg/detail/bounding_box3_d__traits.hpp
[12.592s] -- Symlinking: /home/csilab/yolo_ws/install/yolo_msgs/include/yolo_msgs/yolo_msgs/msg/detail/bounding_box3_d__type_support.hpp
[12.602s] -- Symlinking: /home/csilab/yolo_ws/install/yolo_msgs/include/yolo_msgs/yolo_msgs/msg/detail/detection__builder.hpp
[12.611s] -- Symlinking: /home/csilab/yolo_ws/install/yolo_msgs/include/yolo_msgs/yolo_msgs/msg/detail/detection__struct.hpp
[12.620s] -- Symlinking: /home/csilab/yolo_ws/install/yolo_msgs/include/yolo_msgs/yolo_msgs/msg/detail/detection__traits.hpp
[12.630s] -- Symlinking: /home/csilab/yolo_ws/install/yolo_msgs/include/yolo_msgs/yolo_msgs/msg/detail/detection__type_support.hpp
[12.641s] -- Symlinking: /home/csilab/yolo_ws/install/yolo_msgs/include/yolo_msgs/yolo_msgs/msg/detail/detection_array__builder.hpp
[12.650s] -- Symlinking: /home/csilab/yolo_ws/install/yolo_msgs/include/yolo_msgs/yolo_msgs/msg/detail/detection_array__struct.hpp
[12.659s] -- Symlinking: /home/csilab/yolo_ws/install/yolo_msgs/include/yolo_msgs/yolo_msgs/msg/detail/detection_array__traits.hpp
[12.670s] -- Symlinking: /home/csilab/yolo_ws/install/yolo_msgs/include/yolo_msgs/yolo_msgs/msg/detail/detection_array__type_support.hpp
[12.681s] -- Symlinking: /home/csilab/yolo_ws/install/yolo_msgs/include/yolo_msgs/yolo_msgs/msg/detail/key_point2_d__builder.hpp
[12.693s] -- Symlinking: /home/csilab/yolo_ws/install/yolo_msgs/include/yolo_msgs/yolo_msgs/msg/detail/key_point2_d__struct.hpp
[12.704s] -- Symlinking: /home/csilab/yolo_ws/install/yolo_msgs/include/yolo_msgs/yolo_msgs/msg/detail/key_point2_d__traits.hpp
[12.713s] -- Symlinking: /home/csilab/yolo_ws/install/yolo_msgs/include/yolo_msgs/yolo_msgs/msg/detail/key_point2_d__type_support.hpp
[12.724s] -- Symlinking: /home/csilab/yolo_ws/install/yolo_msgs/include/yolo_msgs/yolo_msgs/msg/detail/key_point2_d_array__builder.hpp
[12.734s] -- Symlinking: /home/csilab/yolo_ws/install/yolo_msgs/include/yolo_msgs/yolo_msgs/msg/detail/key_point2_d_array__struct.hpp
[12.744s] -- Symlinking: /home/csilab/yolo_ws/install/yolo_msgs/include/yolo_msgs/yolo_msgs/msg/detail/key_point2_d_array__traits.hpp
[12.755s] -- Symlinking: /home/csilab/yolo_ws/install/yolo_msgs/include/yolo_msgs/yolo_msgs/msg/detail/key_point2_d_array__type_support.hpp
[12.764s] -- Symlinking: /home/csilab/yolo_ws/install/yolo_msgs/include/yolo_msgs/yolo_msgs/msg/detail/key_point3_d__builder.hpp
[12.773s] -- Symlinking: /home/csilab/yolo_ws/install/yolo_msgs/include/yolo_msgs/yolo_msgs/msg/detail/key_point3_d__struct.hpp
[12.782s] -- Symlinking: /home/csilab/yolo_ws/install/yolo_msgs/include/yolo_msgs/yolo_msgs/msg/detail/key_point3_d__traits.hpp
[12.791s] -- Symlinking: /home/csilab/yolo_ws/install/yolo_msgs/include/yolo_msgs/yolo_msgs/msg/detail/key_point3_d__type_support.hpp
[12.803s] -- Symlinking: /home/csilab/yolo_ws/install/yolo_msgs/include/yolo_msgs/yolo_msgs/msg/detail/key_point3_d_array__builder.hpp
[12.813s] -- Symlinking: /home/csilab/yolo_ws/install/yolo_msgs/include/yolo_msgs/yolo_msgs/msg/detail/key_point3_d_array__struct.hpp
[12.824s] -- Symlinking: /home/csilab/yolo_ws/install/yolo_msgs/include/yolo_msgs/yolo_msgs/msg/detail/key_point3_d_array__traits.hpp
[12.835s] -- Symlinking: /home/csilab/yolo_ws/install/yolo_msgs/include/yolo_msgs/yolo_msgs/msg/detail/key_point3_d_array__type_support.hpp
[12.846s] -- Symlinking: /home/csilab/yolo_ws/install/yolo_msgs/include/yolo_msgs/yolo_msgs/msg/detail/mask__builder.hpp
[12.856s] -- Symlinking: /home/csilab/yolo_ws/install/yolo_msgs/include/yolo_msgs/yolo_msgs/msg/detail/mask__struct.hpp
[12.866s] -- Symlinking: /home/csilab/yolo_ws/install/yolo_msgs/include/yolo_msgs/yolo_msgs/msg/detail/mask__traits.hpp
[12.878s] -- Symlinking: /home/csilab/yolo_ws/install/yolo_msgs/include/yolo_msgs/yolo_msgs/msg/detail/mask__type_support.hpp
[12.891s] -- Symlinking: /home/csilab/yolo_ws/install/yolo_msgs/include/yolo_msgs/yolo_msgs/msg/detail/point2_d__builder.hpp
[12.902s] -- Symlinking: /home/csilab/yolo_ws/install/yolo_msgs/include/yolo_msgs/yolo_msgs/msg/detail/point2_d__struct.hpp
[12.911s] -- Symlinking: /home/csilab/yolo_ws/install/yolo_msgs/include/yolo_msgs/yolo_msgs/msg/detail/point2_d__traits.hpp
[12.922s] -- Symlinking: /home/csilab/yolo_ws/install/yolo_msgs/include/yolo_msgs/yolo_msgs/msg/detail/point2_d__type_support.hpp
[12.931s] -- Symlinking: /home/csilab/yolo_ws/install/yolo_msgs/include/yolo_msgs/yolo_msgs/msg/detail/pose2_d__builder.hpp
[12.941s] -- Symlinking: /home/csilab/yolo_ws/install/yolo_msgs/include/yolo_msgs/yolo_msgs/msg/detail/pose2_d__struct.hpp
[12.952s] -- Symlinking: /home/csilab/yolo_ws/install/yolo_msgs/include/yolo_msgs/yolo_msgs/msg/detail/pose2_d__traits.hpp
[12.962s] -- Symlinking: /home/csilab/yolo_ws/install/yolo_msgs/include/yolo_msgs/yolo_msgs/msg/detail/pose2_d__type_support.hpp
[12.972s] -- Symlinking: /home/csilab/yolo_ws/install/yolo_msgs/include/yolo_msgs/yolo_msgs/msg/detail/vector2__builder.hpp
[12.982s] -- Symlinking: /home/csilab/yolo_ws/install/yolo_msgs/include/yolo_msgs/yolo_msgs/msg/detail/vector2__struct.hpp
[12.992s] -- Symlinking: /home/csilab/yolo_ws/install/yolo_msgs/include/yolo_msgs/yolo_msgs/msg/detail/vector2__traits.hpp
[13.001s] -- Symlinking: /home/csilab/yolo_ws/install/yolo_msgs/include/yolo_msgs/yolo_msgs/msg/detail/vector2__type_support.hpp
[13.011s] -- Symlinking: /home/csilab/yolo_ws/install/yolo_msgs/include/yolo_msgs/yolo_msgs/msg/detection.hpp
[13.020s] -- Symlinking: /home/csilab/yolo_ws/install/yolo_msgs/include/yolo_msgs/yolo_msgs/msg/detection_array.hpp
[13.030s] -- Symlinking: /home/csilab/yolo_ws/install/yolo_msgs/include/yolo_msgs/yolo_msgs/msg/key_point2_d.hpp
[13.041s] -- Symlinking: /home/csilab/yolo_ws/install/yolo_msgs/include/yolo_msgs/yolo_msgs/msg/key_point2_d_array.hpp
[13.050s] -- Symlinking: /home/csilab/yolo_ws/install/yolo_msgs/include/yolo_msgs/yolo_msgs/msg/key_point3_d.hpp
[13.060s] -- Symlinking: /home/csilab/yolo_ws/install/yolo_msgs/include/yolo_msgs/yolo_msgs/msg/key_point3_d_array.hpp
[13.070s] -- Symlinking: /home/csilab/yolo_ws/install/yolo_msgs/include/yolo_msgs/yolo_msgs/msg/mask.hpp
[13.081s] -- Symlinking: /home/csilab/yolo_ws/install/yolo_msgs/include/yolo_msgs/yolo_msgs/msg/point2_d.hpp
[13.091s] -- Symlinking: /home/csilab/yolo_ws/install/yolo_msgs/include/yolo_msgs/yolo_msgs/msg/pose2_d.hpp
[13.102s] -- Symlinking: /home/csilab/yolo_ws/install/yolo_msgs/include/yolo_msgs/yolo_msgs/msg/rosidl_generator_cpp__visibility_control.hpp
[13.113s] -- Symlinking: /home/csilab/yolo_ws/install/yolo_msgs/include/yolo_msgs/yolo_msgs/msg/vector2.hpp
[13.122s] -- Symlinking: /home/csilab/yolo_ws/install/yolo_msgs/include/yolo_msgs/yolo_msgs/srv/detail/set_classes__builder.hpp
[13.132s] -- Symlinking: /home/csilab/yolo_ws/install/yolo_msgs/include/yolo_msgs/yolo_msgs/srv/detail/set_classes__struct.hpp
[13.142s] -- Symlinking: /home/csilab/yolo_ws/install/yolo_msgs/include/yolo_msgs/yolo_msgs/srv/detail/set_classes__traits.hpp
[13.151s] -- Symlinking: /home/csilab/yolo_ws/install/yolo_msgs/include/yolo_msgs/yolo_msgs/srv/detail/set_classes__type_support.hpp
[13.161s] -- Symlinking: /home/csilab/yolo_ws/install/yolo_msgs/include/yolo_msgs/yolo_msgs/srv/set_classes.hpp
[13.173s] -- Symlinking: /home/csilab/yolo_ws/install/yolo_msgs/include/yolo_msgs/yolo_msgs/msg/detail/bounding_box2_d__rosidl_typesupport_fastrtps_cpp.hpp
[13.184s] -- Symlinking: /home/csilab/yolo_ws/install/yolo_msgs/include/yolo_msgs/yolo_msgs/msg/detail/bounding_box3_d__rosidl_typesupport_fastrtps_cpp.hpp
[13.195s] -- Symlinking: /home/csilab/yolo_ws/install/yolo_msgs/include/yolo_msgs/yolo_msgs/msg/detail/detection__rosidl_typesupport_fastrtps_cpp.hpp
[13.206s] -- Symlinking: /home/csilab/yolo_ws/install/yolo_msgs/include/yolo_msgs/yolo_msgs/msg/detail/detection_array__rosidl_typesupport_fastrtps_cpp.hpp
[13.217s] -- Symlinking: /home/csilab/yolo_ws/install/yolo_msgs/include/yolo_msgs/yolo_msgs/msg/detail/key_point2_d__rosidl_typesupport_fastrtps_cpp.hpp
[13.228s] -- Symlinking: /home/csilab/yolo_ws/install/yolo_msgs/include/yolo_msgs/yolo_msgs/msg/detail/key_point2_d_array__rosidl_typesupport_fastrtps_cpp.hpp
[13.239s] -- Symlinking: /home/csilab/yolo_ws/install/yolo_msgs/include/yolo_msgs/yolo_msgs/msg/detail/key_point3_d__rosidl_typesupport_fastrtps_cpp.hpp
[13.249s] -- Symlinking: /home/csilab/yolo_ws/install/yolo_msgs/include/yolo_msgs/yolo_msgs/msg/detail/key_point3_d_array__rosidl_typesupport_fastrtps_cpp.hpp
[13.260s] -- Symlinking: /home/csilab/yolo_ws/install/yolo_msgs/include/yolo_msgs/yolo_msgs/msg/detail/mask__rosidl_typesupport_fastrtps_cpp.hpp
[13.269s] -- Symlinking: /home/csilab/yolo_ws/install/yolo_msgs/include/yolo_msgs/yolo_msgs/msg/detail/point2_d__rosidl_typesupport_fastrtps_cpp.hpp
[13.279s] -- Symlinking: /home/csilab/yolo_ws/install/yolo_msgs/include/yolo_msgs/yolo_msgs/msg/detail/pose2_d__rosidl_typesupport_fastrtps_cpp.hpp
[13.290s] -- Symlinking: /home/csilab/yolo_ws/install/yolo_msgs/include/yolo_msgs/yolo_msgs/msg/detail/vector2__rosidl_typesupport_fastrtps_cpp.hpp
[13.300s] -- Symlinking: /home/csilab/yolo_ws/install/yolo_msgs/include/yolo_msgs/yolo_msgs/msg/rosidl_typesupport_fastrtps_cpp__visibility_control.h
[13.310s] -- Symlinking: /home/csilab/yolo_ws/install/yolo_msgs/include/yolo_msgs/yolo_msgs/srv/detail/set_classes__rosidl_typesupport_fastrtps_cpp.hpp
[13.322s] -- Symlinking: /home/csilab/yolo_ws/install/yolo_msgs/include/yolo_msgs/yolo_msgs/msg/detail/bounding_box2_d__rosidl_typesupport_introspection_cpp.hpp
[13.333s] -- Symlinking: /home/csilab/yolo_ws/install/yolo_msgs/include/yolo_msgs/yolo_msgs/msg/detail/bounding_box3_d__rosidl_typesupport_introspection_cpp.hpp
[13.343s] -- Symlinking: /home/csilab/yolo_ws/install/yolo_msgs/include/yolo_msgs/yolo_msgs/msg/detail/detection__rosidl_typesupport_introspection_cpp.hpp
[13.355s] -- Symlinking: /home/csilab/yolo_ws/install/yolo_msgs/include/yolo_msgs/yolo_msgs/msg/detail/detection_array__rosidl_typesupport_introspection_cpp.hpp
[13.365s] -- Symlinking: /home/csilab/yolo_ws/install/yolo_msgs/include/yolo_msgs/yolo_msgs/msg/detail/key_point2_d__rosidl_typesupport_introspection_cpp.hpp
[13.375s] -- Symlinking: /home/csilab/yolo_ws/install/yolo_msgs/include/yolo_msgs/yolo_msgs/msg/detail/key_point2_d_array__rosidl_typesupport_introspection_cpp.hpp
[13.385s] -- Symlinking: /home/csilab/yolo_ws/install/yolo_msgs/include/yolo_msgs/yolo_msgs/msg/detail/key_point3_d__rosidl_typesupport_introspection_cpp.hpp
[13.394s] -- Symlinking: /home/csilab/yolo_ws/install/yolo_msgs/include/yolo_msgs/yolo_msgs/msg/detail/key_point3_d_array__rosidl_typesupport_introspection_cpp.hpp
[13.405s] -- Symlinking: /home/csilab/yolo_ws/install/yolo_msgs/include/yolo_msgs/yolo_msgs/msg/detail/mask__rosidl_typesupport_introspection_cpp.hpp
[13.415s] -- Symlinking: /home/csilab/yolo_ws/install/yolo_msgs/include/yolo_msgs/yolo_msgs/msg/detail/point2_d__rosidl_typesupport_introspection_cpp.hpp
[13.425s] -- Symlinking: /home/csilab/yolo_ws/install/yolo_msgs/include/yolo_msgs/yolo_msgs/msg/detail/pose2_d__rosidl_typesupport_introspection_cpp.hpp
[13.435s] -- Symlinking: /home/csilab/yolo_ws/install/yolo_msgs/include/yolo_msgs/yolo_msgs/msg/detail/vector2__rosidl_typesupport_introspection_cpp.hpp
[13.446s] -- Symlinking: /home/csilab/yolo_ws/install/yolo_msgs/include/yolo_msgs/yolo_msgs/srv/detail/set_classes__rosidl_typesupport_introspection_cpp.hpp
[13.457s] -- Symlinking: /home/csilab/yolo_ws/install/yolo_msgs/share/yolo_msgs/environment/pythonpath.sh
[13.467s] -- Symlinking: /home/csilab/yolo_ws/install/yolo_msgs/share/yolo_msgs/environment/pythonpath.dsv
[13.478s] -- Symlinking: /home/csilab/yolo_ws/install/yolo_msgs/lib/python3.12/site-packages/yolo_msgs-4.6.1-py3.12.egg-info/PKG-INFO
[13.488s] -- Symlinking: /home/csilab/yolo_ws/install/yolo_msgs/lib/python3.12/site-packages/yolo_msgs-4.6.1-py3.12.egg-info/SOURCES.txt
[13.499s] -- Symlinking: /home/csilab/yolo_ws/install/yolo_msgs/lib/python3.12/site-packages/yolo_msgs-4.6.1-py3.12.egg-info/dependency_links.txt
[13.508s] -- Symlinking: /home/csilab/yolo_ws/install/yolo_msgs/lib/python3.12/site-packages/yolo_msgs-4.6.1-py3.12.egg-info/top_level.txt
[13.519s] -- Symlinking: /home/csilab/yolo_ws/install/yolo_msgs/lib/python3.12/site-packages/yolo_msgs/__init__.py
[13.530s] -- Symlinking: /home/csilab/yolo_ws/install/yolo_msgs/lib/python3.12/site-packages/yolo_msgs/_yolo_msgs_s.ep.rosidl_typesupport_c.c
[13.541s] -- Symlinking: /home/csilab/yolo_ws/install/yolo_msgs/lib/python3.12/site-packages/yolo_msgs/_yolo_msgs_s.ep.rosidl_typesupport_fastrtps_c.c
[13.552s] -- Symlinking: /home/csilab/yolo_ws/install/yolo_msgs/lib/python3.12/site-packages/yolo_msgs/_yolo_msgs_s.ep.rosidl_typesupport_introspection_c.c
[13.563s] -- Symlinking: /home/csilab/yolo_ws/install/yolo_msgs/lib/python3.12/site-packages/yolo_msgs/msg/__init__.py
[13.573s] -- Symlinking: /home/csilab/yolo_ws/install/yolo_msgs/lib/python3.12/site-packages/yolo_msgs/msg/_bounding_box2_d.py
[13.584s] -- Symlinking: /home/csilab/yolo_ws/install/yolo_msgs/lib/python3.12/site-packages/yolo_msgs/msg/_bounding_box2_d_s.c
[13.593s] -- Symlinking: /home/csilab/yolo_ws/install/yolo_msgs/lib/python3.12/site-packages/yolo_msgs/msg/_bounding_box3_d.py
[13.604s] -- Symlinking: /home/csilab/yolo_ws/install/yolo_msgs/lib/python3.12/site-packages/yolo_msgs/msg/_bounding_box3_d_s.c
[13.614s] -- Symlinking: /home/csilab/yolo_ws/install/yolo_msgs/lib/python3.12/site-packages/yolo_msgs/msg/_detection.py
[13.625s] -- Symlinking: /home/csilab/yolo_ws/install/yolo_msgs/lib/python3.12/site-packages/yolo_msgs/msg/_detection_array.py
[13.635s] -- Symlinking: /home/csilab/yolo_ws/install/yolo_msgs/lib/python3.12/site-packages/yolo_msgs/msg/_detection_array_s.c
[13.646s] -- Symlinking: /home/csilab/yolo_ws/install/yolo_msgs/lib/python3.12/site-packages/yolo_msgs/msg/_detection_s.c
[13.656s] -- Symlinking: /home/csilab/yolo_ws/install/yolo_msgs/lib/python3.12/site-packages/yolo_msgs/msg/_key_point2_d.py
[13.665s] -- Symlinking: /home/csilab/yolo_ws/install/yolo_msgs/lib/python3.12/site-packages/yolo_msgs/msg/_key_point2_d_array.py
[13.675s] -- Symlinking: /home/csilab/yolo_ws/install/yolo_msgs/lib/python3.12/site-packages/yolo_msgs/msg/_key_point2_d_array_s.c
[13.684s] -- Symlinking: /home/csilab/yolo_ws/install/yolo_msgs/lib/python3.12/site-packages/yolo_msgs/msg/_key_point2_d_s.c
[13.693s] -- Symlinking: /home/csilab/yolo_ws/install/yolo_msgs/lib/python3.12/site-packages/yolo_msgs/msg/_key_point3_d.py
[13.703s] -- Symlinking: /home/csilab/yolo_ws/install/yolo_msgs/lib/python3.12/site-packages/yolo_msgs/msg/_key_point3_d_array.py
[13.713s] -- Symlinking: /home/csilab/yolo_ws/install/yolo_msgs/lib/python3.12/site-packages/yolo_msgs/msg/_key_point3_d_array_s.c
[13.724s] -- Symlinking: /home/csilab/yolo_ws/install/yolo_msgs/lib/python3.12/site-packages/yolo_msgs/msg/_key_point3_d_s.c
[13.734s] -- Symlinking: /home/csilab/yolo_ws/install/yolo_msgs/lib/python3.12/site-packages/yolo_msgs/msg/_mask.py
[13.743s] -- Symlinking: /home/csilab/yolo_ws/install/yolo_msgs/lib/python3.12/site-packages/yolo_msgs/msg/_mask_s.c
[13.753s] -- Symlinking: /home/csilab/yolo_ws/install/yolo_msgs/lib/python3.12/site-packages/yolo_msgs/msg/_point2_d.py
[13.763s] -- Symlinking: /home/csilab/yolo_ws/install/yolo_msgs/lib/python3.12/site-packages/yolo_msgs/msg/_point2_d_s.c
[13.773s] -- Symlinking: /home/csilab/yolo_ws/install/yolo_msgs/lib/python3.12/site-packages/yolo_msgs/msg/_pose2_d.py
[13.783s] -- Symlinking: /home/csilab/yolo_ws/install/yolo_msgs/lib/python3.12/site-packages/yolo_msgs/msg/_pose2_d_s.c
[13.793s] -- Symlinking: /home/csilab/yolo_ws/install/yolo_msgs/lib/python3.12/site-packages/yolo_msgs/msg/_vector2.py
[13.804s] -- Symlinking: /home/csilab/yolo_ws/install/yolo_msgs/lib/python3.12/site-packages/yolo_msgs/msg/_vector2_s.c
[13.813s] -- Symlinking: /home/csilab/yolo_ws/install/yolo_msgs/lib/python3.12/site-packages/yolo_msgs/srv/__init__.py
[13.824s] -- Symlinking: /home/csilab/yolo_ws/install/yolo_msgs/lib/python3.12/site-packages/yolo_msgs/srv/_set_classes.py
[13.834s] -- Symlinking: /home/csilab/yolo_ws/install/yolo_msgs/lib/python3.12/site-packages/yolo_msgs/srv/_set_classes_s.c
[13.845s] -- Symlinking: /home/csilab/yolo_ws/install/yolo_msgs/lib/python3.12/site-packages/yolo_msgs/yolo_msgs_s__rosidl_typesupport_c.so
[13.855s] -- Symlinking: /home/csilab/yolo_ws/install/yolo_msgs/lib/python3.12/site-packages/yolo_msgs/yolo_msgs_s__rosidl_typesupport_fastrtps_c.so
[13.865s] -- Symlinking: /home/csilab/yolo_ws/install/yolo_msgs/lib/python3.12/site-packages/yolo_msgs/yolo_msgs_s__rosidl_typesupport_introspection_c.so
[13.876s] -- Up-to-date symlink: /home/csilab/yolo_ws/install/yolo_msgs/lib/python3.12/site-packages/yolo_msgs/yolo_msgs_s__rosidl_typesupport_fastrtps_c.so
[13.876s] -- Up-to-date symlink: /home/csilab/yolo_ws/install/yolo_msgs/lib/python3.12/site-packages/yolo_msgs/yolo_msgs_s__rosidl_typesupport_introspection_c.so
[13.877s] -- Up-to-date symlink: /home/csilab/yolo_ws/install/yolo_msgs/lib/python3.12/site-packages/yolo_msgs/yolo_msgs_s__rosidl_typesupport_c.so
[13.877s] -- Symlinking: /home/csilab/yolo_ws/install/yolo_msgs/share/ament_index/resource_index/rust_packages/yolo_msgs
[13.888s] -- Symlinking: /home/csilab/yolo_ws/install/yolo_msgs/share/yolo_msgs/rust/Cargo.toml
[13.899s] -- Symlinking: /home/csilab/yolo_ws/install/yolo_msgs/share/yolo_msgs/rust/build.rs
[13.908s] -- Symlinking: /home/csilab/yolo_ws/install/yolo_msgs/share/yolo_msgs/rust/src/lib.rs
[13.919s] -- Symlinking: /home/csilab/yolo_ws/install/yolo_msgs/share/yolo_msgs/rust/src/msg.rs
[13.930s] -- Symlinking: /home/csilab/yolo_ws/install/yolo_msgs/share/yolo_msgs/rust/src/msg/rmw.rs
[13.941s] -- Symlinking: /home/csilab/yolo_ws/install/yolo_msgs/share/yolo_msgs/rust/src/srv.rs
[13.951s] -- Symlinking: /home/csilab/yolo_ws/install/yolo_msgs/share/yolo_msgs/rust/src/srv/rmw.rs
[13.960s] -- Symlinking: /home/csilab/yolo_ws/install/yolo_msgs/share/yolo_msgs/msg/Point2D.idl
[13.970s] -- Symlinking: /home/csilab/yolo_ws/install/yolo_msgs/share/yolo_msgs/msg/Vector2.idl
[13.979s] -- Symlinking: /home/csilab/yolo_ws/install/yolo_msgs/share/yolo_msgs/msg/Pose2D.idl
[13.989s] -- Symlinking: /home/csilab/yolo_ws/install/yolo_msgs/share/yolo_msgs/msg/BoundingBox2D.idl
[14.000s] -- Symlinking: /home/csilab/yolo_ws/install/yolo_msgs/share/yolo_msgs/msg/BoundingBox3D.idl
[14.010s] -- Symlinking: /home/csilab/yolo_ws/install/yolo_msgs/share/yolo_msgs/msg/Mask.idl
[14.022s] -- Symlinking: /home/csilab/yolo_ws/install/yolo_msgs/share/yolo_msgs/msg/KeyPoint2D.idl
[14.032s] -- Symlinking: /home/csilab/yolo_ws/install/yolo_msgs/share/yolo_msgs/msg/KeyPoint2DArray.idl
[14.043s] -- Symlinking: /home/csilab/yolo_ws/install/yolo_msgs/share/yolo_msgs/msg/KeyPoint3D.idl
[14.053s] -- Symlinking: /home/csilab/yolo_ws/install/yolo_msgs/share/yolo_msgs/msg/KeyPoint3DArray.idl
[14.065s] -- Symlinking: /home/csilab/yolo_ws/install/yolo_msgs/share/yolo_msgs/msg/Detection.idl
[14.075s] -- Symlinking: /home/csilab/yolo_ws/install/yolo_msgs/share/yolo_msgs/msg/DetectionArray.idl
[14.084s] -- Symlinking: /home/csilab/yolo_ws/install/yolo_msgs/share/yolo_msgs/srv/SetClasses.idl
[14.093s] -- Symlinking: /home/csilab/yolo_ws/install/yolo_msgs/share/yolo_msgs/msg/Point2D.msg
[14.104s] -- Symlinking: /home/csilab/yolo_ws/install/yolo_msgs/share/yolo_msgs/msg/Vector2.msg
[14.113s] -- Symlinking: /home/csilab/yolo_ws/install/yolo_msgs/share/yolo_msgs/msg/Pose2D.msg
[14.123s] -- Symlinking: /home/csilab/yolo_ws/install/yolo_msgs/share/yolo_msgs/msg/BoundingBox2D.msg
[14.133s] -- Symlinking: /home/csilab/yolo_ws/install/yolo_msgs/share/yolo_msgs/msg/BoundingBox3D.msg
[14.144s] -- Symlinking: /home/csilab/yolo_ws/install/yolo_msgs/share/yolo_msgs/msg/Mask.msg
[14.155s] -- Symlinking: /home/csilab/yolo_ws/install/yolo_msgs/share/yolo_msgs/msg/KeyPoint2D.msg
[14.165s] -- Symlinking: /home/csilab/yolo_ws/install/yolo_msgs/share/yolo_msgs/msg/KeyPoint2DArray.msg
[14.174s] -- Symlinking: /home/csilab/yolo_ws/install/yolo_msgs/share/yolo_msgs/msg/KeyPoint3D.msg
[14.185s] -- Symlinking: /home/csilab/yolo_ws/install/yolo_msgs/share/yolo_msgs/msg/KeyPoint3DArray.msg
[14.194s] -- Symlinking: /home/csilab/yolo_ws/install/yolo_msgs/share/yolo_msgs/msg/Detection.msg
[14.204s] -- Symlinking: /home/csilab/yolo_ws/install/yolo_msgs/share/yolo_msgs/msg/DetectionArray.msg
[14.212s] -- Symlinking: /home/csilab/yolo_ws/install/yolo_msgs/share/yolo_msgs/srv/SetClasses.srv
[14.222s] -- Symlinking: /home/csilab/yolo_ws/install/yolo_msgs/share/ament_index/resource_index/package_run_dependencies/yolo_msgs
[14.232s] -- Symlinking: /home/csilab/yolo_ws/install/yolo_msgs/share/ament_index/resource_index/parent_prefix_path/yolo_msgs
[14.244s] -- Symlinking: /home/csilab/yolo_ws/install/yolo_msgs/share/yolo_msgs/environment/ament_prefix_path.sh
[14.255s] -- Symlinking: /home/csilab/yolo_ws/install/yolo_msgs/share/yolo_msgs/environment/ament_prefix_path.dsv
[14.265s] -- Symlinking: /home/csilab/yolo_ws/install/yolo_msgs/share/yolo_msgs/environment/path.sh
[14.275s] -- Symlinking: /home/csilab/yolo_ws/install/yolo_msgs/share/yolo_msgs/environment/path.dsv
[14.286s] -- Symlinking: /home/csilab/yolo_ws/install/yolo_msgs/share/yolo_msgs/local_setup.bash
[14.294s] -- Symlinking: /home/csilab/yolo_ws/install/yolo_msgs/share/yolo_msgs/local_setup.sh
[14.304s] -- Symlinking: /home/csilab/yolo_ws/install/yolo_msgs/share/yolo_msgs/local_setup.zsh
[14.313s] -- Symlinking: /home/csilab/yolo_ws/install/yolo_msgs/share/yolo_msgs/local_setup.dsv
[14.322s] -- Symlinking: /home/csilab/yolo_ws/install/yolo_msgs/share/yolo_msgs/package.dsv
[14.332s] -- Symlinking: /home/csilab/yolo_ws/install/yolo_msgs/share/ament_index/resource_index/packages/yolo_msgs
[14.343s] -- Symlinking: /home/csilab/yolo_ws/install/yolo_msgs/share/yolo_msgs/cmake/rosidl_cmake-extras.cmake
[14.353s] -- Symlinking: /home/csilab/yolo_ws/install/yolo_msgs/share/yolo_msgs/cmake/ament_cmake_export_dependencies-extras.cmake
[14.361s] -- Symlinking: /home/csilab/yolo_ws/install/yolo_msgs/share/yolo_msgs/cmake/ament_cmake_export_include_directories-extras.cmake
[14.370s] -- Symlinking: /home/csilab/yolo_ws/install/yolo_msgs/share/yolo_msgs/cmake/ament_cmake_export_libraries-extras.cmake
[14.380s] -- Symlinking: /home/csilab/yolo_ws/install/yolo_msgs/share/yolo_msgs/cmake/ament_cmake_export_targets-extras.cmake
[14.391s] -- Symlinking: /home/csilab/yolo_ws/install/yolo_msgs/share/yolo_msgs/cmake/rosidl_cmake_export_typesupport_targets-extras.cmake
[14.401s] -- Symlinking: /home/csilab/yolo_ws/install/yolo_msgs/share/yolo_msgs/cmake/rosidl_cmake_export_typesupport_libraries-extras.cmake
[14.410s] -- Symlinking: /home/csilab/yolo_ws/install/yolo_msgs/share/yolo_msgs/cmake/rosidl_cmake_aggregate_target-extras.cmake
[14.420s] -- Symlinking: /home/csilab/yolo_ws/install/yolo_msgs/share/yolo_msgs/cmake/yolo_msgsConfig.cmake
[14.430s] -- Symlinking: /home/csilab/yolo_ws/install/yolo_msgs/share/yolo_msgs/cmake/yolo_msgsConfig-version.cmake
[14.440s] -- Symlinking: /home/csilab/yolo_ws/install/yolo_msgs/share/yolo_msgs/package.xml
[14.450s] -- Installing: /home/csilab/yolo_ws/install/yolo_msgs/lib/libyolo_msgs__rosidl_generator_c.so
[14.451s] -- Set non-toolchain portion of runtime path of "/home/csilab/yolo_ws/install/yolo_msgs/lib/libyolo_msgs__rosidl_generator_c.so" to ""
[14.451s] -- Installing: /home/csilab/yolo_ws/install/yolo_msgs/lib/libyolo_msgs__rosidl_typesupport_fastrtps_c.so
[14.451s] -- Set non-toolchain portion of runtime path of "/home/csilab/yolo_ws/install/yolo_msgs/lib/libyolo_msgs__rosidl_typesupport_fastrtps_c.so" to ""
[14.451s] -- Installing: /home/csilab/yolo_ws/install/yolo_msgs/lib/libyolo_msgs__rosidl_typesupport_introspection_c.so
[14.452s] -- Set non-toolchain portion of runtime path of "/home/csilab/yolo_ws/install/yolo_msgs/lib/libyolo_msgs__rosidl_typesupport_introspection_c.so" to ""
[14.452s] -- Installing: /home/csilab/yolo_ws/install/yolo_msgs/lib/libyolo_msgs__rosidl_typesupport_c.so
[14.452s] -- Set non-toolchain portion of runtime path of "/home/csilab/yolo_ws/install/yolo_msgs/lib/libyolo_msgs__rosidl_typesupport_c.so" to ""
[14.452s] -- Installing: /home/csilab/yolo_ws/install/yolo_msgs/lib/libyolo_msgs__rosidl_typesupport_fastrtps_cpp.so
[14.452s] -- Set non-toolchain portion of runtime path of "/home/csilab/yolo_ws/install/yolo_msgs/lib/libyolo_msgs__rosidl_typesupport_fastrtps_cpp.so" to ""
[14.453s] -- Installing: /home/csilab/yolo_ws/install/yolo_msgs/lib/libyolo_msgs__rosidl_typesupport_introspection_cpp.so
[14.453s] -- Set non-toolchain portion of runtime path of "/home/csilab/yolo_ws/install/yolo_msgs/lib/libyolo_msgs__rosidl_typesupport_introspection_cpp.so" to ""
[14.453s] -- Installing: /home/csilab/yolo_ws/install/yolo_msgs/lib/libyolo_msgs__rosidl_typesupport_cpp.so
[14.453s] -- Set non-toolchain portion of runtime path of "/home/csilab/yolo_ws/install/yolo_msgs/lib/libyolo_msgs__rosidl_typesupport_cpp.so" to ""
[14.529s] Listing '/home/csilab/yolo_ws/install/yolo_msgs/lib/python3.12/site-packages/yolo_msgs'...
[14.529s] Compiling '/home/csilab/yolo_ws/install/yolo_msgs/lib/python3.12/site-packages/yolo_msgs/__init__.py'...
[14.529s] Listing '/home/csilab/yolo_ws/install/yolo_msgs/lib/python3.12/site-packages/yolo_msgs/msg'...
[14.529s] Compiling '/home/csilab/yolo_ws/install/yolo_msgs/lib/python3.12/site-packages/yolo_msgs/msg/__init__.py'...
[14.529s] Compiling '/home/csilab/yolo_ws/install/yolo_msgs/lib/python3.12/site-packages/yolo_msgs/msg/_bounding_box2_d.py'...
[14.529s] Compiling '/home/csilab/yolo_ws/install/yolo_msgs/lib/python3.12/site-packages/yolo_msgs/msg/_bounding_box3_d.py'...
[14.529s] Compiling '/home/csilab/yolo_ws/install/yolo_msgs/lib/python3.12/site-packages/yolo_msgs/msg/_detection.py'...
[14.529s] Compiling '/home/csilab/yolo_ws/install/yolo_msgs/lib/python3.12/site-packages/yolo_msgs/msg/_detection_array.py'...
[14.529s] Compiling '/home/csilab/yolo_ws/install/yolo_msgs/lib/python3.12/site-packages/yolo_msgs/msg/_key_point2_d.py'...
[14.529s] Compiling '/home/csilab/yolo_ws/install/yolo_msgs/lib/python3.12/site-packages/yolo_msgs/msg/_key_point2_d_array.py'...
[14.530s] Compiling '/home/csilab/yolo_ws/install/yolo_msgs/lib/python3.12/site-packages/yolo_msgs/msg/_key_point3_d.py'...
[14.530s] Compiling '/home/csilab/yolo_ws/install/yolo_msgs/lib/python3.12/site-packages/yolo_msgs/msg/_key_point3_d_array.py'...
[14.530s] Compiling '/home/csilab/yolo_ws/install/yolo_msgs/lib/python3.12/site-packages/yolo_msgs/msg/_mask.py'...
[14.530s] Compiling '/home/csilab/yolo_ws/install/yolo_msgs/lib/python3.12/site-packages/yolo_msgs/msg/_point2_d.py'...
[14.530s] Compiling '/home/csilab/yolo_ws/install/yolo_msgs/lib/python3.12/site-packages/yolo_msgs/msg/_pose2_d.py'...
[14.530s] Compiling '/home/csilab/yolo_ws/install/yolo_msgs/lib/python3.12/site-packages/yolo_msgs/msg/_vector2.py'...
[14.530s] Listing '/home/csilab/yolo_ws/install/yolo_msgs/lib/python3.12/site-packages/yolo_msgs/srv'...
[14.530s] Compiling '/home/csilab/yolo_ws/install/yolo_msgs/lib/python3.12/site-packages/yolo_msgs/srv/__init__.py'...
[14.530s] Compiling '/home/csilab/yolo_ws/install/yolo_msgs/lib/python3.12/site-packages/yolo_msgs/srv/_set_classes.py'...
[14.533s] -- Installing: /home/csilab/yolo_ws/install/yolo_msgs/lib/libyolo_msgs__rosidl_generator_py.so
[14.534s] -- Set non-toolchain portion of runtime path of "/home/csilab/yolo_ws/install/yolo_msgs/lib/libyolo_msgs__rosidl_generator_py.so" to ""
[14.534s] -- Installing: /home/csilab/yolo_ws/install/yolo_msgs/share/yolo_msgs/cmake/export_yolo_msgs__rosidl_generator_cExport.cmake
[14.534s] -- Installing: /home/csilab/yolo_ws/install/yolo_msgs/share/yolo_msgs/cmake/export_yolo_msgs__rosidl_generator_cExport-noconfig.cmake
[14.534s] -- Installing: /home/csilab/yolo_ws/install/yolo_msgs/share/yolo_msgs/cmake/export_yolo_msgs__rosidl_typesupport_fastrtps_cExport.cmake
[14.534s] -- Installing: /home/csilab/yolo_ws/install/yolo_msgs/share/yolo_msgs/cmake/export_yolo_msgs__rosidl_typesupport_fastrtps_cExport-noconfig.cmake
[14.535s] -- Installing: /home/csilab/yolo_ws/install/yolo_msgs/share/yolo_msgs/cmake/yolo_msgs__rosidl_typesupport_introspection_cExport.cmake
[14.535s] -- Installing: /home/csilab/yolo_ws/install/yolo_msgs/share/yolo_msgs/cmake/yolo_msgs__rosidl_typesupport_introspection_cExport-noconfig.cmake
[14.535s] -- Installing: /home/csilab/yolo_ws/install/yolo_msgs/share/yolo_msgs/cmake/yolo_msgs__rosidl_typesupport_cExport.cmake
[14.535s] -- Installing: /home/csilab/yolo_ws/install/yolo_msgs/share/yolo_msgs/cmake/yolo_msgs__rosidl_typesupport_cExport-noconfig.cmake
[14.535s] -- Installing: /home/csilab/yolo_ws/install/yolo_msgs/share/yolo_msgs/cmake/export_yolo_msgs__rosidl_generator_cppExport.cmake
[14.535s] -- Installing: /home/csilab/yolo_ws/install/yolo_msgs/share/yolo_msgs/cmake/export_yolo_msgs__rosidl_typesupport_fastrtps_cppExport.cmake
[14.535s] -- Installing: /home/csilab/yolo_ws/install/yolo_msgs/share/yolo_msgs/cmake/export_yolo_msgs__rosidl_typesupport_fastrtps_cppExport-noconfig.cmake
[14.535s] -- Installing: /home/csilab/yolo_ws/install/yolo_msgs/share/yolo_msgs/cmake/yolo_msgs__rosidl_typesupport_introspection_cppExport.cmake
[14.536s] -- Installing: /home/csilab/yolo_ws/install/yolo_msgs/share/yolo_msgs/cmake/yolo_msgs__rosidl_typesupport_introspection_cppExport-noconfig.cmake
[14.536s] -- Installing: /home/csilab/yolo_ws/install/yolo_msgs/share/yolo_msgs/cmake/yolo_msgs__rosidl_typesupport_cppExport.cmake
[14.536s] -- Installing: /home/csilab/yolo_ws/install/yolo_msgs/share/yolo_msgs/cmake/yolo_msgs__rosidl_typesupport_cppExport-noconfig.cmake
[14.536s] -- Installing: /home/csilab/yolo_ws/install/yolo_msgs/share/yolo_msgs/cmake/export_yolo_msgs__rosidl_generator_pyExport.cmake
[14.536s] -- Installing: /home/csilab/yolo_ws/install/yolo_msgs/share/yolo_msgs/cmake/export_yolo_msgs__rosidl_generator_pyExport-noconfig.cmake
[14.539s] Invoked command in '/home/csilab/yolo_ws/build/yolo_msgs' returned '0': CMAKE_PREFIX_PATH=${CMAKE_PREFIX_PATH}:/opt/ros/jazzy DEBUGINFOD_URLS=https://debuginfod.ubuntu.com /usr/bin/cmake --install /home/csilab/yolo_ws/build/yolo_msgs
