[1.580s] Invoking command in '/home/csilab/yolo_ws/build/nav2_behavior': CMAKE_PREFIX_PATH=/home/csilab/yolo_ws/install/yolo_msgs:/home/csilab/yolo_ws/install/yolo_bringup:/home/csilab/turtlebot3_ws/install/dynamixel_sdk_examples:/home/csilab/turtlebot3_ws/install/dynamixel_sdk_custom_interfaces:/home/csilab/turtlebot3_ws/install/dynamixel_sdk:/opt/ros/jazzy/opt/gz_sim_vendor:/opt/ros/jazzy/opt/gz_sensors_vendor:/opt/ros/jazzy/opt/gz_physics_vendor:/opt/ros/jazzy/opt/sdformat_vendor:/opt/ros/jazzy/opt/gz_gui_vendor:/opt/ros/jazzy/opt/gz_transport_vendor:/opt/ros/jazzy/opt/gz_rendering_vendor:/opt/ros/jazzy/opt/gz_plugin_vendor:/opt/ros/jazzy/opt/gz_fuel_tools_vendor:/opt/ros/jazzy/opt/gz_msgs_vendor:/opt/ros/jazzy/opt/gz_common_vendor:/opt/ros/jazzy/opt/gz_math_vendor:/opt/ros/jazzy/opt/gz_utils_vendor:/opt/ros/jazzy/opt/gz_tools_vendor:/opt/ros/jazzy/opt/gz_ogre_next_vendor:/opt/ros/jazzy/opt/gz_dartsim_vendor:/opt/ros/jazzy/opt/gz_cmake_vendor DEBUGINFOD_URLS=https://debuginfod.ubuntu.com PYTHONPATH=/home/csilab/yolo_ws/build/nav2_behavior/prefix_override:/usr/lib/python3/dist-packages/colcon_core/task/python/colcon_distutils_commands:/home/csilab/yolo_ws/install/nav2_behavior/lib/python3.12/site-packages:/home/csilab/yolo_ws/install/yolo_msgs/lib/python3.12/site-packages:/home/csilab/yolo_ws/build/yolo_ros:/home/csilab/yolo_ws/install/yolo_ros/lib/python3.12/site-packages:/home/csilab/yolo_ws/build/nav2_behavior:/home/csilab/yolo_ws/install/nav2_behavior/lib/python3.12/site-packages:/home/csilab/yolo_ws/build/bottle_behavior:/home/csilab/yolo_ws/install/bottle_behavior/lib/python3.12/site-packages:/home/csilab/turtlebot3_ws/install/dynamixel_sdk_custom_interfaces/lib/python3.12/site-packages:/home/csilab/turtlebot3_ws/install/dynamixel_sdk/lib/python3.12/site-packages:/opt/ros/jazzy/lib/python3.12/site-packages /usr/bin/python3 -W ignore:setup.py install is deprecated -W ignore:easy_install command is deprecated setup.py develop --editable --build-directory /home/csilab/yolo_ws/build/nav2_behavior/build --no-deps symlink_data
[2.068s] running develop
[2.381s] running egg_info
[2.413s] writing nav2_behavior.egg-info/PKG-INFO
[2.413s] writing dependency_links to nav2_behavior.egg-info/dependency_links.txt
[2.413s] writing entry points to nav2_behavior.egg-info/entry_points.txt
[2.414s] writing requirements to nav2_behavior.egg-info/requires.txt
[2.415s] writing top-level names to nav2_behavior.egg-info/top_level.txt
[2.472s] reading manifest file 'nav2_behavior.egg-info/SOURCES.txt'
[2.473s] writing manifest file 'nav2_behavior.egg-info/SOURCES.txt'
[2.502s] running build_ext
[2.503s] Creating /home/csilab/yolo_ws/install/nav2_behavior/lib/python3.12/site-packages/nav2-behavior.egg-link (link to .)
[2.503s] Installing bottle_behavior script to /home/csilab/yolo_ws/install/nav2_behavior/lib/nav2_behavior
[2.503s] Installing bottle_nav script to /home/csilab/yolo_ws/install/nav2_behavior/lib/nav2_behavior
[2.504s] Installing cup_go_multi script to /home/csilab/yolo_ws/install/nav2_behavior/lib/nav2_behavior
[2.504s] Installing cup_go_once script to /home/csilab/yolo_ws/install/nav2_behavior/lib/nav2_behavior
[2.504s] Installing cup_localizer script to /home/csilab/yolo_ws/install/nav2_behavior/lib/nav2_behavior
[2.504s] Installing follow_waypoints script to /home/csilab/yolo_ws/install/nav2_behavior/lib/nav2_behavior
[2.505s] Installing go_to_pose script to /home/csilab/yolo_ws/install/nav2_behavior/lib/nav2_behavior
[2.505s] Installing yolo_reaction script to /home/csilab/yolo_ws/install/nav2_behavior/lib/nav2_behavior
[2.505s] 
[2.505s] Installed /home/csilab/yolo_ws/build/nav2_behavior
[2.505s] running symlink_data
[2.564s] Invoked command in '/home/csilab/yolo_ws/build/nav2_behavior' returned '0': CMAKE_PREFIX_PATH=/home/csilab/yolo_ws/install/yolo_msgs:/home/csilab/yolo_ws/install/yolo_bringup:/home/csilab/turtlebot3_ws/install/dynamixel_sdk_examples:/home/csilab/turtlebot3_ws/install/dynamixel_sdk_custom_interfaces:/home/csilab/turtlebot3_ws/install/dynamixel_sdk:/opt/ros/jazzy/opt/gz_sim_vendor:/opt/ros/jazzy/opt/gz_sensors_vendor:/opt/ros/jazzy/opt/gz_physics_vendor:/opt/ros/jazzy/opt/sdformat_vendor:/opt/ros/jazzy/opt/gz_gui_vendor:/opt/ros/jazzy/opt/gz_transport_vendor:/opt/ros/jazzy/opt/gz_rendering_vendor:/opt/ros/jazzy/opt/gz_plugin_vendor:/opt/ros/jazzy/opt/gz_fuel_tools_vendor:/opt/ros/jazzy/opt/gz_msgs_vendor:/opt/ros/jazzy/opt/gz_common_vendor:/opt/ros/jazzy/opt/gz_math_vendor:/opt/ros/jazzy/opt/gz_utils_vendor:/opt/ros/jazzy/opt/gz_tools_vendor:/opt/ros/jazzy/opt/gz_ogre_next_vendor:/opt/ros/jazzy/opt/gz_dartsim_vendor:/opt/ros/jazzy/opt/gz_cmake_vendor DEBUGINFOD_URLS=https://debuginfod.ubuntu.com PYTHONPATH=/home/csilab/yolo_ws/build/nav2_behavior/prefix_override:/usr/lib/python3/dist-packages/colcon_core/task/python/colcon_distutils_commands:/home/csilab/yolo_ws/install/nav2_behavior/lib/python3.12/site-packages:/home/csilab/yolo_ws/install/yolo_msgs/lib/python3.12/site-packages:/home/csilab/yolo_ws/build/yolo_ros:/home/csilab/yolo_ws/install/yolo_ros/lib/python3.12/site-packages:/home/csilab/yolo_ws/build/nav2_behavior:/home/csilab/yolo_ws/install/nav2_behavior/lib/python3.12/site-packages:/home/csilab/yolo_ws/build/bottle_behavior:/home/csilab/yolo_ws/install/bottle_behavior/lib/python3.12/site-packages:/home/csilab/turtlebot3_ws/install/dynamixel_sdk_custom_interfaces/lib/python3.12/site-packages:/home/csilab/turtlebot3_ws/install/dynamixel_sdk/lib/python3.12/site-packages:/opt/ros/jazzy/lib/python3.12/site-packages /usr/bin/python3 -W ignore:setup.py install is deprecated -W ignore:easy_install command is deprecated setup.py develop --editable --build-directory /home/csilab/yolo_ws/build/nav2_behavior/build --no-deps symlink_data
